00:01.013  blend            | Read blend: "/Users/aaron_7nh0yzm/godwyn-boss-fight/models/astra_character_v2.blend"
[
  {
    "root": 176623,
    "count": 154246,
    "min": [
      -102.09385681152344,
      -78.15505981445312,
      -1.716017723083496
    ],
    "max": [
      102.00675201416016,
      79.8177261352539,
      319.9999694824219
    ],
    "weights": [
      [
        "Hips",
        15042.563163745832
      ],
      [
        "Spine02",
        7847.707379969724
      ],
      [
        "phys_cape_R_06",
        7342.517604933324
      ],
      [
        "phys_cape_L_06",
        7302.68806027605
      ],
      [
        "Spine",
        5877.8602125359275
      ],
      [
        "Head",
        5755.748436720101
      ],
      [
        "phys_robe_side_L_07",
        4488.163566078991
      ],
      [
        "phys_robe_side_R_07",
        4188.41051745892
      ]
    ]
  },
  {
    "root": 12583,
    "count": 1452,
    "min": [
      -9.610346794128418,
      9.371776580810547,
      8.231491088867188
    ],
    "max": [
      0.772333025932312,
      68.81582641601562,
      143.24269104003906
    ],
    "weights": [
      [
        "phys_cape_C_06",
        597.572069877293
      ],
      [
        "phys_cape_C_05",
        282.8933263296494
      ],
      [
        "phys_cape_C_04",
        235.93980164453387
      ],
      [
        "phys_cape_R_06",
        128.90055071981624
      ],
      [
        "phys_cape_C_03",
        84.00598469469696
      ],
      [
        "phys_cape_R_05",
        58.58457471430302
      ],
      [
        "phys_cape_R_04",
        47.34828843129799
      ],
      [
        "phys_cape_R_03",
        16.755420769099146
      ]
    ]
  },
  {
    "root": 105727,
    "count": 779,
    "min": [
      39.010284423828125,
      -24.089025497436523,
      9.173487663269043
    ],
    "max": [
      77.6618881225586,
      -10.047597885131836,
      133.12673950195312
    ],
    "weights": [
      [
        "phys_robe_side_L_07",
        167.36054608412087
      ],
      [
        "phys_robe_side_L_06",
        85.21572645918059
      ],
      [
        "phys_robe_front_L_07",
        84.84709066292271
      ],
      [
        "phys_robe_side_L_05",
        74.96804930921644
      ],
      [
        "phys_robe_side_L_04",
        73.0932656340301
      ],
      [
        "phys_robe_side_L_03",
        58.51282338798046
      ],
      [
        "phys_robe_front_L_06",
        43.840625632728916
      ],
      [
        "phys_robe_front_L_04",
        42.43677479401231
      ]
    ]
  },
  {
    "root": 29703,
    "count": 684,
    "min": [
      -0.6278116106987,
      11.47389030456543,
      7.060439109802246
    ],
    "max": [
      8.259438514709473,
      64.83201599121094,
      129.60421752929688
    ],
    "weights": [
      [
        "phys_cape_C_06",
        307.2801368306391
      ],
      [
        "phys_cape_C_05",
        144.05499313939072
      ],
      [
        "phys_cape_C_04",
        91.99186679394916
      ],
      [
        "phys_cape_L_06",
        70.86728207906708
      ],
      [
        "phys_cape_L_05",
        35.1011862896994
      ],
      [
        "phys_cape_L_04",
        21.43954038945958
      ],
      [
        "phys_cape_C_03",
        10.841610193019733
      ],
      [
        "phys_cape_L_03",
        2.4233898646198213
      ]
    ]
  },
  {
    "root": 47477,
    "count": 552,
    "min": [
      -53.65132141113281,
      7.269535541534424,
      6.7961225509643555
    ],
    "max": [
      -25.903610229492188,
      47.52202224731445,
      132.00242614746094
    ],
    "weights": [
      [
        "phys_cape_R_06",
        355.4684194405854
      ],
      [
        "phys_cape_R_05",
        131.8606488367368
      ],
      [
        "phys_cape_R_04",
        52.63034963971586
      ],
      [
        "phys_robe_back_R_02",
        6.894926507025957
      ],
      [
        "phys_cape_R_03",
        2.6948032012442127
      ],
      [
        "phys_robe_back_R_01",
        2.4508551731705666
      ]
    ]
  },
  {
    "root": 25893,
    "count": 512,
    "min": [
      -43.75017166137695,
      15.276474952697754,
      5.9941816329956055
    ],
    "max": [
      -29.92916488647461,
      54.982540130615234,
      102.97727966308594
    ],
    "weights": [
      [
        "phys_cape_R_06",
        381.1831166746488
      ],
      [
        "phys_cape_R_05",
        114.07005185056187
      ],
      [
        "phys_cape_R_04",
        16.746834067234886
      ]
    ]
  },
  {
    "root": 19406,
    "count": 467,
    "min": [
      32.25926208496094,
      20.524690628051758,
      6.089367866516113
    ],
    "max": [
      47.22976303100586,
      53.02162170410156,
      79.51863861083984
    ],
    "weights": [
      [
        "phys_cape_L_06",
        403.3410859140422
      ],
      [
        "phys_cape_L_05",
        63.05250207698555
      ],
      [
        "phys_cape_L_04",
        0.6064140813832637
      ]
    ]
  },
  {
    "root": 12305,
    "count": 429,
    "min": [
      -8.282258987426758,
      13.674175262451172,
      11.19453239440918
    ],
    "max": [
      -2.416893482208252,
      56.50514602661133,
      115.03435516357422
    ],
    "weights": [
      [
        "phys_cape_C_06",
        189.83723537414335
      ],
      [
        "phys_cape_C_05",
        105.75211895481334
      ],
      [
        "phys_cape_R_06",
        48.915449413470924
      ],
      [
        "phys_cape_C_04",
        46.81761716166511
      ],
      [
        "phys_cape_R_05",
        25.66913785300858
      ],
      [
        "phys_cape_R_04",
        11.177026360761374
      ],
      [
        "phys_cape_C_03",
        0.6799724223092198
      ],
      [
        "phys_cape_R_03",
        0.1514458660967648
      ]
    ]
  },
  {
    "root": 139589,
    "count": 416,
    "min": [
      -47.04721450805664,
      -38.64055252075195,
      204.2195281982422
    ],
    "max": [
      -24.047542572021484,
      -25.218530654907227,
      249.58514404296875
    ],
    "weights": [
      [
        "phys_cape_R_01",
        156.1614166367799
      ],
      [
        "RightArm",
        122.53535958379507
      ],
      [
        "Spine",
        84.5217899363488
      ],
      [
        "phys_cape_R_00",
        38.88723645824939
      ],
      [
        "Spine02",
        12.30595262721181
      ],
      [
        "Hips",
        1.3846279419958591
      ],
      [
        "phys_cape_R_02",
        0.20361670292913914
      ]
    ]
  },
  {
    "root": 28607,
    "count": 362,
    "min": [
      35.006229400634766,
      15.282302856445312,
      6.668519020080566
    ],
    "max": [
      53.91355514526367,
      48.0452766418457,
      69.86345672607422
    ],
    "weights": [
      [
        "phys_cape_L_06",
        322.37247735261917
      ],
      [
        "phys_cape_L_05",
        39.6275235262292
      ]
    ]
  },
  {
    "root": 72110,
    "count": 316,
    "min": [
      -75.15872955322266,
      -5.646735191345215,
      10.390003204345703
    ],
    "max": [
      -38.37288284301758,
      6.896398544311523,
      110.45303344726562
    ],
    "weights": [
      [
        "phys_robe_side_R_07",
        88.97919776884373
      ],
      [
        "phys_robe_side_R_06",
        70.29157576523721
      ],
      [
        "phys_robe_side_R_05",
        65.76456593564944
      ],
      [
        "phys_robe_side_R_04",
        43.758154552429914
      ],
      [
        "phys_robe_back_R_07",
        19.114444201884908
      ],
      [
        "phys_robe_side_R_03",
        18.594711155630648
      ],
      [
        "phys_robe_front_R_04",
        2.695517282583751
      ],
      [
        "phys_robe_front_R_05",
        2.48728344796109
      ]
    ]
  },
  {
    "root": 10378,
    "count": 297,
    "min": [
      -38.901214599609375,
      45.218711853027344,
      11.356612205505371
    ],
    "max": [
      -5.857096195220947,
      66.76124572753906,
      18.342952728271484
    ],
    "weights": [
      [
        "phys_cape_R_06",
        216.44704315066338
      ],
      [
        "phys_cape_C_06",
        80.55295937311894
      ]
    ]
  },
  {
    "root": 147751,
    "count": 289,
    "min": [
      -63.200523376464844,
      -38.405513763427734,
      201.5944061279297
    ],
    "max": [
      -27.028297424316406,
      -0.013658675365149975,
      233.66305541992188
    ],
    "weights": [
      [
        "phys_cape_R_01",
        91.43235874176025
      ],
      [
        "RightArm",
        85.2033633440733
      ],
      [
        "RightForeArm",
        51.36340429261327
      ],
      [
        "Spine",
        32.32797744171694
      ],
      [
        "phys_cape_R_00",
        25.480575910769403
      ],
      [
        "phys_cape_R_02",
        3.192319244146347
      ]
    ]
  },
  {
    "root": 12553,
    "count": 288,
    "min": [
      4.779892921447754,
      44.47065734863281,
      10.723745346069336
    ],
    "max": [
      40.28774642944336,
      68.04653930664062,
      17.438127517700195
    ],
    "weights": [
      [
        "phys_cape_L_06",
        209.32715855538845
      ],
      [
        "phys_cape_C_06",
        78.6728431005613
      ]
    ]
  },
  {
    "root": 119857,
    "count": 277,
    "min": [
      -46.46246337890625,
      -35.821441650390625,
      201.72682189941406
    ],
    "max": [
      -25.875633239746094,
      -19.386871337890625,
      228.96034240722656
    ],
    "weights": [
      [
        "phys_cape_R_01",
        140.79283540695906
      ],
      [
        "RightArm",
        52.39453162625432
      ],
      [
        "RightForeArm",
        44.49613815546036
      ],
      [
        "Spine",
        33.31561002880335
      ],
      [
        "phys_cape_R_00",
        2.5867233984172344
      ],
      [
        "Spine02",
        2.1465237960219383
      ],
      [
        "phys_cape_R_02",
        1.0178239569067955
      ],
      [
        "Hips",
        0.24981417693197727
      ]
    ]
  },
  {
    "root": 36941,
    "count": 269,
    "min": [
      -11.944622993469238,
      8.898640632629395,
      4.915778636932373
    ],
    "max": [
      0.5648429989814758,
      50.597938537597656,
      106.53116607666016
    ],
    "weights": [
      [
        "phys_cape_C_06",
        155.55727577768266
      ],
      [
        "phys_cape_R_06",
        54.82391366083175
      ],
      [
        "phys_cape_C_05",
        37.120801434648456
      ],
      [
        "phys_cape_C_04",
        10.290038700215518
      ],
      [
        "phys_cape_R_05",
        8.886049955130147
      ],
      [
        "phys_cape_R_04",
        2.3219244573265314
      ]
    ]
  },
  {
    "root": 74320,
    "count": 246,
    "min": [
      43.18189239501953,
      -5.5348968505859375,
      10.786208152770996
    ],
    "max": [
      75.10557556152344,
      5.646766185760498,
      90.55972290039062
    ],
    "weights": [
      [
        "phys_robe_side_L_06",
        67.2714297939965
      ],
      [
        "phys_robe_side_L_07",
        66.01001940714195
      ],
      [
        "phys_robe_side_L_05",
        60.17583552422002
      ],
      [
        "phys_robe_side_L_04",
        30.4152230725158
      ],
      [
        "phys_robe_back_L_07",
        13.969060497998726
      ],
      [
        "phys_robe_front_L_05",
        2.164830805588281
      ],
      [
        "phys_robe_side_L_03",
        2.0733060222119093
      ],
      [
        "phys_robe_front_L_04",
        1.9265677526127547
      ]
    ]
  },
  {
    "root": 18107,
    "count": 225,
    "min": [
      48.032615661621094,
      29.68829917907715,
      3.044487237930298
    ],
    "max": [
      88.45059204101562,
      57.495750427246094,
      17.19394874572754
    ],
    "weights": [
      [
        "phys_cape_L_06",
        225.0
      ]
    ]
  },
  {
    "root": 85951,
    "count": 192,
    "min": [
      50.83203887939453,
      -9.667092323303223,
      8.493016242980957
    ],
    "max": [
      73.28583526611328,
      -5.412357807159424,
      39.57523727416992
    ],
    "weights": [
      [
        "phys_robe_side_L_07",
        158.5913309454918
      ],
      [
        "phys_robe_front_L_07",
        26.181570805609226
      ],
      [
        "phys_robe_side_L_06",
        6.021131395289558
      ],
      [
        "phys_robe_front_L_06",
        1.2059687095461413
      ]
    ]
  },
  {
    "root": 149201,
    "count": 189,
    "min": [
      -34.5125617980957,
      -45.41119384765625,
      234.3636474609375
    ],
    "max": [
      -23.450590133666992,
      -27.33194923400879,
      268.9145202636719
    ],
    "weights": [
      [
        "Spine",
        57.58673616684973
      ],
      [
        "Spine01",
        56.541943420656025
      ],
      [
        "RightArm",
        50.804337322711945
      ],
      [
        "Spine02",
        20.189704752527177
      ],
      [
        "phys_cape_R_00",
        3.549755709245801
      ],
      [
        "phys_cape_R_01",
        0.327522330917418
      ]
    ]
  },
  {
    "root": 61952,
    "count": 184,
    "min": [
      -43.42265701293945,
      -1.6146974563598633,
      209.52061462402344
    ],
    "max": [
      -31.456287384033203,
      8.034578323364258,
      242.1915283203125
    ],
    "weights": [
      [
        "phys_cape_R_01",
        76.5097414329648
      ],
      [
        "Spine",
        66.0697921961546
      ],
      [
        "phys_cape_R_00",
        33.51497308164835
      ],
      [
        "Spine02",
        5.521638901904225
      ],
      [
        "RightArm",
        2.383854763582349
      ]
    ]
  },
  {
    "root": 26085,
    "count": 160,
    "min": [
      76.53926849365234,
      17.733055114746094,
      4.056589126586914
    ],
    "max": [
      95.25225067138672,
      32.50092315673828,
      16.09522819519043
    ],
    "weights": [
      [
        "phys_cape_L_06",
        160.0
      ]
    ]
  },
  {
    "root": 123030,
    "count": 139,
    "min": [
      -55.21492004394531,
      -33.20907974243164,
      215.34072875976562
    ],
    "max": [
      -39.044349670410156,
      -9.830999374389648,
      238.53794860839844
    ],
    "weights": [
      [
        "RightArm",
        112.36910220980644
      ],
      [
        "RightForeArm",
        16.89813996758312
      ],
      [
        "phys_cape_R_01",
        5.225390093401074
      ],
      [
        "Spine",
        4.409449712140486
      ],
      [
        "phys_cape_R_00",
        0.09791797533398494
      ]
    ]
  },
  {
    "root": 11891,
    "count": 132,
    "min": [
      39.19412612915039,
      41.60761260986328,
      5.789212226867676
    ],
    "max": [
      52.64498519897461,
      57.446533203125,
      18.177066802978516
    ],
    "weights": [
      [
        "phys_cape_L_06",
        132.0
      ]
    ]
  },
  {
    "root": 13668,
    "count": 124,
    "min": [
      -51.47809600830078,
      42.24665832519531,
      5.709591865539551
    ],
    "max": [
      -39.29266357421875,
      57.53550720214844,
      17.7314453125
    ],
    "weights": [
      [
        "phys_cape_R_06",
        124.0
      ]
    ]
  }
]
Blender 5.2.1 LTS (hash 9e2066aef7ef built 2026-08-25 01:35:57)

Blender quit
