RightArm 340 [[-54.9, -34.8, 214.8], [-50.6, -25.4, 219.9], [-44.5, -11.4, 226.2], [-36.7, 4.3, 233.5], [-15.6, 13.0, 252.1]]
RightForeArm 642 [[-57.0, -25.2, 169.8], [-54.4, -17.3, 181.1], [-47.9, -12.8, 189.7], [-39.6, -8.9, 196.5], [-34.6, -4.4, 205.8]]
RightHand 6015 [[-55.5, -38.2, 99.8], [-48.8, -34.2, 123.0], [-43.3, -27.6, 144.0], [-39.5, -21.2, 153.6], [-34.5, -15.1, 173.6]]
SLICE Right 140 2642 [[-53.2, -38.1, 141.9], [-45.2, -30.7, 147.2], [-38.3, -20.1, 153.6]]
SLICE Right 155 1880 [[-53.6, -36.7, 156.1], [-42.5, -26.2, 162.2], [-35.9, -15.8, 167.3]]
SLICE Right 170 1406 [[-55.1, -31.1, 171.8], [-39.2, -22.8, 178.5], [-32.9, -12.5, 183.8]]
SLICE Right 185 1887 [[-57.2, -27.0, 186.6], [-37.5, -18.9, 191.4], [-31.1, -11.8, 198.9]]
SLICE Right 200 2258 [[-52.8, -34.6, 201.3], [-38.7, -25.8, 206.7], [-31.1, -18.8, 213.6]]
SLICE Right 215 2172 [[-51.9, -34.6, 216.3], [-43.4, -26.3, 221.1], [-32.9, -14.4, 228.1]]
SLICE Right 230 1272 [[-54.7, -39.5, 230.9], [-40.0, -29.8, 235.3], [-32.1, -12.6, 243.0]]
SLICE Right 245 611 [[-46.4, -37.4, 246.3], [-37.7, -30.9, 251.4], [-31.9, -16.5, 257.8]]
SLICE Right 260 476 [[-42.3, -30.1, 261.4], [-35.7, -21.5, 266.6], [-30.9, -11.8, 272.4]]
SLICE Right 275 6 [[-31.9, -16.0, 275.0], [-31.4, -13.4, 275.3], [-30.3, -10.9, 275.4]]
LeftArm 3538 [[21.3, -39.1, 224.7], [33.3, -29.8, 236.2], [39.3, -24.0, 244.4], [44.5, -8.0, 253.7], [50.2, 7.9, 267.2]]
LeftForeArm 549 [[41.1, -49.3, 193.2], [52.3, -43.0, 197.2], [59.0, -35.1, 204.9], [62.7, -26.8, 210.0], [66.3, -19.7, 215.5]]
LeftHand 1616 [[54.1, -77.5, 185.2], [59.6, -75.0, 188.6], [65.2, -72.2, 192.2], [69.3, -67.8, 196.1], [71.9, -63.7, 199.7]]
SLICE Left 140 586 [[32.8, -39.0, 141.7], [38.9, -28.9, 147.3], [41.6, -14.6, 153.6]]
SLICE Left 155 1513 [[32.4, -39.3, 158.3], [38.3, -25.6, 164.5], [40.8, -14.3, 168.6]]
SLICE Left 170 1785 [[32.3, -41.2, 171.3], [35.4, -27.7, 177.3], [39.0, -14.4, 183.2]]
SLICE Left 185 3401 [[42.9, -75.5, 187.3], [61.1, -62.1, 194.1], [70.6, -21.2, 199.0]]
SLICE Left 200 3294 [[37.5, -60.1, 201.1], [57.1, -27.3, 206.7], [64.5, -12.3, 213.7]]
SLICE Left 215 1679 [[31.9, -30.8, 215.9], [47.8, -24.9, 220.6], [58.3, -13.1, 227.4]]
SLICE Left 230 1020 [[32.1, -36.9, 232.0], [39.0, -28.6, 238.8], [49.0, -16.2, 243.3]]
SLICE Left 245 658 [[34.6, -33.1, 246.0], [42.4, -25.5, 251.5], [46.2, -14.3, 258.0]]
SLICE Left 260 503 [[30.9, -27.7, 261.9], [35.8, -20.0, 266.5], [41.7, -12.4, 270.5]]
Traceback (most recent call last):
  File "/Users/aaron_7nh0yzm/godwyn-boss-fight/scripts/astra_character_limb_stats.py", line 10, in <module>
    q=p[mask];print('SLICE',side,lo,len(q),np.quantile(q,[.1,.5,.9],axis=0).round(1).tolist(),flush=True)
                                           ~~~~~~~~~~~^^^^^^^^^^^^^^^^^^^^^
  File "/Applications/Blender.app/Contents/Resources/5.2/python/lib/python3.13/site-packages/numpy/lib/_function_base_impl.py", line 4556, in quantile
    return _quantile_unchecked(
        a, q, axis, out, overwrite_input, method, keepdims, weights)
  File "/Applications/Blender.app/Contents/Resources/5.2/python/lib/python3.13/site-packages/numpy/lib/_function_base_impl.py", line 4569, in _quantile_unchecked
    return _ureduce(a,
                    func=_quantile_ureduce_func,
    ...<5 lines>...
                    overwrite_input=overwrite_input,
                    method=method)
  File "/Applications/Blender.app/Contents/Resources/5.2/python/lib/python3.13/site-packages/numpy/lib/_function_base_impl.py", line 3914, in _ureduce
    r = func(a, **kwargs)
  File "/Applications/Blender.app/Contents/Resources/5.2/python/lib/python3.13/site-packages/numpy/lib/_function_base_impl.py", line 4744, in _quantile_ureduce_func
    result = _quantile(arr,
                       quantiles=q,
    ...<2 lines>...
                       out=out,
                       weights=wgt)
  File "/Applications/Blender.app/Contents/Resources/5.2/python/lib/python3.13/site-packages/numpy/lib/_function_base_impl.py", line 4866, in _quantile
    slices_having_nans = np.isnan(arr[-1, ...])
                                  ~~~^^^^^^^^^
IndexError: index -1 is out of bounds for axis 0 with size 0
Blender 5.2.1 LTS (hash 9e2066aef7ef built 2026-08-25 01:35:57)

Blender quit
