00:01.102  blend            | Read blend: "/Users/aaron_7nh0yzm/godwyn-boss-fight/models/astra_character_v2.blend"
{
  "regions": {
    "gold_source_inset_0px": {
      "source_rgb_encoded": {
        "count": 933069,
        "mean": [
          0.8628223538398743,
          0.7457600831985474,
          0.40646180510520935
        ],
        "median": [
          0.874509871006012,
          0.760784387588501,
          0.40392160415649414
        ],
        "p05": [
          0.7764706611633301,
          0.6823529601097107,
          0.3960784673690796
        ],
        "p95": [
          0.8862745761871338,
          0.7686275243759155,
          0.41960787773132324
        ]
      },
      "round1_rgb_encoded": {
        "count": 3732276,
        "mean": [
          0.7401434779167175,
          0.5885754823684692,
          0.19980588555335999
        ],
        "median": [
          0.8235294818878174,
          0.6509804129600525,
          0.19607844948768616
        ],
        "p05": [
          0.0,
          0.0,
          0.0
        ],
        "p95": [
          0.847058892250061,
          0.686274528503418,
          0.29411765933036804
        ]
      },
      "round1_rgb_linear": {
        "count": 3732276,
        "mean": [
          0.5579729080200195,
          0.3425663411617279,
          0.03717973455786705
        ],
        "median": [
          0.6444798707962036,
          0.3813261091709137,
          0.031896039843559265
        ],
        "p05": [
          0.0,
          0.0,
          0.0
        ],
        "p95": [
          0.6866854429244995,
          0.4286905527114868,
          0.07036010921001434
        ]
      },
      "round1_orm": {
        "count": 3732276,
        "mean": [
          0.7832940220832825,
          0.3612150251865387,
          0.8332116007804871
        ],
        "median": [
          1.0,
          0.3686274588108063,
          0.960784375667572
        ],
        "p05": [
          0.0,
          0.0,
          0.0
        ],
        "p95": [
          1.0,
          0.5372549295425415,
          0.960784375667572
        ]
      },
      "normal_length": {
        "count": 3732276,
        "mean": 0.9994956254959106,
        "median": 1.000015377998352,
        "p05": 0.9952058792114258,
        "p95": 1.0019205808639526
      },
      "blue_in_gold_fraction": 0.011121899880930564,
      "gold_in_robe_fraction": null,
      "low_metallic_on_gold_fraction": 0.20021831182902872
    },
    "gold_source_inset_3px": {
      "source_rgb_encoded": {
        "count": 603553,
        "mean": [
          0.8744758367538452,
          0.7571365237236023,
          0.40618881583213806
        ],
        "median": [
          0.8784314393997192,
          0.760784387588501,
          0.40392160415649414
        ],
        "p05": [
          0.8666667342185974,
          0.7529412508010864,
          0.3960784673690796
        ],
        "p95": [
          0.8862745761871338,
          0.7686275243759155,
          0.41568630933761597
        ]
      },
      "round1_rgb_encoded": {
        "count": 2414212,
        "mean": [
          0.7862071394920349,
          0.6178274154663086,
          0.20125806331634521
        ],
        "median": [
          0.8274510502815247,
          0.658823549747467,
          0.20000001788139343
        ],
        "p05": [
          0.6745098233222961,
          0.5411764979362488,
          0.1568627506494522
        ],
        "p95": [
          0.847058892250061,
          0.686274528503418,
          0.2862745225429535
        ]
      },
      "round1_rgb_linear": {
        "count": 2414212,
        "mean": [
          0.5944271683692932,
          0.36416491866111755,
          0.035763274878263474
        ],
        "median": [
          0.6514058113098145,
          0.3915725648403168,
          0.03310477361083031
        ],
        "p05": [
          0.4125427007675171,
          0.25415217876434326,
          0.021219009533524513
        ],
        "p95": [
          0.6866854429244995,
          0.4286905527114868,
          0.06662595272064209
        ]
      },
      "round1_orm": {
        "count": 2414212,
        "mean": [
          0.857620120048523,
          0.3575724959373474,
          0.8647534847259521
        ],
        "median": [
          1.0,
          0.35686275362968445,
          0.960784375667572
        ],
        "p05": [
          0.0,
          0.24705883860588074,
          0.20000001788139343
        ],
        "p95": [
          1.0,
          0.4901961088180542,
          0.960784375667572
        ]
      },
      "normal_length": {
        "count": 2414212,
        "mean": 0.9997338652610779,
        "median": 1.000015377998352,
        "p05": 0.996688187122345,
        "p95": 1.002104640007019
      },
      "blue_in_gold_fraction": 0.003361345233972824,
      "gold_in_robe_fraction": null,
      "low_metallic_on_gold_fraction": 0.15369362756874708
    },
    "gold_source_inset_8px": {
      "source_rgb_encoded": {
        "count": 353525,
        "mean": [
          0.8755166530609131,
          0.7603732347488403,
          0.4056905508041382
        ],
        "median": [
          0.8784314393997192,
          0.760784387588501,
          0.40392160415649414
        ],
        "p05": [
          0.8705883026123047,
          0.7529412508010864,
          0.3960784673690796
        ],
        "p95": [
          0.8862745761871338,
          0.7686275243759155,
          0.41568630933761597
        ]
      },
      "round1_rgb_encoded": {
        "count": 1414100,
        "mean": [
          0.7853559851646423,
          0.6343764066696167,
          0.2043524980545044
        ],
        "median": [
          0.8274510502815247,
          0.658823549747467,
          0.20000001788139343
        ],
        "p05": [
          0.6823529601097107,
          0.5490196347236633,
          0.16470588743686676
        ],
        "p95": [
          0.8431373238563538,
          0.686274528503418,
          0.29019609093666077
        ]
      },
      "round1_rgb_linear": {
        "count": 1414100,
        "mean": [
          0.6108247637748718,
          0.3702548146247864,
          0.03633660823106766
        ],
        "median": [
          0.6514058113098145,
          0.3915725648403168,
          0.03310477361083031
        ],
        "p05": [
          0.42326775193214417,
          0.26225072145462036,
          0.023153364658355713
        ],
        "p95": [
          0.679542601108551,
          0.4286905527114868,
          0.06847818195819855
        ]
      },
      "round1_orm": {
        "count": 1414100,
        "mean": [
          0.9080657958984375,
          0.35536298155784607,
          0.8478214144706726
        ],
        "median": [
          1.0,
          0.35686275362968445,
          0.960784375667572
        ],
        "p05": [
          0.501960813999176,
          0.25882354378700256,
          0.20000001788139343
        ],
        "p95": [
          1.0,
          0.4705882668495178,
          0.960784375667572
        ]
      },
      "normal_length": {
        "count": 1414100,
        "mean": 0.9999260306358337,
        "median": 1.000015377998352,
        "p05": 0.9973668456077576,
        "p95": 1.0022274255752563
      },
      "blue_in_gold_fraction": 0.0011434834877307122,
      "gold_in_robe_fraction": null,
      "low_metallic_on_gold_fraction": 0.15654055583056362
    },
    "robe_source_inset_0px": {
      "source_rgb_encoded": {
        "count": 1728574,
        "mean": [
          0.009691284038126469,
          0.20834706723690033,
          0.5064677000045776
        ],
        "median": [
          0.0,
          0.2039215862751007,
          0.5176470875740051
        ],
        "p05": [
          0.0,
          0.2039215862751007,
          0.4901961088180542
        ],
        "p95": [
          0.05098039656877518,
          0.21176472306251526,
          0.5176470875740051
        ]
      },
      "round1_rgb_encoded": {
        "count": 6914296,
        "mean": [
          0.1136840358376503,
          0.13237512111663818,
          0.3116755783557892
        ],
        "median": [
          0.10196079313755035,
          0.1411764770746231,
          0.33725491166114807
        ],
        "p05": [
          0.0,
          0.0,
          0.0
        ],
        "p95": [
          0.12156863510608673,
          0.14901961386203766,
          0.35686275362968445
        ]
      },
      "round1_rgb_linear": {
        "count": 6914296,
        "mean": [
          0.020881004631519318,
          0.022038551047444344,
          0.08291512727737427
        ],
        "median": [
          0.01032982300966978,
          0.017641952261328697,
          0.0930589810013771
        ],
        "p05": [
          0.0,
          0.0,
          0.0
        ],
        "p95": [
          0.013702080585062504,
          0.019382361322641373,
          0.10461649298667908
        ]
      },
      "round1_orm": {
        "count": 6914296,
        "mean": [
          0.6064178943634033,
          0.720379114151001,
          0.015951398760080338
        ],
        "median": [
          0.7411764860153198,
          0.7882353663444519,
          0.0
        ],
        "p05": [
          0.0,
          0.0,
          0.0
        ],
        "p95": [
          1.0,
          0.9058824181556702,
          0.0
        ]
      },
      "normal_length": {
        "count": 6914296,
        "mean": 0.9998624324798584,
        "median": 1.0002614259719849,
        "p05": 0.9934736490249634,
        "p95": 1.0033929347991943
      },
      "blue_in_gold_fraction": null,
      "gold_in_robe_fraction": 0.01357997979837716,
      "low_metallic_on_gold_fraction": null
    },
    "robe_source_inset_3px": {
      "source_rgb_encoded": {
        "count": 1300448,
        "mean": [
          0.0004320757871028036,
          0.20340438187122345,
          0.5182316303253174
        ],
        "median": [
          0.0,
          0.2039215862751007,
          0.5176470875740051
        ],
        "p05": [
          0.0,
          0.2039215862751007,
          0.5176470875740051
        ],
        "p95": [
          0.0,
          0.2039215862751007,
          0.5176470875740051
        ]
      },
      "round1_rgb_encoded": {
        "count": 5201792,
        "mean": [
          0.10025181621313095,
          0.13081762194633484,
          0.3322100341320038
        ],
        "median": [
          0.10196079313755035,
          0.1411764770746231,
          0.34117648005485535
        ],
        "p05": [
          0.0,
          0.0,
          0.0
        ],
        "p95": [
          0.12156863510608673,
          0.14509804546833038,
          0.35686275362968445
        ]
      },
      "round1_rgb_linear": {
        "count": 5201792,
        "mean": [
          0.010869606398046017,
          0.016649682074785233,
          0.0890149399638176
        ],
        "median": [
          0.01032982300966978,
          0.017641952261328697,
          0.09530748426914215
        ],
        "p05": [
          0.0,
          0.0,
          0.0
        ],
        "p95": [
          0.013702080585062504,
          0.01850021816790104,
          0.10461649298667908
        ]
      },
      "round1_orm": {
        "count": 5201792,
        "mean": [
          0.6622818112373352,
          0.7519720196723938,
          0.000948228407651186
        ],
        "median": [
          1.0,
          0.7921569347381592,
          0.0
        ],
        "p05": [
          0.0,
          0.0,
          0.0
        ],
        "p95": [
          1.0,
          0.9058824181556702,
          0.0
        ]
      },
      "normal_length": {
        "count": 5201792,
        "mean": 1.0000461339950562,
        "median": 1.0003843307495117,
        "p05": 0.9952058792114258,
        "p95": 1.0034542083740234
      },
      "blue_in_gold_fraction": null,
      "gold_in_robe_fraction": 0.0008350968281699845,
      "low_metallic_on_gold_fraction": null
    },
    "robe_source_inset_8px": {
      "source_rgb_encoded": {
        "count": 922607,
        "mean": [
          9.179355402011424e-05,
          0.2032139003276825,
          0.5230497121810913
        ],
        "median": [
          0.0,
          0.2039215862751007,
          0.5176470875740051
        ],
        "p05": [
          0.0,
          0.2039215862751007,
          0.5176470875740051
        ],
        "p95": [
          0.0,
          0.2039215862751007,
          0.5176470875740051
        ]
      },
      "round1_rgb_encoded": {
        "count": 3690428,
        "mean": [
          0.09970216453075409,
          0.13539285957813263,
          0.3325393795967102
        ],
        "median": [
          0.10196079313755035,
          0.1411764770746231,
          0.3450980484485626
        ],
        "p05": [
          0.09019608050584793,
          0.12941177189350128,
          0.3019607961177826
        ],
        "p95": [
          0.12156863510608673,
          0.14509804546833038,
          0.3607843220233917
        ]
      },
      "round1_rgb_linear": {
        "count": 3690428,
        "mean": [
          0.010266033932566643,
          0.01685083471238613,
          0.09112639725208282
        ],
        "median": [
          0.01032982300966978,
          0.017641952261328697,
          0.09758736193180084
        ],
        "p05": [
          0.00856812484562397,
          0.015208514407277107,
          0.07421357929706573
        ],
        "p95": [
          0.013702080585062504,
          0.01850021816790104,
          0.10702311247587204
        ]
      },
      "round1_orm": {
        "count": 3690428,
        "mean": [
          0.7126186490058899,
          0.7605692744255066,
          0.00014251930406317115
        ],
        "median": [
          1.0,
          0.7882353663444519,
          0.0
        ],
        "p05": [
          0.0,
          0.7058823704719543,
          0.0
        ],
        "p95": [
          1.0,
          0.9019608497619629,
          0.0
        ]
      },
      "normal_length": {
        "count": 3690428,
        "mean": 1.0002024173736572,
        "median": 1.0005688667297363,
        "p05": 0.9962560534477234,
        "p95": 1.0034542083740234
      },
      "blue_in_gold_fraction": null,
      "gold_in_robe_fraction": 0.00013521466886767605,
      "low_metallic_on_gold_fraction": null
    }
  },
  "uv_layers": [
    {
      "name": "UVMap",
      "active_render": true,
      "range_min": [
        0.0,
        0.0
      ],
      "range_max": [
        0.9964240193367004,
        1.0
      ]
    }
  ],
  "round1_bake_settings": {
    "margin": 12,
    "margin_type": "ADJACENT_FACES",
    "selected_to_active": false,
    "cage": false
  },
  "scene": {
    "engine": "BLENDER_EEVEE",
    "exposure": -0.3499999940395355,
    "view_transform": "AgX",
    "camera": "Astra evaluation camera",
    "lights": [
      {
        "name": "Astra face",
        "energy": 110.0,
        "color": [
          1.0,
          0.949999988079071,
          0.8399999737739563
        ]
      },
      {
        "name": "Astra fill",
        "energy": 680.0,
        "color": [
          0.5199999809265137,
          0.6499999761581421,
          1.0
        ]
      },
      {
        "name": "Astra key",
        "energy": 1350.0,
        "color": [
          1.0,
          0.9200000166893005,
          0.6000000238418579
        ]
      },
      {
        "name": "Astra rim",
        "energy": 1650.0,
        "color": [
          1.0,
          0.800000011920929,
          0.4300000071525574
        ]
      }
    ]
  }
}
Blender 5.2.1 LTS (hash 9e2066aef7ef built 2026-08-25 01:35:57)

Blender quit
