{
  "method": "PNG bytes explicitly sRGB-decoded for base color; ORM/normal decoded as linear data. Seven barycentric bilinear samples per selected surface triangle, plus 2x/4x/8x mip stress of isolated gold atlas.",
  "gold": {
    "surface_faces": 90475,
    "all_surface_linear_base": {
      "count": 633325,
      "mean": [
        0.5146200656890869,
        0.32929477095603943,
        0.09397216886281967
      ],
      "median": [
        0.479320228099823,
        0.3005438446998596,
        0.0802198275923729
      ],
      "p05": [
        0.479320228099823,
        0.3005438446998596,
        0.0802198275923729
      ],
      "p95": [
        0.6239604353904724,
        0.4279348850250244,
        0.13286833465099335
      ]
    },
    "all_surface_orm": {
      "count": 633325,
      "mean": [
        0.8696670532226562,
        0.4192275404930115,
        1.0
      ],
      "median": [
        0.9485676288604736,
        0.3879825174808502,
        1.0
      ],
      "p05": [
        0.44297346472740173,
        0.21568629145622253,
        1.0
      ],
      "p95": [
        1.0,
        0.6866803169250488,
        1.0
      ]
    },
    "core_linear_base": {
      "count": 633325,
      "mean": [
        0.5146200656890869,
        0.32929477095603943,
        0.09397216886281967
      ],
      "median": [
        0.479320228099823,
        0.3005438446998596,
        0.0802198275923729
      ],
      "p05": [
        0.479320228099823,
        0.3005438446998596,
        0.0802198275923729
      ],
      "p95": [
        0.6239604353904724,
        0.4279348850250244,
        0.13286833465099335
      ]
    },
    "core_orm": {
      "count": 633325,
      "mean": [
        0.8696670532226562,
        0.4192275404930115,
        1.0
      ],
      "median": [
        0.9485676288604736,
        0.3879825174808502,
        1.0
      ],
      "p05": [
        0.44297346472740173,
        0.21568629145622253,
        1.0
      ],
      "p95": [
        1.0,
        0.6866803169250488,
        1.0
      ]
    },
    "normal_length": {
      "count": 633325,
      "mean": 0.9999870657920837,
      "median": 1.000015377998352,
      "p05": 1.000015377998352,
      "p95": 1.0000206232070923
    },
    "normal_rgb": {
      "count": 633325,
      "mean": [
        0.5005769729614258,
        0.5005892515182495,
        0.999966561794281
      ],
      "median": [
        0.501960813999176,
        0.501960813999176,
        1.0
      ],
      "p05": [
        0.501960813999176,
        0.501960813999176,
        1.0
      ],
      "p95": [
        0.501960813999176,
        0.501960813999176,
        1.0
      ]
    },
    "blue_contaminated_samples": 0,
    "blue_contamination_fraction": 0.0,
    "fully_metallic_fraction": 1.0,
    "mip_blue_fractions": {
      "2": 0.0,
      "4": 0.0,
      "8": 0.0
    },
    "source_region_inset3_linear": {
      "count": 2413936,
      "mean": [
        0.5302366614341736,
        0.3427826166152954,
        0.09455885738134384
      ],
      "median": [
        0.479320228099823,
        0.3005438446998596,
        0.0802198275923729
      ],
      "p05": [
        0.479320228099823,
        0.3005438446998596,
        0.0802198275923729
      ],
      "p95": [
        0.6172066330909729,
        0.4178851544857025,
        0.1247718408703804
      ]
    },
    "source_region_inset3_orm": {
      "count": 2413936,
      "mean": [
        0.8819433450698853,
        0.41761669516563416,
        1.0
      ],
      "median": [
        0.9647058844566345,
        0.3843137323856354,
        1.0
      ],
      "p05": [
        0.3960784375667572,
        0.21568627655506134,
        1.0
      ],
      "p95": [
        1.0,
        0.6901960968971252,
        1.0
      ]
    }
  },
  "robe": {
    "surface_faces": 127175,
    "all_surface_linear_base": {
      "count": 890225,
      "mean": [
        0.12199994176626205,
        0.14339414238929749,
        0.3310708701610565
      ],
      "median": [
        0.0802198275923729,
        0.11953843384981155,
        0.3515326976776123
      ],
      "p05": [
        0.0802198201417923,
        0.11953842639923096,
        0.15896086394786835
      ],
      "p95": [
        0.590618908405304,
        0.4125427007675171,
        0.3515326976776123
      ]
    },
    "all_surface_orm": {
      "count": 890225,
      "mean": [
        0.6338281035423279,
        0.60242760181427,
        0.08211661875247955
      ],
      "median": [
        0.6641209125518799,
        0.6289645433425903,
        0.0
      ],
      "p05": [
        0.13585279881954193,
        0.3217611014842987,
        0.0
      ],
      "p95": [
        1.0,
        0.6438732147216797,
        1.0
      ]
    },
    "core_linear_base": {
      "count": 804961,
      "mean": [
        0.08100181072950363,
        0.11948864161968231,
        0.3466702997684479
      ],
      "median": [
        0.0802198275923729,
        0.11953843384981155,
        0.3515326976776123
      ],
      "p05": [
        0.0802198201417923,
        0.11953842639923096,
        0.3467040956020355
      ],
      "p95": [
        0.0802198275923729,
        0.12213879823684692,
        0.3515326976776123
      ]
    },
    "core_orm": {
      "count": 804961,
      "mean": [
        0.6313660144805908,
        0.6292141675949097,
        2.3651638912269846e-05
      ],
      "median": [
        0.6555240750312805,
        0.6300449967384338,
        0.0
      ],
      "p05": [
        0.13888747990131378,
        0.6157416105270386,
        0.0
      ],
      "p95": [
        1.0,
        0.6442649364471436,
        0.0
      ]
    },
    "normal_length": {
      "count": 890225,
      "mean": 0.9998483657836914,
      "median": 1.000015377998352,
      "p05": 1.000015377998352,
      "p95": 1.000015377998352
    },
    "normal_rgb": {
      "count": 890225,
      "mean": [
        0.5004276633262634,
        0.5004286170005798,
        0.9998461008071899
      ],
      "median": [
        0.501960813999176,
        0.501960813999176,
        1.0
      ],
      "p05": [
        0.501960813999176,
        0.501960813999176,
        1.0
      ],
      "p95": [
        0.501960813999176,
        0.501960813999176,
        1.0
      ]
    },
    "core_median_delta_from_spec": [
      0.00021982759237289262,
      -0.0004615661501884416,
      0.001532697677612327
    ],
    "core_median_relative_error": [
      0.0027478449046611578,
      0.00384638458490368,
      0.0043791362217495055
    ],
    "source_region_inset3_linear": {
      "count": 5122998,
      "mean": [
        0.08406346291303635,
        0.12372340261936188,
        0.3661971390247345
      ],
      "median": [
        0.0802198275923729,
        0.11953843384981155,
        0.3515326976776123
      ],
      "p05": [
        0.0802198275923729,
        0.11953843384981155,
        0.3467040956020355
      ],
      "p95": [
        0.0802198275923729,
        0.12213879823684692,
        0.3515326976776123
      ]
    },
    "source_region_inset3_orm": {
      "count": 5122998,
      "mean": [
        0.7014910578727722,
        0.6418609619140625,
        7.585983894387027e-07
      ],
      "median": [
        0.8156862854957581,
        0.6313725709915161,
        0.0
      ],
      "p05": [
        0.125490203499794,
        0.6078431606292725,
        0.0
      ],
      "p95": [
        1.0,
        0.6509804129600525,
        0.0
      ]
    }
  },
  "sword_map_sha256_preserved": {
    "basecolor": "caeb5aa600a0ce4690e0975ed29b782583dbb9aaf00230a2f6cf9baa9d353f5d",
    "orm": "fdb9a5d31fc2922e4de7bdb90d8c43046effe3fd50700c175984d0642316f569",
    "normal": "ed57ae7142de16b3696fff60a4752f2c247f14613219034798d9c3b526375d4f"
  }
}
