00:01.135  blend            | Read blend: "/Users/aaron_7nh0yzm/godwyn-boss-fight/models/astra_character_v2.blend"
LOCAL CYCLES GPU ['Apple M1 Pro (GPU - 14 cores)']
Info: Saved as "astra_character_v2.blend"
21:21:42 | INFO: Data are loaded, start creating Blender stuff
21:21:42 | INFO: Blender create Mesh node Astra tailored inner sleeve surface
21:21:42 | INFO: Blender create Mesh node AstraChar2_Cornea_L
21:21:42 | INFO: Blender create Mesh node AstraChar2_Cornea_R
21:21:42 | INFO: Blender create Mesh node Sphere
21:21:42 | INFO: Blender create Mesh node Sphere.003
21:21:42 | INFO: Blender create Mesh node AstraChar2_Eyebrows_L
21:21:42 | INFO: Blender create Mesh node AstraChar2_Eyebrows_R
21:21:42 | INFO: Blender create Mesh node AstraChar2_Iris_L
21:21:42 | INFO: Blender create Mesh node AstraChar2_Iris_R
21:21:43 | INFO: Blender create Mesh node AstraChar2_Lashes_L
21:21:43 | INFO: Blender create Mesh node AstraChar2_Lashes_R
21:21:43 | INFO: Blender create Mesh node Sphere.002
21:21:43 | INFO: Blender create Mesh node Sphere.005
21:21:43 | INFO: Blender create Mesh node AstraChar2_Pupil_L
21:21:43 | INFO: Blender create Mesh node AstraChar2_Pupil_R
21:21:43 | INFO: Blender create Mesh node Sphere.001
21:21:43 | INFO: Blender create Mesh node Sphere.004
21:21:43 | INFO: Blender create Mesh node AstraChar2_Wetline_L
21:21:43 | INFO: Blender create Mesh node AstraChar2_Wetline_R
21:21:43 | INFO: Blender create Mesh node AstraChar2 refined char1
21:21:44 | INFO: Blender create Mesh node Godwyn_Sword.001
21:21:44 | INFO: glTF import finished in 2.19s
LOCAL CYCLES GPU ['Apple M1 Pro (GPU - 14 cores)']
00:16.718  render           | Saved: '/Users/aaron_7nh0yzm/godwyn-boss-fight/renders/astra/char2/glb_check_face.png'
RENDERED glb_check face
Blender 5.2.1 LTS (hash 9e2066aef7ef built 2026-08-25 01:35:57)

Blender quit
