Traceback (most recent call last):
  File "/usr/share/blender/5.2/scripts/modules/addon_utils.py", line 543, in enable
    mod.register()
    ~~~~~~~~~~~~^^
  File "/usr/share/blender/5.2/scripts/addons_core/bl_pkg/__init__.py", line 986, in register
    _remote_asset_library_restore_backups()
    ~~~~~~~~~~~~~~~~~~~~~~~~~~~~~~~~~~~~~^^
  File "/usr/share/blender/5.2/scripts/addons_core/bl_pkg/__init__.py", line 580, in _remote_asset_library_restore_backups
    from _bpy_internal.assets.remote_library import listing_downloader
  File "/usr/share/blender/5.2/scripts/modules/_bpy_internal/assets/remote_library/listing_downloader.py", line 32, in <module>
    from _bpy_internal.http import downloader as http_dl
  File "/usr/share/blender/5.2/scripts/modules/_bpy_internal/http/downloader.py", line 51, in <module>
    import cattrs
ModuleNotFoundError: No module named 'cattrs'
00:00.353  blend            | Read blend: "/home/aaron/godwyn-boss-fight/models/astra_character_v2.blend"
00:16.090  cycles           | WARNING HIPEW initialization failed: Error opening HIP dynamic library
/home/aaron/godwyn-boss-fight/scripts/astra_likeness_rising_spin.py:159: DeprecationWarning: 'World.use_nodes' is expected to be removed in Blender 6.0
  world.use_nodes = True
00:42.695  render           | Saved: '/home/aaron/godwyn-boss-fight/renders/astra/char2/likeness_rising_spin_f040.png'
Exception in module register(): /usr/share/blender/5.2/scripts/addons_core/bl_pkg/__init__.py
LIKENESS_RISING_SPIN_PASS {"animation": "models/astra_move_rising_spin_v2_wip.blend", "published_character": "models/astra_character_v2.blend", "frame": 40, "reason": "Existing exact blade-to-head minimum frame from the rehost audit.", "blade_head_exact_triangle_overlaps": 0, "blade_head_exact_sampled_surface_distance_m": 0.0014493854250758886, "blade_hair_exact_sampled_surface_clearance_m": 0.01756154219806194, "hair_fiber_radius_assumption_m": 0.002, "hair_control_points_sampled": 45532, "assembly_rest_transform_max_error": 0.0, "bones": 121, "optix_devices": [["NVIDIA GeForce RTX 3060 Ti", "OPTIX"], ["NVIDIA GeForce RTX 3060 Ti", "OPTIX"]], "image": "renders/astra/char2/likeness_rising_spin_f040.png"}
Blender 5.2.0 LTS (hash fbe6228777e7 built 2026-07-15 11:48:12)

Blender quit
