Traceback (most recent call last):
  File "/usr/share/blender/5.2/scripts/modules/addon_utils.py", line 543, in enable
    mod.register()
    ~~~~~~~~~~~~^^
  File "/usr/share/blender/5.2/scripts/addons_core/bl_pkg/__init__.py", line 986, in register
    _remote_asset_library_restore_backups()
    ~~~~~~~~~~~~~~~~~~~~~~~~~~~~~~~~~~~~~^^
  File "/usr/share/blender/5.2/scripts/addons_core/bl_pkg/__init__.py", line 580, in _remote_asset_library_restore_backups
    from _bpy_internal.assets.remote_library import listing_downloader
  File "/usr/share/blender/5.2/scripts/modules/_bpy_internal/assets/remote_library/listing_downloader.py", line 32, in <module>
    from _bpy_internal.http import downloader as http_dl
  File "/usr/share/blender/5.2/scripts/modules/_bpy_internal/http/downloader.py", line 51, in <module>
    import cattrs
ModuleNotFoundError: No module named 'cattrs'
00:00.405  blend            | Read blend: "/home/aaron/godwyn-boss-fight/models/astra_character_v2_mpfb_surface_finish_i03.blend"
/home/aaron/godwyn-boss-fight/scripts/astra_likeness_build.py:133: DeprecationWarning: 'Material.use_nodes' is expected to be removed in Blender 6.0
  mat.use_nodes = True
/home/aaron/godwyn-boss-fight/scripts/astra_likeness_build.py:258: DeprecationWarning: 'Material.use_nodes' is expected to be removed in Blender 6.0
  mat.use_nodes = True
/home/aaron/godwyn-boss-fight/scripts/astra_likeness_build.py:32: DeprecationWarning: 'Material.use_nodes' is expected to be removed in Blender 6.0
  mat.use_nodes = True
/home/aaron/godwyn-boss-fight/scripts/astra_likeness_build.py:436: DeprecationWarning: 'Material.use_nodes' is expected to be removed in Blender 6.0
  iris.use_nodes = True
Exception in module register(): /usr/share/blender/5.2/scripts/addons_core/bl_pkg/__init__.py
Info: Saved as "astra_character_v2_likeness_i06.blend"
LIKENESS_BUILD_PASS /home/aaron/godwyn-boss-fight/models/astra_character_v2_likeness_i06.blend
Blender 5.2.0 LTS (hash fbe6228777e7 built 2026-07-15 11:48:12)

Blender quit
