The 'bl_ext.user_default.mpfb' addon does not exist!?
The 'bl_ext.user_default.mpfb' addon does not exist!?
[INFO ] services.locationservice ...............: Not adding link to MakeHuman user data, since neither explicit path nor auto-discovery is set in preferences.
The 'bl_ext.user_default.mpfb' addon does not exist!?
[INFO ] mpfb.init ..............................: Build info FROM_SOURCE
The 'bl_ext.user_default.mpfb' addon does not exist!?
The 'bl_ext.user_default.mpfb' addon does not exist!?
The 'bl_ext.user_default.mpfb' addon does not exist!?
The 'bl_ext.user_default.mpfb' addon does not exist!?
The 'bl_ext.user_default.mpfb' addon does not exist!?
The 'bl_ext.user_default.mpfb' addon does not exist!?
The 'bl_ext.user_default.mpfb' addon does not exist!?
The 'bl_ext.user_default.mpfb' addon does not exist!?
The 'bl_ext.user_default.mpfb' addon does not exist!?
The 'bl_ext.user_default.mpfb' addon does not exist!?
The 'bl_ext.user_default.mpfb' addon does not exist!?
The 'bl_ext.user_default.mpfb' addon does not exist!?
The 'bl_ext.user_default.mpfb' addon does not exist!?
The 'bl_ext.user_default.mpfb' addon does not exist!?
The 'bl_ext.user_default.mpfb' addon does not exist!?
The 'bl_ext.user_default.mpfb' addon does not exist!?
The 'bl_ext.user_default.mpfb' addon does not exist!?
The 'bl_ext.user_default.mpfb' addon does not exist!?
The 'bl_ext.user_default.mpfb' addon does not exist!?
The 'bl_ext.user_default.mpfb' addon does not exist!?
The 'bl_ext.user_default.mpfb' addon does not exist!?
The 'bl_ext.user_default.mpfb' addon does not exist!?
The 'bl_ext.user_default.mpfb' addon does not exist!?
The 'bl_ext.user_default.mpfb' addon does not exist!?
The 'bl_ext.user_default.mpfb' addon does not exist!?
The 'bl_ext.user_default.mpfb' addon does not exist!?
The 'bl_ext.user_default.mpfb' addon does not exist!?
The 'bl_ext.user_default.mpfb' addon does not exist!?
The 'bl_ext.user_default.mpfb' addon does not exist!?
The 'bl_ext.user_default.mpfb' addon does not exist!?
The 'bl_ext.user_default.mpfb' addon does not exist!?
The 'bl_ext.user_default.mpfb' addon does not exist!?
The 'bl_ext.user_default.mpfb' addon does not exist!?
The 'bl_ext.user_default.mpfb' addon does not exist!?
The 'bl_ext.user_default.mpfb' addon does not exist!?
The 'bl_ext.user_default.mpfb' addon does not exist!?
The 'bl_ext.user_default.mpfb' addon does not exist!?
The 'bl_ext.user_default.mpfb' addon does not exist!?
The 'bl_ext.user_default.mpfb' addon does not exist!?
The 'bl_ext.user_default.mpfb' addon does not exist!?
The 'bl_ext.user_default.mpfb' addon does not exist!?
The 'bl_ext.user_default.mpfb' addon does not exist!?
The 'bl_ext.user_default.mpfb' addon does not exist!?
The 'bl_ext.user_default.mpfb' addon does not exist!?
The 'bl_ext.user_default.mpfb' addon does not exist!?
The 'bl_ext.user_default.mpfb' addon does not exist!?
The 'bl_ext.user_default.mpfb' addon does not exist!?
The 'bl_ext.user_default.mpfb' addon does not exist!?
The 'bl_ext.user_default.mpfb' addon does not exist!?
The 'bl_ext.user_default.mpfb' addon does not exist!?
The 'bl_ext.user_default.mpfb' addon does not exist!?
The 'bl_ext.user_default.mpfb' addon does not exist!?
The 'bl_ext.user_default.mpfb' addon does not exist!?
The 'bl_ext.user_default.mpfb' addon does not exist!?
The 'bl_ext.user_default.mpfb' addon does not exist!?
The 'bl_ext.user_default.mpfb' addon does not exist!?
The 'bl_ext.user_default.mpfb' addon does not exist!?
The 'bl_ext.user_default.mpfb' addon does not exist!?
The 'bl_ext.user_default.mpfb' addon does not exist!?
The 'bl_ext.user_default.mpfb' addon does not exist!?
The 'bl_ext.user_default.mpfb' addon does not exist!?
The 'bl_ext.user_default.mpfb' addon does not exist!?
The 'bl_ext.user_default.mpfb' addon does not exist!?
The 'bl_ext.user_default.mpfb' addon does not exist!?
The 'bl_ext.user_default.mpfb' addon does not exist!?
The 'bl_ext.user_default.mpfb' addon does not exist!?
The 'bl_ext.user_default.mpfb' addon does not exist!?
The 'bl_ext.user_default.mpfb' addon does not exist!?
The 'bl_ext.user_default.mpfb' addon does not exist!?
The 'bl_ext.user_default.mpfb' addon does not exist!?
The 'bl_ext.user_default.mpfb' addon does not exist!?
The 'bl_ext.user_default.mpfb' addon does not exist!?
The 'bl_ext.user_default.mpfb' addon does not exist!?
The 'bl_ext.user_default.mpfb' addon does not exist!?
The 'bl_ext.user_default.mpfb' addon does not exist!?
The 'bl_ext.user_default.mpfb' addon does not exist!?
The 'bl_ext.user_default.mpfb' addon does not exist!?
The 'bl_ext.user_default.mpfb' addon does not exist!?
The 'bl_ext.user_default.mpfb' addon does not exist!?
The 'bl_ext.user_default.mpfb' addon does not exist!?
The 'bl_ext.user_default.mpfb' addon does not exist!?
The 'bl_ext.user_default.mpfb' addon does not exist!?
The 'bl_ext.user_default.mpfb' addon does not exist!?
The 'bl_ext.user_default.mpfb' addon does not exist!?
The 'bl_ext.user_default.mpfb' addon does not exist!?
The 'bl_ext.user_default.mpfb' addon does not exist!?
The 'bl_ext.user_default.mpfb' addon does not exist!?
The 'bl_ext.user_default.mpfb' addon does not exist!?
The 'bl_ext.user_default.mpfb' addon does not exist!?
The 'bl_ext.user_default.mpfb' addon does not exist!?
The 'bl_ext.user_default.mpfb' addon does not exist!?
The 'bl_ext.user_default.mpfb' addon does not exist!?
The 'bl_ext.user_default.mpfb' addon does not exist!?
The 'bl_ext.user_default.mpfb' addon does not exist!?
The 'bl_ext.user_default.mpfb' addon does not exist!?
The 'bl_ext.user_default.mpfb' addon does not exist!?
The 'bl_ext.user_default.mpfb' addon does not exist!?
The 'bl_ext.user_default.mpfb' addon does not exist!?
The 'bl_ext.user_default.mpfb' addon does not exist!?
The 'bl_ext.user_default.mpfb' addon does not exist!?
The 'bl_ext.user_default.mpfb' addon does not exist!?
The 'bl_ext.user_default.mpfb' addon does not exist!?
The 'bl_ext.user_default.mpfb' addon does not exist!?
The 'bl_ext.user_default.mpfb' addon does not exist!?
The 'bl_ext.user_default.mpfb' addon does not exist!?
The 'bl_ext.user_default.mpfb' addon does not exist!?
The 'bl_ext.user_default.mpfb' addon does not exist!?
The 'bl_ext.user_default.mpfb' addon does not exist!?
The 'bl_ext.user_default.mpfb' addon does not exist!?
The 'bl_ext.user_default.mpfb' addon does not exist!?
The 'bl_ext.user_default.mpfb' addon does not exist!?
The 'bl_ext.user_default.mpfb' addon does not exist!?
The 'bl_ext.user_default.mpfb' addon does not exist!?
The 'bl_ext.user_default.mpfb' addon does not exist!?
The 'bl_ext.user_default.mpfb' addon does not exist!?
The 'bl_ext.user_default.mpfb' addon does not exist!?
The 'bl_ext.user_default.mpfb' addon does not exist!?
The 'bl_ext.user_default.mpfb' addon does not exist!?
The 'bl_ext.user_default.mpfb' addon does not exist!?
The 'bl_ext.user_default.mpfb' addon does not exist!?
The 'bl_ext.user_default.mpfb' addon does not exist!?
The 'bl_ext.user_default.mpfb' addon does not exist!?
The 'bl_ext.user_default.mpfb' addon does not exist!?
The 'bl_ext.user_default.mpfb' addon does not exist!?
The 'bl_ext.user_default.mpfb' addon does not exist!?
The 'bl_ext.user_default.mpfb' addon does not exist!?
The 'bl_ext.user_default.mpfb' addon does not exist!?
The 'bl_ext.user_default.mpfb' addon does not exist!?
The 'bl_ext.user_default.mpfb' addon does not exist!?
The 'bl_ext.user_default.mpfb' addon does not exist!?
The 'bl_ext.user_default.mpfb' addon does not exist!?
The 'bl_ext.user_default.mpfb' addon does not exist!?
The 'bl_ext.user_default.mpfb' addon does not exist!?
The 'bl_ext.user_default.mpfb' addon does not exist!?
The 'bl_ext.user_default.mpfb' addon does not exist!?
The 'bl_ext.user_default.mpfb' addon does not exist!?
The 'bl_ext.user_default.mpfb' addon does not exist!?
The 'bl_ext.user_default.mpfb' addon does not exist!?
The 'bl_ext.user_default.mpfb' addon does not exist!?
The 'bl_ext.user_default.mpfb' addon does not exist!?
The 'bl_ext.user_default.mpfb' addon does not exist!?
The 'bl_ext.user_default.mpfb' addon does not exist!?
The 'bl_ext.user_default.mpfb' addon does not exist!?
The 'bl_ext.user_default.mpfb' addon does not exist!?
The 'bl_ext.user_default.mpfb' addon does not exist!?00:26.195  render           | Saved: '/Users/aaron_7nh0yzm/godwyn-boss-fight/renders/astra/char2/mpfb_head_i01_clay_front.png'

The 'bl_ext.user_default.mpfb' addon does not exist!?
The 'bl_ext.user_default.mpfb' addon does not exist!?
The 'bl_ext.user_default.mpfb' addon does not exist!?
The 'bl_ext.user_default.mpfb' addon does not exist!?
The 'bl_ext.user_default.mpfb' addon does not exist!?
The 'bl_ext.user_default.mpfb' addon does not exist!?
The 'bl_ext.user_default.mpfb' addon does not exist!?
The 'bl_ext.user_default.mpfb' addon does not exist!?
The 'bl_ext.user_default.mpfb' addon does not exist!?
The 'bl_ext.user_default.mpfb' addon does not exist!?
The 'bl_ext.user_default.mpfb' addon does not exist!?
The 'bl_ext.user_default.mpfb' addon does not exist!?
The 'bl_ext.user_default.mpfb' addon does not exist!?
The 'bl_ext.user_default.mpfb' addon does not exist!?
The 'bl_ext.user_default.mpfb' addon does not exist!?
The 'bl_ext.user_default.mpfb' addon does not exist!?
The 'bl_ext.user_default.mpfb' addon does not exist!?
The 'bl_ext.user_default.mpfb' addon does not exist!?
The 'bl_ext.user_default.mpfb' addon does not exist!?
The 'bl_ext.user_default.mpfb' addon does not exist!?
The 'bl_ext.user_default.mpfb' addon does not exist!?
The 'bl_ext.user_default.mpfb' addon does not exist!?
The 'bl_ext.user_default.mpfb' addon does not exist!?
The 'bl_ext.user_default.mpfb' addon does not exist!?
The 'bl_ext.user_default.mpfb' addon does not exist!?
The 'bl_ext.user_default.mpfb' addon does not exist!?
The 'bl_ext.user_default.mpfb' addon does not exist!?
The 'bl_ext.user_default.mpfb' addon does not exist!?
The 'bl_ext.user_default.mpfb' addon does not exist!?
The 'bl_ext.user_default.mpfb' addon does not exist!?
The 'bl_ext.user_default.mpfb' addon does not exist!?
The 'bl_ext.user_default.mpfb' addon does not exist!?
The 'bl_ext.user_default.mpfb' addon does not exist!?
The 'bl_ext.user_default.mpfb' addon does not exist!?
The 'bl_ext.user_default.mpfb' addon does not exist!?
The 'bl_ext.user_default.mpfb' addon does not exist!?
The 'bl_ext.user_default.mpfb' addon does not exist!?
The 'bl_ext.user_default.mpfb' addon does not exist!?
The 'bl_ext.user_default.mpfb' addon does not exist!?
The 'bl_ext.user_default.mpfb' addon does not exist!?
The 'bl_ext.user_default.mpfb' addon does not exist!?
The 'bl_ext.user_default.mpfb' addon does not exist!?
The 'bl_ext.user_default.mpfb' addon does not exist!?
The 'bl_ext.user_default.mpfb' addon does not exist!?
The 'bl_ext.user_default.mpfb' addon does not exist!?
The 'bl_ext.user_default.mpfb' addon does not exist!?
The 'bl_ext.user_default.mpfb' addon does not exist!?
The 'bl_ext.user_default.mpfb' addon does not exist!?
The 'bl_ext.user_default.mpfb' addon does not exist!?
The 'bl_ext.user_default.mpfb' addon does not exist!?
The 'bl_ext.user_default.mpfb' addon does not exist!?
The 'bl_ext.user_default.mpfb' addon does not exist!?
The 'bl_ext.user_default.mpfb' addon does not exist!?
The 'bl_ext.user_default.mpfb' addon does not exist!?
The 'bl_ext.user_default.mpfb' addon does not exist!?
The 'bl_ext.user_default.mpfb' addon does not exist!?
The 'bl_ext.user_default.mpfb' addon does not exist!?
The 'bl_ext.user_default.mpfb' addon does not exist!?
The 'bl_ext.user_default.mpfb' addon does not exist!?
The 'bl_ext.user_default.mpfb' addon does not exist!?
The 'bl_ext.user_default.mpfb' addon does not exist!?
The 'bl_ext.user_default.mpfb' addon does not exist!?
The 'bl_ext.user_default.mpfb' addon does not exist!?
The 'bl_ext.user_default.mpfb' addon does not exist!?
The 'bl_ext.user_default.mpfb' addon does not exist!?
The 'bl_ext.user_default.mpfb' addon does not exist!?
The 'bl_ext.user_default.mpfb' addon does not exist!?
The 'bl_ext.user_default.mpfb' addon does not exist!?
The 'bl_ext.user_default.mpfb' addon does not exist!?
The 'bl_ext.user_default.mpfb' addon does not exist!?
The 'bl_ext.user_default.mpfb' addon does not exist!?
The 'bl_ext.user_default.mpfb' addon does not exist!?
The 'bl_ext.user_default.mpfb' addon does not exist!?
The 'bl_ext.user_default.mpfb' addon does not exist!?
The 'bl_ext.user_default.mpfb' addon does not exist!?
The 'bl_ext.user_default.mpfb' addon does not exist!?
The 'bl_ext.user_default.mpfb' addon does not exist!?
The 'bl_ext.user_default.mpfb' addon does not exist!?
The 'bl_ext.user_default.mpfb' addon does not exist!?
The 'bl_ext.user_default.mpfb' addon does not exist!?
The 'bl_ext.user_default.mpfb' addon does not exist!?
The 'bl_ext.user_default.mpfb' addon does not exist!?
The 'bl_ext.user_default.mpfb' addon does not exist!?
The 'bl_ext.user_default.mpfb' addon does not exist!?
The 'bl_ext.user_default.mpfb' addon does not exist!?
The 'bl_ext.user_default.mpfb' addon does not exist!?
The 'bl_ext.user_default.mpfb' addon does not exist!?
The 'bl_ext.user_default.mpfb' addon does not exist!?
The 'bl_ext.user_default.mpfb' addon does not exist!?
The 'bl_ext.user_default.mpfb' addon does not exist!?
The 'bl_ext.user_default.mpfb' addon does not exist!?
The 'bl_ext.user_default.mpfb' addon does not exist!?
The 'bl_ext.user_default.mpfb' addon does not exist!?
[INFO ] mpfb.init ..............................: Online access preference is not enabled. Not checking if MakeHuman is online.
[INFO ] mpfb.init ..............................: MPFB initialization has finished.
Info: Saved as "astra_character_mpfb_head_i01.blend"
MPFB_RENDER mpfb_head_i01_clay front
00:32.574  render           | Saved: '/Users/aaron_7nh0yzm/godwyn-boss-fight/renders/astra/char2/mpfb_head_i01_clay_side.png'
MPFB_RENDER mpfb_head_i01_clay side
00:36.947  render           | Saved: '/Users/aaron_7nh0yzm/godwyn-boss-fight/renders/astra/char2/mpfb_head_i01_clay_three_quarter.png'
MPFB_RENDER mpfb_head_i01_clay three_quarter
Blender 5.2.1 LTS (hash 9e2066aef7ef built 2026-08-25 01:35:57)
OBJ import of 'base.obj' took 45.38 ms

Blender quit
