00:02.495  blend            | Read blend: "/Users/aaron_7nh0yzm/godwyn-boss-fight/models/astra_character_v2_round2_work.blend"
2.78 [-0.3428, -0.3322, -0.3148, -0.3338, -0.3305, -0.3315, -0.3204]
2.79 [-0.3461, -0.3358, -0.3158, -0.31, -0.3304, -0.3287, -0.319]
2.8 [-0.4102, -0.3418, -0.3209, -0.3048, -0.3175, -0.3251, -0.3192]
2.81 [-0.4145, -0.3978, -0.3345, -0.3062, -0.3008, -0.3234, -0.3171]
2.82 [-0.4176, -0.4055, -0.3539, -0.3111, -0.2976, -0.3223, -0.3141]
2.83 [-0.4212, -0.4114, -0.3786, -0.3491, -0.3001, -0.321, -0.3104]
2.84 [-0.4259, -0.4168, -0.3949, -0.3641, -0.3218, -0.3199, -0.3087]
2.85 [-0.4225, -0.4149, -0.4, -0.3714, -0.3394, -0.3205, -0.3115]
2.86 [-0.423, -0.4164, -0.4031, -0.3779, -0.3473, -0.3216, -0.3113]
2.87 [-0.4316, -0.4261, -0.4069, -0.3852, -0.3538, -0.3226, -0.3105]
2.88 [-0.4341, -0.4276, -0.4111, -0.3924, -0.3587, -0.3223, -0.3091]
2.89 [-0.4352, -0.4302, -0.4146, -0.3948, -0.3626, -0.3241, -0.3074]
2.9 [-0.4357, -0.4293, -0.4135, -0.396, -0.3667, -0.3269, -0.3077]
2.91 [-0.442, -0.4275, -0.4126, -0.3974, -0.3709, -0.3307, -0.3079]
2.92 [-0.4633, -0.4326, -0.4122, -0.3985, -0.3749, -0.336, -0.3084]
2.93 [-0.4726, -0.4413, -0.4128, -0.4003, -0.3792, -0.3432, -0.3091]
2.94 [-0.4727, -0.4385, -0.4144, -0.4042, -0.3856, -0.3519, -0.3118]
2.96 [-0.4632, -0.4332, -0.4206, -0.4178, -0.4062, -0.3681, -0.3171]
2.98 [-0.4548, -0.4277, -0.419, -0.4166, -0.4027, -0.3631, -0.3216]
3.0 [-0.4461, -0.4149, -0.4076, -0.3961, -0.3945, -0.3569, -0.3276]
3.02 [-0.4444, -0.4438, -0.4402, -0.431, -0.4115, -0.3635, -0.3379]
3.05 [-0.4429, -0.4412, -0.4359, -0.4265, -0.4117, -0.3794, -0.3562]
3.1 [-0.4345, -0.4335, -0.428, -0.4182, -0.4025, -0.3773, -0.339]
3.13 [-0.4263, -0.429, -0.4246, -0.413, -0.3904, -0.3491, None]
Blender 5.2.1 LTS (hash 9e2066aef7ef built 2026-08-25 01:35:57)

Blender quit
