Traceback (most recent call last):
  File "/usr/share/blender/5.2/scripts/modules/addon_utils.py", line 543, in enable
    mod.register()
    ~~~~~~~~~~~~^^
  File "/usr/share/blender/5.2/scripts/addons_core/bl_pkg/__init__.py", line 986, in register
    _remote_asset_library_restore_backups()
    ~~~~~~~~~~~~~~~~~~~~~~~~~~~~~~~~~~~~~^^
  File "/usr/share/blender/5.2/scripts/addons_core/bl_pkg/__init__.py", line 580, in _remote_asset_library_restore_backups
    from _bpy_internal.assets.remote_library import listing_downloader
  File "/usr/share/blender/5.2/scripts/modules/_bpy_internal/assets/remote_library/listing_downloader.py", line 32, in <module>
    from _bpy_internal.http import downloader as http_dl
  File "/usr/share/blender/5.2/scripts/modules/_bpy_internal/http/downloader.py", line 51, in <module>
    import cattrs
ModuleNotFoundError: No module named 'cattrs'
00:01.323  blend            | Read blend: "/home/aaron/godwyn-boss-fight/models/astra_character_v2_likeness_i06.blend"
Exception in module register(): /usr/share/blender/5.2/scripts/addons_core/bl_pkg/__init__.py
Info: Saved as "astra_character_v2.blend"
LIKENESS_PUBLISHED {'astra_character_v2.blend': '955d11c06ae9d43a236d46cb038a214f87bfdfc9a554e792f83e8272b3969c63', 'astra_character_v2.glb': 'bdb404abe7f6f6e8bcfc04eb8b8bafce344a1f24f2f5e18948b06c981ba54ee6', 'validated_candidate': 'models/astra_character_v2_likeness_i06.blend', 'validated_roundtrip_glb': '/tmp/astra_character_v2_likeness_i06.glb', 'pre_likeness_blend_sha256': 'c5a691c624a67ff299f2bb2822fd04346e4bb6184e0273a2fa8dba9869a86386', 'pre_likeness_glb_sha256': '74674393fbc8447b084d62f4ed89f6c44b6b145a720f840926e10ac225fe8775'}
Blender 5.2.0 LTS (hash fbe6228777e7 built 2026-07-15 11:48:12)

Blender quit
