Traceback (most recent call last):
  File "/usr/share/blender/5.2/scripts/modules/addon_utils.py", line 543, in enable
    mod.register()
    ~~~~~~~~~~~~^^
  File "/usr/share/blender/5.2/scripts/addons_core/bl_pkg/__init__.py", line 986, in register
    _remote_asset_library_restore_backups()
    ~~~~~~~~~~~~~~~~~~~~~~~~~~~~~~~~~~~~~^^
  File "/usr/share/blender/5.2/scripts/addons_core/bl_pkg/__init__.py", line 580, in _remote_asset_library_restore_backups
    from _bpy_internal.assets.remote_library import listing_downloader
  File "/usr/share/blender/5.2/scripts/modules/_bpy_internal/assets/remote_library/listing_downloader.py", line 32, in <module>
    from _bpy_internal.http import downloader as http_dl
  File "/usr/share/blender/5.2/scripts/modules/_bpy_internal/http/downloader.py", line 51, in <module>
    import cattrs
ModuleNotFoundError: No module named 'cattrs'
00:00.376  blend            | Read blend: "/home/aaron/godwyn-boss-fight/models/astra_move_walk_stalk_v2_wip.blend"
Exception in module register(): /usr/share/blender/5.2/scripts/addons_core/bl_pkg/__init__.py
{
  "support_summary": {
    "outside_frames": [
      28,
      29,
      30,
      31,
      67
    ],
    "airborne_frames": [],
    "minimum_margin_m": -0.039699214672593394
  },
  "planted_ankle_max_planar_step_m": {
    "Left": 5.057621821307283e-07,
    "Right": 8.678567277527473e-07
  },
  "cascade": {
    "Hips": {
      "world_peak_frame": 39.5,
      "local_peak_frame": 3.5
    },
    "Spine02": {
      "world_peak_frame": 39.0,
      "local_peak_frame": 7.0
    },
    "Spine01": {
      "world_peak_frame": 38.5,
      "local_peak_frame": 43.5
    },
    "Spine": {
      "world_peak_frame": 38.5,
      "local_peak_frame": 8.5
    },
    "RightShoulder": {
      "world_peak_frame": 4.75,
      "local_peak_frame": 47.5
    },
    "RightArm": {
      "world_peak_frame": 68.0,
      "local_peak_frame": 49.75
    },
    "RightForeArm": {
      "world_peak_frame": 49.25,
      "local_peak_frame": 49.25
    },
    "RightHand": {
      "world_peak_frame": 4.25,
      "local_peak_frame": 69.25
    }
  },
  "cloth_yaw_lag": {
    "phys_robe_front_C_06": {
      "best_delay_frames": 5,
      "correlations": {
        "-10": 0.1596237282376202,
        "-9": 0.260259135350675,
        "-8": 0.3577665678587503,
        "-7": 0.4509175582482971,
        "-6": 0.5386201306773614,
        "-5": 0.619948708874472,
        "-4": 0.6941518135483455,
        "-3": 0.7606609081050074,
        "-2": 0.8190886203528858,
        "-1": 0.8692231825828727,
        "0": 0.9110029078379683,
        "1": 0.9423913446914218,
        "2": 0.967516473946438,
        "3": 0.9858558072307305,
        "4": 0.996849669242089,
        "5": 0.9999219405539477,
        "6": 0.9945085228359746,
        "7": 0.9800897450814251,
        "8": 0.9562236456180173,
        "9": 0.922582629130364,
        "10": 0.8789836386801221,
        "11": 0.8254133772326765,
        "12": 0.7620529293182909,
        "13": 0.689288207773008,
        "14": 0.6077180937880048,
        "15": 0.5181655600292854,
        "16": 0.42166619448328896,
        "17": 0.3194740175192578,
        "18": 0.2130408143618151,
        "19": 0.10399763144368504,
        "20": -0.005903419330482091
      }
    },
    "phys_cape_C_06": {
      "best_delay_frames": 1,
      "correlations": {
        "-10": 0.4708366427158188,
        "-9": 0.5647081965139855,
        "-8": 0.6506904385659161,
        "-7": 0.727789146879787,
        "-6": 0.7953291232236177,
        "-5": 0.8529573301136507,
        "-4": 0.9006039855620415,
        "-3": 0.9384309721699655,
        "-2": 0.9667789549952167,
        "-1": 0.9861108284495924,
        "0": 0.99695704261619,
        "1": 0.9998630858910306,
        "2": 0.9949076376832106,
        "3": 0.9814820036013459,
        "4": 0.9589983310073031,
        "5": 0.9269327373695221,
        "6": 0.8848749779289605,
        "7": 0.8325817611768948,
        "8": 0.7700221714343839,
        "9": 0.6974334060195363,
        "10": 0.6153479723012645,
        "11": 0.5246131798381344,
        "12": 0.4263957862259522,
        "13": 0.32215555429110465,
        "14": 0.21359077380490601,
        "15": 0.10259398994091308,
        "16": -0.008869649134144621,
        "17": -0.11882179058758387,
        "18": -0.22540300768731006,
        "19": -0.32695925272535636,
        "20": -0.42211360209962395
      }
    }
  },
  "active_windows": {},
  "name": "walk_stalk",
  "quarter_samples": 289,
  "bone_count": 121,
  "joint_ranges_deg": {
    "Left_elbow": [
      76.89449487660413,
      80.9106891745111
    ],
    "Left_wrist": [
      18.822803712055112,
      19.242855097965297
    ],
    "Left_knee": [
      20.01460511951691,
      65.7482757247355
    ],
    "Left_shoulder_elevation": [
      59.38994399596482,
      63.23701489422011
    ],
    "Right_elbow": [
      43.93889046068219,
      56.79043811476982
    ],
    "Right_wrist": [
      31.203102272113558,
      32.98616795622008
    ],
    "Right_knee": [
      24.53657052708101,
      68.66080766186023
    ],
    "Right_shoulder_elevation": [
      43.54231156378275,
      48.29271535865887
    ]
  },
  "asymmetry_speed_correlation": {
    "Shoulder": 0.9072293021287052,
    "Arm": -0.16407863469942788,
    "ForeArm": -0.03182205276444416,
    "Hand": 0.10639616484222855,
    "UpLeg": -0.055342536610270686
  },
  "loop": {
    "max_joint_position_error_m": 7.208220137624636e-07,
    "max_local_rotation_error_deg": 0.0,
    "max_position_velocity_mismatch_m_s": 0.05337262274985604,
    "max_rotation_velocity_mismatch_deg_s": 8.341255259525722
  },
  "max_limb_length_error_m": 6.24190744735742e-06,
  "blade_peak_speed_m_s": 2.096180889613608,
  "blade_min_z_m": 0.05416731908917427,
  "peak_hips_yaw_deg_s": 9.161781494435095,
  "source_sha256": "c5a691c624a67ff299f2bb2822fd04346e4bb6184e0273a2fa8dba9869a86386"
}
FLAGS [{'bone': 'RightUpLeg', 'frame': 59, 'kinds': ['reversal'], 'speed': 0.5795986223033566, 'acceleration': 0.9949222872935454}]
CONTACT {'before': {'Left': [0.001671872437000274, 0.13618853628635408], 'Right': [0.002492371350526809, 0.13653503298759462]}, 'after': {'Left': [0.0018832376226782799, 0.13669510185718536], 'Right': [0.0033409753814339638, 0.13732975721359253]}}
HEM 0.001032860018312931
Blender 5.2.0 LTS (hash fbe6228777e7 built 2026-07-15 11:48:12)

Blender quit
