00:00.742  blend            | Read blend: "/Users/aaron_7nh0yzm/godwyn-boss-fight/models/astra_move_walk_stalk_v2_wip.blend"
[INFO ] services.locationservice ...............: Not adding link to MakeHuman user data, since neither explicit path nor auto-discovery is set in preferences.
[INFO ] mpfb.init ..............................: Build info FROM_SOURCE
[INFO ] mpfb.init ..............................: Online access preference is not enabled. Not checking if MakeHuman is online.
[INFO ] mpfb.init ..............................: MPFB initialization has finished.
{
  "support_summary": {
    "outside_frames": [
      28,
      29,
      30,
      31,
      67
    ],
    "airborne_frames": [],
    "minimum_margin_m": -0.039699214672593394
  },
  "planted_ankle_max_planar_step_m": {
    "Left": 5.057621821307283e-07,
    "Right": 8.678567277527473e-07
  },
  "cascade": {
    "Hips": {
      "world_peak_frame": 39.5,
      "local_peak_frame": 3.5
    },
    "Spine02": {
      "world_peak_frame": 39.0,
      "local_peak_frame": 7.0
    },
    "Spine01": {
      "world_peak_frame": 38.5,
      "local_peak_frame": 43.5
    },
    "Spine": {
      "world_peak_frame": 38.5,
      "local_peak_frame": 8.5
    },
    "RightShoulder": {
      "world_peak_frame": 4.75,
      "local_peak_frame": 47.5
    },
    "RightArm": {
      "world_peak_frame": 68.0,
      "local_peak_frame": 49.75
    },
    "RightForeArm": {
      "world_peak_frame": 49.25,
      "local_peak_frame": 49.25
    },
    "RightHand": {
      "world_peak_frame": 4.25,
      "local_peak_frame": 69.25
    }
  },
  "cloth_yaw_lag": {
    "phys_robe_front_C_06": {
      "best_delay_frames": 5,
      "correlations": {
        "-10": 0.15962372823762025,
        "-9": 0.2602591353506752,
        "-8": 0.35776656785875016,
        "-7": 0.450917558248297,
        "-6": 0.538620130677361,
        "-5": 0.619948708874472,
        "-4": 0.6941518135483459,
        "-3": 0.7606609081050074,
        "-2": 0.8190886203528867,
        "-1": 0.869223182582873,
        "0": 0.9110029078379683,
        "1": 0.9423913446914217,
        "2": 0.9675164739464386,
        "3": 0.9858558072307305,
        "4": 0.9968496692420888,
        "5": 0.9999219405539477,
        "6": 0.9945085228359747,
        "7": 0.9800897450814254,
        "8": 0.9562236456180171,
        "9": 0.922582629130364,
        "10": 0.8789836386801221,
        "11": 0.8254133772326766,
        "12": 0.7620529293182906,
        "13": 0.6892882077730078,
        "14": 0.607718093788005,
        "15": 0.5181655600292852,
        "16": 0.42166619448328885,
        "17": 0.31947401751925786,
        "18": 0.2130408143618152,
        "19": 0.1039976314436851,
        "20": -0.005903419330482146
      }
    },
    "phys_cape_C_06": {
      "best_delay_frames": 1,
      "correlations": {
        "-10": 0.4708366427158189,
        "-9": 0.5647081965139851,
        "-8": 0.6506904385659162,
        "-7": 0.7277891468797868,
        "-6": 0.7953291232236175,
        "-5": 0.8529573301136507,
        "-4": 0.9006039855620418,
        "-3": 0.9384309721699656,
        "-2": 0.9667789549952168,
        "-1": 0.9861108284495926,
        "0": 0.996957042616191,
        "1": 0.9998630858910308,
        "2": 0.9949076376832107,
        "3": 0.9814820036013452,
        "4": 0.958998331007303,
        "5": 0.9269327373695214,
        "6": 0.8848749779289606,
        "7": 0.8325817611768944,
        "8": 0.7700221714343839,
        "9": 0.6974334060195364,
        "10": 0.6153479723012645,
        "11": 0.5246131798381343,
        "12": 0.42639578622595226,
        "13": 0.32215555429110476,
        "14": 0.21359077380490618,
        "15": 0.10259398994091318,
        "16": -0.008869649134144614,
        "17": -0.11882179058758387,
        "18": -0.22540300768731,
        "19": -0.32695925272535625,
        "20": -0.422113602099624
      }
    }
  },
  "active_windows": {},
  "name": "walk_stalk",
  "quarter_samples": 289,
  "bone_count": 121,
  "joint_ranges_deg": {
    "Left_elbow": [
      76.89449487660411,
      80.9106891745111
    ],
    "Left_wrist": [
      18.822803712055112,
      19.242855097965297
    ],
    "Left_knee": [
      20.01460511951691,
      65.7482757247355
    ],
    "Left_shoulder_elevation": [
      59.38994399596482,
      63.23701489422011
    ],
    "Right_elbow": [
      43.93889046068219,
      56.79043811476982
    ],
    "Right_wrist": [
      31.203102272113558,
      32.98616795622008
    ],
    "Right_knee": [
      24.53657052708101,
      68.66080766186022
    ],
    "Right_shoulder_elevation": [
      43.54231156378275,
      48.29271535865887
    ]
  },
  "asymmetry_speed_correlation": {
    "Shoulder": 0.9072293021287053,
    "Arm": -0.16407863469942796,
    "ForeArm": -0.031822052764444074,
    "Hand": 0.1063961648422286,
    "UpLeg": -0.055342536610270665
  },
  "loop": {
    "max_joint_position_error_m": 7.208220137624636e-07,
    "max_local_rotation_error_deg": 0.0,
    "max_position_velocity_mismatch_m_s": 0.05337262274985604,
    "max_rotation_velocity_mismatch_deg_s": 8.341255259525722
  },
  "max_limb_length_error_m": 6.24190744735742e-06,
  "blade_peak_speed_m_s": 2.096180889613608,
  "blade_min_z_m": 0.05416731908917427,
  "peak_hips_yaw_deg_s": 9.161781494435095,
  "source_sha256": "c5a691c624a67ff299f2bb2822fd04346e4bb6184e0273a2fa8dba9869a86386"
}
FLAGS [{'bone': 'RightUpLeg', 'frame': 59, 'kinds': ['reversal'], 'speed': 0.5795986223033566, 'acceleration': 0.9949222872935454}]
CONTACT {'before': {'Left': [0.001671872437000274, 0.13618853628635408], 'Right': [0.002492371350526809, 0.13653503298759462]}, 'after': {'Left': [0.0018832376226782799, 0.13669510185718536], 'Right': [0.0033409753814339638, 0.13732975721359253]}}
HEM 0.001032860018312931
Blender 5.2.1 LTS (hash 9e2066aef7ef built 2026-08-25 01:35:57)

Blender quit
