Traceback (most recent call last):
  File "/usr/share/blender/5.2/scripts/modules/addon_utils.py", line 543, in enable
    mod.register()
    ~~~~~~~~~~~~^^
  File "/usr/share/blender/5.2/scripts/addons_core/bl_pkg/__init__.py", line 986, in register
    _remote_asset_library_restore_backups()
    ~~~~~~~~~~~~~~~~~~~~~~~~~~~~~~~~~~~~~^^
  File "/usr/share/blender/5.2/scripts/addons_core/bl_pkg/__init__.py", line 580, in _remote_asset_library_restore_backups
    from _bpy_internal.assets.remote_library import listing_downloader
  File "/usr/share/blender/5.2/scripts/modules/_bpy_internal/assets/remote_library/listing_downloader.py", line 32, in <module>
    from _bpy_internal.http import downloader as http_dl
  File "/usr/share/blender/5.2/scripts/modules/_bpy_internal/http/downloader.py", line 51, in <module>
    import cattrs
ModuleNotFoundError: No module named 'cattrs'
00:00.314  blend            | Read blend: "/home/aaron/godwyn-boss-fight/models/astra_move_walk_stalk_v2_wip.blend"
00:13.430  render           | Saved: 'renders/astra/rehost/walk_stalk/walk_stalk/preview/001.png'
Exception in module register(): /usr/share/blender/5.2/scripts/addons_core/bl_pkg/__init__.py
MOVE RENDER walk_stalk 1
00:15.113  render           | Saved: 'renders/astra/rehost/walk_stalk/walk_stalk/preview/007.png'
MOVE RENDER walk_stalk 7
00:16.542  render           | Saved: 'renders/astra/rehost/walk_stalk/walk_stalk/preview/013.png'
MOVE RENDER walk_stalk 13
00:17.830  render           | Saved: 'renders/astra/rehost/walk_stalk/walk_stalk/preview/019.png'
MOVE RENDER walk_stalk 19
00:19.093  render           | Saved: 'renders/astra/rehost/walk_stalk/walk_stalk/preview/025.png'
MOVE RENDER walk_stalk 25
00:20.329  render           | Saved: 'renders/astra/rehost/walk_stalk/walk_stalk/preview/031.png'
MOVE RENDER walk_stalk 31
00:21.581  render           | Saved: 'renders/astra/rehost/walk_stalk/walk_stalk/preview/037.png'
MOVE RENDER walk_stalk 37
00:22.844  render           | Saved: 'renders/astra/rehost/walk_stalk/walk_stalk/preview/043.png'
MOVE RENDER walk_stalk 43
00:24.137  render           | Saved: 'renders/astra/rehost/walk_stalk/walk_stalk/preview/049.png'
MOVE RENDER walk_stalk 49
00:25.420  render           | Saved: 'renders/astra/rehost/walk_stalk/walk_stalk/preview/055.png'
MOVE RENDER walk_stalk 55
00:26.679  render           | Saved: 'renders/astra/rehost/walk_stalk/walk_stalk/preview/061.png'
MOVE RENDER walk_stalk 61
00:27.890  render           | Saved: 'renders/astra/rehost/walk_stalk/walk_stalk/preview/067.png'
MOVE RENDER walk_stalk 67
00:29.130  render           | Saved: 'renders/astra/rehost/walk_stalk/walk_stalk/preview/073.png'
MOVE RENDER walk_stalk 73
Blender 5.2.0 LTS (hash fbe6228777e7 built 2026-07-15 11:48:12)

Blender quit
