Traceback (most recent call last):
  File "/usr/share/blender/5.2/scripts/modules/addon_utils.py", line 543, in enable
    mod.register()
    ~~~~~~~~~~~~^^
  File "/usr/share/blender/5.2/scripts/addons_core/bl_pkg/__init__.py", line 986, in register
    _remote_asset_library_restore_backups()
    ~~~~~~~~~~~~~~~~~~~~~~~~~~~~~~~~~~~~~^^
  File "/usr/share/blender/5.2/scripts/addons_core/bl_pkg/__init__.py", line 580, in _remote_asset_library_restore_backups
    from _bpy_internal.assets.remote_library import listing_downloader
  File "/usr/share/blender/5.2/scripts/modules/_bpy_internal/assets/remote_library/listing_downloader.py", line 32, in <module>
    from _bpy_internal.http import downloader as http_dl
  File "/usr/share/blender/5.2/scripts/modules/_bpy_internal/http/downloader.py", line 51, in <module>
    import cattrs
ModuleNotFoundError: No module named 'cattrs'
00:00.470  blend            | Read blend: "/home/aaron/godwyn-boss-fight/models/astra_move_walk_stalk_v2_wip.blend"
Exception in module register(): /usr/share/blender/5.2/scripts/addons_core/bl_pkg/__init__.py
SURFACE walk_stalk 20
SURFACE walk_stalk 40
SURFACE walk_stalk 60
SURFACE COMPLETE {"name": "walk_stalk", "floor_z": -0.014999999664723873, "sole_vertex_counts": {"Left": 1262, "Right": 1419}, "cloth_vertex_counts": {"phys_robe_front_C": 36, "phys_robe_front_L": 1934, "phys_robe_front_R": 1527, "phys_robe_side_L": 6941, "phys_robe_side_R": 6025, "phys_cape_C": 4444, "phys_cape_L": 9866, "phys_cape_R": 9354}, "old_body": {"sole_min_m": 0.001671872437000274, "cloth_min_m": 0.0009464289620518679}, "v2_body": {"sole_min_m": 0.0018832357600331306, "cloth_min_m": 0.001032860018312931, "sole_worst_frame": 8, "cloth_worst_frame": 27}, "planted_penetration_frames": {"Left": [], "Right": []}, "cloth_threshold_m": 0.0009464289620518679, "cloth_same_or_better_with_tolerance": true}
Blender 5.2.0 LTS (hash fbe6228777e7 built 2026-07-15 11:48:12)

Blender quit
