00:00.763  blend            | Read blend: "/Users/aaron_7nh0yzm/godwyn-boss-fight/models/astra_move_rising_spin_v2_wip.blend"
[INFO ] services.locationservice ...............: Not adding link to MakeHuman user data, since neither explicit path nor auto-discovery is set in preferences.
[INFO ] mpfb.init ..............................: Build info FROM_SOURCE
[INFO ] mpfb.init ..............................: Online access preference is not enabled. Not checking if MakeHuman is online.
[INFO ] mpfb.init ..............................: MPFB initialization has finished.
{
  "thrust_samples": [],
  "pre_armature_surface_polish_offset_m": 0.014991535891341562,
  "closed_finger_mesh_samples": 2263,
  "max_closed_finger_hand_local_drift_m": 1.0771560371734771e-06,
  "derived_grip_correction": {
    "astra_move_gold_palm_faces": 3434,
    "astra_move_palm_sliver_faces": 613,
    "astra_move_closed_finger_vertices": 2563,
    "astra_move_max_finger_adjustment_m": 0.10574496241936966,
    "astra_move_hilt_envelope_m": 0.029374360874295236
  },
  "binding": "OBJECT parent Armature + one ARMATURE modifier; every sword vertex RightHand=1.0; no sword action or constraints",
  "quarter_samples": 461,
  "hilt_wrist_distance_range_m": [
    0.1653151896754605,
    0.16531569617212374
  ],
  "max_hand_local_hilt_drift_m": 7.566250326489137e-07,
  "max_evaluated_tip_error_m": 6.76978629326853e-07,
  "max_edge_vs_cut_deg": 6.899353312346861,
  "two_handed": false,
  "grip_frames": [
    1,
    24,
    30,
    36,
    60,
    84,
    116
  ]
}
00:13.823  render           | Saved: 'renders/astra/rehost/rising_spin/rising_spin/grip/001.png'
00:17.200  render           | Saved: 'renders/astra/rehost/rising_spin/rising_spin/grip/024.png'
00:20.384  render           | Saved: 'renders/astra/rehost/rising_spin/rising_spin/grip/030.png'
00:24.806  render           | Saved: 'renders/astra/rehost/rising_spin/rising_spin/grip/036.png'
00:29.152  render           | Saved: 'renders/astra/rehost/rising_spin/rising_spin/grip/060.png'
00:37.930  render           | Saved: 'renders/astra/rehost/rising_spin/rising_spin/grip/084.png'
00:40.742  render           | Saved: 'renders/astra/rehost/rising_spin/rising_spin/grip/116.png'
Blender 5.2.1 LTS (hash 9e2066aef7ef built 2026-08-25 01:35:57)

Blender quit
