Traceback (most recent call last):
  File "/usr/share/blender/5.2/scripts/modules/addon_utils.py", line 543, in enable
    mod.register()
    ~~~~~~~~~~~~^^
  File "/usr/share/blender/5.2/scripts/addons_core/bl_pkg/__init__.py", line 986, in register
    _remote_asset_library_restore_backups()
    ~~~~~~~~~~~~~~~~~~~~~~~~~~~~~~~~~~~~~^^
  File "/usr/share/blender/5.2/scripts/addons_core/bl_pkg/__init__.py", line 580, in _remote_asset_library_restore_backups
    from _bpy_internal.assets.remote_library import listing_downloader
  File "/usr/share/blender/5.2/scripts/modules/_bpy_internal/assets/remote_library/listing_downloader.py", line 32, in <module>
    from _bpy_internal.http import downloader as http_dl
  File "/usr/share/blender/5.2/scripts/modules/_bpy_internal/http/downloader.py", line 51, in <module>
    import cattrs
ModuleNotFoundError: No module named 'cattrs'
00:00.416  blend            | Read blend: "/home/aaron/godwyn-boss-fight/models/astra_move_rising_spin_v2_wip.blend"
Exception in module register(): /usr/share/blender/5.2/scripts/addons_core/bl_pkg/__init__.py
{
  "thrust_samples": [],
  "pre_armature_surface_polish_offset_m": 0.014991535891341562,
  "closed_finger_mesh_samples": 2263,
  "max_closed_finger_hand_local_drift_m": 1.0771560371734771e-06,
  "derived_grip_correction": {
    "astra_move_gold_palm_faces": 3434,
    "astra_move_palm_sliver_faces": 613,
    "astra_move_closed_finger_vertices": 2563,
    "astra_move_max_finger_adjustment_m": 0.10574496241936966,
    "astra_move_hilt_envelope_m": 0.029374360874295236
  },
  "binding": "OBJECT parent Armature + one ARMATURE modifier; every sword vertex RightHand=1.0; no sword action or constraints",
  "quarter_samples": 461,
  "hilt_wrist_distance_range_m": [
    0.1653151896754605,
    0.16531569617212374
  ],
  "max_hand_local_hilt_drift_m": 7.566250326489137e-07,
  "max_evaluated_tip_error_m": 6.76978629326853e-07,
  "max_edge_vs_cut_deg": 6.899353312346861,
  "two_handed": false,
  "grip_frames": [
    1,
    24,
    30,
    36,
    60,
    84,
    116
  ]
}
00:14.847  render           | Saved: 'renders/astra/rehost/rising_spin/rising_spin/grip/001.png'
00:19.123  render           | Saved: 'renders/astra/rehost/rising_spin/rising_spin/grip/024.png'
00:20.111  render           | Saved: 'renders/astra/rehost/rising_spin/rising_spin/grip/030.png'
00:21.207  render           | Saved: 'renders/astra/rehost/rising_spin/rising_spin/grip/036.png'
00:22.237  render           | Saved: 'renders/astra/rehost/rising_spin/rising_spin/grip/060.png'
00:23.122  render           | Saved: 'renders/astra/rehost/rising_spin/rising_spin/grip/084.png'
00:23.982  render           | Saved: 'renders/astra/rehost/rising_spin/rising_spin/grip/116.png'
Blender 5.2.0 LTS (hash fbe6228777e7 built 2026-07-15 11:48:12)

Blender quit
