Traceback (most recent call last):
  File "/usr/share/blender/5.2/scripts/modules/addon_utils.py", line 543, in enable
    mod.register()
    ~~~~~~~~~~~~^^
  File "/usr/share/blender/5.2/scripts/addons_core/bl_pkg/__init__.py", line 986, in register
    _remote_asset_library_restore_backups()
    ~~~~~~~~~~~~~~~~~~~~~~~~~~~~~~~~~~~~~^^
  File "/usr/share/blender/5.2/scripts/addons_core/bl_pkg/__init__.py", line 580, in _remote_asset_library_restore_backups
    from _bpy_internal.assets.remote_library import listing_downloader
  File "/usr/share/blender/5.2/scripts/modules/_bpy_internal/assets/remote_library/listing_downloader.py", line 32, in <module>
    from _bpy_internal.http import downloader as http_dl
  File "/usr/share/blender/5.2/scripts/modules/_bpy_internal/http/downloader.py", line 51, in <module>
    import cattrs
ModuleNotFoundError: No module named 'cattrs'
00:00.369  blend            | Read blend: "/home/aaron/godwyn-boss-fight/models/astra_move_rising_spin_v2_wip.blend"
Exception in module register(): /usr/share/blender/5.2/scripts/addons_core/bl_pkg/__init__.py
HEAD AUDIT rising_spin 10
HEAD AUDIT rising_spin 20
HEAD AUDIT rising_spin 30
HEAD AUDIT rising_spin 40
HEAD AUDIT rising_spin 50
HEAD AUDIT rising_spin 60
HEAD AUDIT rising_spin 70
HEAD AUDIT rising_spin 80
HEAD AUDIT rising_spin 90
HEAD AUDIT rising_spin 100
HEAD AUDIT rising_spin 110
HEAD AUDIT COMPLETE rising_spin {"name": "rising_spin", "frames_checked": 116, "hair_control_points_sampled_per_frame": 22766, "blade_radius_99pct_m": 0.14284108579158783, "gorget_head": {"internal_neck_insertion_frames": [1, 2, 3, 4, 5, 6, 7, 8, 9, 10, 11, 12, 13, 14, 15, 16, 17, 18, 19, 20, 21, 22, 23, 24, 25, 26, 27, 28, 29, 30, 31, 32, 33, 34, 35, 36, 37, 38, 39, 40, 41, 42, 43, 44, 45, 46, 47, 48, 49, 50, 51, 52, 53, 54, 55, 56, 57, 58, 59, 60, 61, 62, 63, 64, 65, 66, 67, 68, 69, 70, 71, 72, 73, 74, 75, 76, 77, 78, 79, 80, 81, 82, 83, 84, 85, 86, 87, 88, 89, 90, 91, 92, 93, 94, 95, 96, 97, 98, 99, 100, 101, 102, 103, 104, 105, 106, 107, 108, 109, 110, 111, 112, 113, 114, 115, 116], "exposed_intersection_frames": [], "minimum_exposed_sampled_distance_m": 0.0056017665192484856, "worst_frame": 52, "classification": "hidden published neck insertion below the gorget lip is reported separately; exposed jaw/neck is the acceptance surface"}, "blade_head": {"minimum_clearance_proxy_m": -0.02526351809501648, "worst_frame": 39, "exact_intersection_frames": [], "exact_minimum_sampled_surface_distance_m": 0.0014493854250758886}, "blade_hair": {"minimum_sampled_clearance_proxy_m": -0.014883046427598077, "worst_frame": 42, "fiber_radius_assumption_m": 0.002, "exact_minimum_sampled_surface_clearance_m": 0.014562670469284058, "exact_worst_frame": 40}}
Blender 5.2.0 LTS (hash fbe6228777e7 built 2026-07-15 11:48:12)

Blender quit
