00:00.785  blend            | Read blend: "/Users/aaron_7nh0yzm/godwyn-boss-fight/models/astra_move_idle_guard_v2_wip.blend"
[INFO ] services.locationservice ...............: Not adding link to MakeHuman user data, since neither explicit path nor auto-discovery is set in preferences.
[INFO ] mpfb.init ..............................: Build info FROM_SOURCE
[INFO ] mpfb.init ..............................: Online access preference is not enabled. Not checking if MakeHuman is online.
[INFO ] mpfb.init ..............................: MPFB initialization has finished.
{
  "thrust_samples": [],
  "pre_armature_surface_polish_offset_m": 0.01499137944560483,
  "closed_finger_mesh_samples": 2263,
  "max_closed_finger_hand_local_drift_m": 8.839125655617948e-07,
  "derived_grip_correction": {
    "astra_move_gold_palm_faces": 3434,
    "astra_move_palm_sliver_faces": 613,
    "astra_move_closed_finger_vertices": 2563,
    "astra_move_max_finger_adjustment_m": 0.10574496241936966,
    "astra_move_hilt_envelope_m": 0.029374360874295236
  },
  "binding": "OBJECT parent Armature + one ARMATURE modifier; every sword vertex RightHand=1.0; no sword action or constraints",
  "quarter_samples": 385,
  "hilt_wrist_distance_range_m": [
    0.1653151745351123,
    0.16531559159838297
  ],
  "max_hand_local_hilt_drift_m": 4.7449490347514626e-07,
  "max_evaluated_tip_error_m": 5.724839184373184e-07,
  "max_edge_vs_cut_deg": null,
  "two_handed": false,
  "grip_frames": [
    1,
    49,
    97
  ]
}
00:16.159  render           | Saved: 'renders/astra/rehost/idle_guard/idle_guard/grip/001.png'
00:19.394  render           | Saved: 'renders/astra/rehost/idle_guard/idle_guard/grip/049.png'
00:21.967  render           | Saved: 'renders/astra/rehost/idle_guard/idle_guard/grip/097.png'
Blender 5.2.1 LTS (hash 9e2066aef7ef built 2026-08-25 01:35:57)

Blender quit
