Traceback (most recent call last):
  File "/usr/share/blender/5.2/scripts/modules/addon_utils.py", line 543, in enable
    mod.register()
    ~~~~~~~~~~~~^^
  File "/usr/share/blender/5.2/scripts/addons_core/bl_pkg/__init__.py", line 986, in register
    _remote_asset_library_restore_backups()
    ~~~~~~~~~~~~~~~~~~~~~~~~~~~~~~~~~~~~~^^
  File "/usr/share/blender/5.2/scripts/addons_core/bl_pkg/__init__.py", line 580, in _remote_asset_library_restore_backups
    from _bpy_internal.assets.remote_library import listing_downloader
  File "/usr/share/blender/5.2/scripts/modules/_bpy_internal/assets/remote_library/listing_downloader.py", line 32, in <module>
    from _bpy_internal.http import downloader as http_dl
  File "/usr/share/blender/5.2/scripts/modules/_bpy_internal/http/downloader.py", line 51, in <module>
    import cattrs
ModuleNotFoundError: No module named 'cattrs'
00:00.379  blend            | Read blend: "/home/aaron/godwyn-boss-fight/models/astra_move_idle_guard_v2_wip.blend"
Exception in module register(): /usr/share/blender/5.2/scripts/addons_core/bl_pkg/__init__.py
HEAD AUDIT idle_guard 10
HEAD AUDIT idle_guard 20
HEAD AUDIT idle_guard 30
HEAD AUDIT idle_guard 40
HEAD AUDIT idle_guard 50
HEAD AUDIT idle_guard 60
HEAD AUDIT idle_guard 70
HEAD AUDIT idle_guard 80
HEAD AUDIT idle_guard 90
HEAD AUDIT COMPLETE idle_guard {"name": "idle_guard", "frames_checked": 96, "hair_control_points_sampled_per_frame": 22766, "blade_radius_99pct_m": 0.14284108579158783, "gorget_head": {"internal_neck_insertion_frames": [1, 2, 3, 4, 5, 6, 7, 8, 9, 10, 11, 12, 13, 14, 15, 16, 17, 18, 19, 20, 21, 22, 23, 24, 25, 26, 27, 28, 29, 30, 31, 32, 33, 34, 35, 36, 37, 38, 39, 40, 41, 42, 43, 44, 45, 46, 47, 48, 49, 50, 51, 52, 53, 54, 55, 56, 57, 58, 59, 60, 61, 62, 63, 64, 65, 66, 67, 68, 69, 70, 71, 72, 73, 74, 75, 76, 77, 78, 79, 80, 81, 82, 83, 84, 85, 86, 87, 88, 89, 90, 91, 92, 93, 94, 95, 96], "exposed_intersection_frames": [], "minimum_exposed_sampled_distance_m": 0.013395661488175392, "worst_frame": 94, "classification": "hidden published neck insertion below the gorget lip is reported separately; exposed jaw/neck is the acceptance surface"}, "blade_head": {"minimum_clearance_proxy_m": 0.9746101051568985, "worst_frame": 33, "exact_intersection_frames": [], "exact_minimum_sampled_surface_distance_m": null}, "blade_hair": {"minimum_sampled_clearance_proxy_m": 0.4816436912873756, "worst_frame": 31, "fiber_radius_assumption_m": 0.002, "exact_minimum_sampled_surface_clearance_m": null, "exact_worst_frame": null}}
Blender 5.2.0 LTS (hash fbe6228777e7 built 2026-07-15 11:48:12)

Blender quit
