Traceback (most recent call last):
  File "/usr/share/blender/5.2/scripts/modules/addon_utils.py", line 543, in enable
    mod.register()
    ~~~~~~~~~~~~^^
  File "/usr/share/blender/5.2/scripts/addons_core/bl_pkg/__init__.py", line 986, in register
    _remote_asset_library_restore_backups()
    ~~~~~~~~~~~~~~~~~~~~~~~~~~~~~~~~~~~~~^^
  File "/usr/share/blender/5.2/scripts/addons_core/bl_pkg/__init__.py", line 580, in _remote_asset_library_restore_backups
    from _bpy_internal.assets.remote_library import listing_downloader
  File "/usr/share/blender/5.2/scripts/modules/_bpy_internal/assets/remote_library/listing_downloader.py", line 32, in <module>
    from _bpy_internal.http import downloader as http_dl
  File "/usr/share/blender/5.2/scripts/modules/_bpy_internal/http/downloader.py", line 51, in <module>
    import cattrs
ModuleNotFoundError: No module named 'cattrs'
00:00.318  blend            | Read blend: "/home/aaron/godwyn-boss-fight/models/astra_move_idle_guard_v2_wip.blend"
00:13.329  render           | Saved: 'renders/astra/rehost/idle_guard/idle_guard/preview/001.png'
Exception in module register(): /usr/share/blender/5.2/scripts/addons_core/bl_pkg/__init__.py
MOVE RENDER idle_guard 1
00:14.835  render           | Saved: 'renders/astra/rehost/idle_guard/idle_guard/preview/009.png'
MOVE RENDER idle_guard 9
00:16.131  render           | Saved: 'renders/astra/rehost/idle_guard/idle_guard/preview/017.png'
MOVE RENDER idle_guard 17
00:17.380  render           | Saved: 'renders/astra/rehost/idle_guard/idle_guard/preview/025.png'
MOVE RENDER idle_guard 25
00:18.600  render           | Saved: 'renders/astra/rehost/idle_guard/idle_guard/preview/033.png'
MOVE RENDER idle_guard 33
00:19.840  render           | Saved: 'renders/astra/rehost/idle_guard/idle_guard/preview/041.png'
MOVE RENDER idle_guard 41
00:21.102  render           | Saved: 'renders/astra/rehost/idle_guard/idle_guard/preview/049.png'
MOVE RENDER idle_guard 49
00:22.376  render           | Saved: 'renders/astra/rehost/idle_guard/idle_guard/preview/057.png'
MOVE RENDER idle_guard 57
00:23.641  render           | Saved: 'renders/astra/rehost/idle_guard/idle_guard/preview/065.png'
MOVE RENDER idle_guard 65
00:24.927  render           | Saved: 'renders/astra/rehost/idle_guard/idle_guard/preview/073.png'
MOVE RENDER idle_guard 73
00:26.190  render           | Saved: 'renders/astra/rehost/idle_guard/idle_guard/preview/081.png'
MOVE RENDER idle_guard 81
00:27.394  render           | Saved: 'renders/astra/rehost/idle_guard/idle_guard/preview/089.png'
MOVE RENDER idle_guard 89
00:28.673  render           | Saved: 'renders/astra/rehost/idle_guard/idle_guard/preview/097.png'
MOVE RENDER idle_guard 97
Blender 5.2.0 LTS (hash fbe6228777e7 built 2026-07-15 11:48:12)

Blender quit
