00:00.979  blend            | Read blend: "/Users/aaron_7nh0yzm/godwyn-boss-fight/models/astra_move_idle_guard_v2_wip.blend"
00:15.248  render           | Saved: 'renders/astra/rehost/idle_guard/idle_guard/preview/001.png'
[INFO ] services.locationservice ...............: Not adding link to MakeHuman user data, since neither explicit path nor auto-discovery is set in preferences.
[INFO ] mpfb.init ..............................: Build info FROM_SOURCE
[INFO ] mpfb.init ..............................: Online access preference is not enabled. Not checking if MakeHuman is online.
[INFO ] mpfb.init ..............................: MPFB initialization has finished.
MOVE RENDER idle_guard 1
00:20.066  render           | Saved: 'renders/astra/rehost/idle_guard/idle_guard/preview/009.png'
MOVE RENDER idle_guard 9
00:25.011  render           | Saved: 'renders/astra/rehost/idle_guard/idle_guard/preview/017.png'
MOVE RENDER idle_guard 17
00:29.719  render           | Saved: 'renders/astra/rehost/idle_guard/idle_guard/preview/025.png'
MOVE RENDER idle_guard 25
00:34.132  render           | Saved: 'renders/astra/rehost/idle_guard/idle_guard/preview/033.png'
MOVE RENDER idle_guard 33
00:38.262  render           | Saved: 'renders/astra/rehost/idle_guard/idle_guard/preview/041.png'
MOVE RENDER idle_guard 41
00:42.372  render           | Saved: 'renders/astra/rehost/idle_guard/idle_guard/preview/049.png'
MOVE RENDER idle_guard 49
00:46.511  render           | Saved: 'renders/astra/rehost/idle_guard/idle_guard/preview/057.png'
MOVE RENDER idle_guard 57
00:51.350  render           | Saved: 'renders/astra/rehost/idle_guard/idle_guard/preview/065.png'
MOVE RENDER idle_guard 65
00:55.526  render           | Saved: 'renders/astra/rehost/idle_guard/idle_guard/preview/073.png'
MOVE RENDER idle_guard 73
00:59.739  render           | Saved: 'renders/astra/rehost/idle_guard/idle_guard/preview/081.png'
MOVE RENDER idle_guard 81
01:03.612  render           | Saved: 'renders/astra/rehost/idle_guard/idle_guard/preview/089.png'
MOVE RENDER idle_guard 89
01:07.460  render           | Saved: 'renders/astra/rehost/idle_guard/idle_guard/preview/097.png'
MOVE RENDER idle_guard 97
Blender 5.2.1 LTS (hash 9e2066aef7ef built 2026-08-25 01:35:57)

Blender quit
