Traceback (most recent call last):
  File "/usr/share/blender/5.2/scripts/modules/addon_utils.py", line 543, in enable
    mod.register()
    ~~~~~~~~~~~~^^
  File "/usr/share/blender/5.2/scripts/addons_core/bl_pkg/__init__.py", line 986, in register
    _remote_asset_library_restore_backups()
    ~~~~~~~~~~~~~~~~~~~~~~~~~~~~~~~~~~~~~^^
  File "/usr/share/blender/5.2/scripts/addons_core/bl_pkg/__init__.py", line 580, in _remote_asset_library_restore_backups
    from _bpy_internal.assets.remote_library import listing_downloader
  File "/usr/share/blender/5.2/scripts/modules/_bpy_internal/assets/remote_library/listing_downloader.py", line 32, in <module>
    from _bpy_internal.http import downloader as http_dl
  File "/usr/share/blender/5.2/scripts/modules/_bpy_internal/http/downloader.py", line 51, in <module>
    import cattrs
ModuleNotFoundError: No module named 'cattrs'
00:00.366  blend            | Read blend: "/home/aaron/godwyn-boss-fight/models/astra_move_idle_guard_v2_wip.blend"
Exception in module register(): /usr/share/blender/5.2/scripts/addons_core/bl_pkg/__init__.py
SURFACE idle_guard 20
SURFACE idle_guard 40
SURFACE idle_guard 60
SURFACE idle_guard 80
SURFACE COMPLETE {"name": "idle_guard", "floor_z": -0.014999999664723873, "sole_vertex_counts": {"Left": 1262, "Right": 1419}, "cloth_vertex_counts": {"phys_robe_front_C": 36, "phys_robe_front_L": 1934, "phys_robe_front_R": 1527, "phys_robe_side_L": 6941, "phys_robe_side_R": 6025, "phys_cape_C": 4444, "phys_cape_L": 9866, "phys_cape_R": 9354}, "old_body": {"sole_min_m": 0.0015425890311598772, "cloth_min_m": 3.084108233451788e-05}, "v2_body": {"sole_min_m": 0.0021454086527228355, "cloth_min_m": 0.0006976081058382988, "sole_worst_frame": 16, "cloth_worst_frame": 87}, "planted_penetration_frames": {"Left": [], "Right": []}, "cloth_threshold_m": 3.084108233451788e-05, "cloth_same_or_better_with_tolerance": true}
Blender 5.2.0 LTS (hash fbe6228777e7 built 2026-07-15 11:48:12)

Blender quit
