00:00.940  blend            | Read blend: "/Users/aaron_7nh0yzm/godwyn-boss-fight/models/astra_move_idle_guard_wip.blend"
00:21.097  render           | Saved: '/Users/aaron_7nh0yzm/godwyn-boss-fight/renders/astra/moves/idle_guard/preview/001.png'
MOVE RENDER idle_guard 1
00:27.845  render           | Saved: '/Users/aaron_7nh0yzm/godwyn-boss-fight/renders/astra/moves/idle_guard/preview/009.png'
MOVE RENDER idle_guard 9
00:35.335  render           | Saved: '/Users/aaron_7nh0yzm/godwyn-boss-fight/renders/astra/moves/idle_guard/preview/017.png'
MOVE RENDER idle_guard 17
00:45.309  render           | Saved: '/Users/aaron_7nh0yzm/godwyn-boss-fight/renders/astra/moves/idle_guard/preview/025.png'
MOVE RENDER idle_guard 25
00:47.115  render           | Saved: '/Users/aaron_7nh0yzm/godwyn-boss-fight/renders/astra/moves/idle_guard/preview/033.png'
MOVE RENDER idle_guard 33
00:49.413  render           | Saved: '/Users/aaron_7nh0yzm/godwyn-boss-fight/renders/astra/moves/idle_guard/preview/041.png'
MOVE RENDER idle_guard 41
00:50.805  render           | Saved: '/Users/aaron_7nh0yzm/godwyn-boss-fight/renders/astra/moves/idle_guard/preview/049.png'
MOVE RENDER idle_guard 49
00:52.841  render           | Saved: '/Users/aaron_7nh0yzm/godwyn-boss-fight/renders/astra/moves/idle_guard/preview/057.png'
MOVE RENDER idle_guard 57
00:55.061  render           | Saved: '/Users/aaron_7nh0yzm/godwyn-boss-fight/renders/astra/moves/idle_guard/preview/065.png'
MOVE RENDER idle_guard 65
00:57.452  render           | Saved: '/Users/aaron_7nh0yzm/godwyn-boss-fight/renders/astra/moves/idle_guard/preview/073.png'
MOVE RENDER idle_guard 73
01:00.154  render           | Saved: '/Users/aaron_7nh0yzm/godwyn-boss-fight/renders/astra/moves/idle_guard/preview/081.png'
MOVE RENDER idle_guard 81
01:02.806  render           | Saved: '/Users/aaron_7nh0yzm/godwyn-boss-fight/renders/astra/moves/idle_guard/preview/089.png'
MOVE RENDER idle_guard 89
01:05.585  render           | Saved: '/Users/aaron_7nh0yzm/godwyn-boss-fight/renders/astra/moves/idle_guard/preview/097.png'
MOVE RENDER idle_guard 97
Blender 5.2.1 LTS (hash 9e2066aef7ef built 2026-08-25 01:35:57)

Blender quit
