00:00.820  blend            | Read blend: "/Users/aaron_7nh0yzm/godwyn-boss-fight/models/astra_move_lunge_thrust_wip.blend"
00:03.364  render           | Saved: '/Users/aaron_7nh0yzm/godwyn-boss-fight/renders/astra/moves/lunge_thrust/preview/001.png'
[INFO ] services.locationservice ...............: Not adding link to MakeHuman user data, since neither explicit path nor auto-discovery is set in preferences.
[INFO ] mpfb.init ..............................: Build info FROM_SOURCE
[INFO ] mpfb.init ..............................: Online access preference is not enabled. Not checking if MakeHuman is online.
[INFO ] mpfb.init ..............................: MPFB initialization has finished.
MOVE RENDER lunge_thrust 1
00:04.064  render           | Saved: '/Users/aaron_7nh0yzm/godwyn-boss-fight/renders/astra/moves/lunge_thrust/preview/011.png'
MOVE RENDER lunge_thrust 11
00:04.419  render           | Saved: '/Users/aaron_7nh0yzm/godwyn-boss-fight/renders/astra/moves/lunge_thrust/preview/017.png'
MOVE RENDER lunge_thrust 17
00:04.750  render           | Saved: '/Users/aaron_7nh0yzm/godwyn-boss-fight/renders/astra/moves/lunge_thrust/preview/021.png'
MOVE RENDER lunge_thrust 21
00:05.088  render           | Saved: '/Users/aaron_7nh0yzm/godwyn-boss-fight/renders/astra/moves/lunge_thrust/preview/023.png'
MOVE RENDER lunge_thrust 23
00:05.560  render           | Saved: '/Users/aaron_7nh0yzm/godwyn-boss-fight/renders/astra/moves/lunge_thrust/preview/025.png'
MOVE RENDER lunge_thrust 25
00:06.012  render           | Saved: '/Users/aaron_7nh0yzm/godwyn-boss-fight/renders/astra/moves/lunge_thrust/preview/027.png'
MOVE RENDER lunge_thrust 27
00:06.443  render           | Saved: '/Users/aaron_7nh0yzm/godwyn-boss-fight/renders/astra/moves/lunge_thrust/preview/029.png'
MOVE RENDER lunge_thrust 29
00:06.855  render           | Saved: '/Users/aaron_7nh0yzm/godwyn-boss-fight/renders/astra/moves/lunge_thrust/preview/031.png'
MOVE RENDER lunge_thrust 31
00:07.244  render           | Saved: '/Users/aaron_7nh0yzm/godwyn-boss-fight/renders/astra/moves/lunge_thrust/preview/033.png'
MOVE RENDER lunge_thrust 33
00:07.641  render           | Saved: '/Users/aaron_7nh0yzm/godwyn-boss-fight/renders/astra/moves/lunge_thrust/preview/035.png'
MOVE RENDER lunge_thrust 35
00:07.969  render           | Saved: '/Users/aaron_7nh0yzm/godwyn-boss-fight/renders/astra/moves/lunge_thrust/preview/037.png'
MOVE RENDER lunge_thrust 37
00:08.278  render           | Saved: '/Users/aaron_7nh0yzm/godwyn-boss-fight/renders/astra/moves/lunge_thrust/preview/039.png'
MOVE RENDER lunge_thrust 39
00:08.602  render           | Saved: '/Users/aaron_7nh0yzm/godwyn-boss-fight/renders/astra/moves/lunge_thrust/preview/041.png'
MOVE RENDER lunge_thrust 41
00:08.917  render           | Saved: '/Users/aaron_7nh0yzm/godwyn-boss-fight/renders/astra/moves/lunge_thrust/preview/043.png'
MOVE RENDER lunge_thrust 43
00:09.234  render           | Saved: '/Users/aaron_7nh0yzm/godwyn-boss-fight/renders/astra/moves/lunge_thrust/preview/045.png'
MOVE RENDER lunge_thrust 45
00:09.553  render           | Saved: '/Users/aaron_7nh0yzm/godwyn-boss-fight/renders/astra/moves/lunge_thrust/preview/047.png'
MOVE RENDER lunge_thrust 47
00:09.880  render           | Saved: '/Users/aaron_7nh0yzm/godwyn-boss-fight/renders/astra/moves/lunge_thrust/preview/049.png'
MOVE RENDER lunge_thrust 49
00:10.194  render           | Saved: '/Users/aaron_7nh0yzm/godwyn-boss-fight/renders/astra/moves/lunge_thrust/preview/053.png'
MOVE RENDER lunge_thrust 53
00:10.502  render           | Saved: '/Users/aaron_7nh0yzm/godwyn-boss-fight/renders/astra/moves/lunge_thrust/preview/057.png'
MOVE RENDER lunge_thrust 57
00:10.843  render           | Saved: '/Users/aaron_7nh0yzm/godwyn-boss-fight/renders/astra/moves/lunge_thrust/preview/061.png'
MOVE RENDER lunge_thrust 61
00:11.164  render           | Saved: '/Users/aaron_7nh0yzm/godwyn-boss-fight/renders/astra/moves/lunge_thrust/preview/064.png'
MOVE RENDER lunge_thrust 64
Blender 5.2.1 LTS (hash 9e2066aef7ef built 2026-08-25 01:35:57)

Blender quit
