00:00.922  blend            | Read blend: "/Users/aaron_7nh0yzm/godwyn-boss-fight/models/astra_move_lunge_thrust_wip.blend"
00:05.189  render           | Saved: '/Users/aaron_7nh0yzm/godwyn-boss-fight/renders/astra/moves/lunge_thrust/frames/001.png'
[INFO ] services.locationservice ...............: Not adding link to MakeHuman user data, since neither explicit path nor auto-discovery is set in preferences.
[INFO ] mpfb.init ..............................: Build info FROM_SOURCE
[INFO ] mpfb.init ..............................: Online access preference is not enabled. Not checking if MakeHuman is online.
[INFO ] mpfb.init ..............................: MPFB initialization has finished.
MOVE RENDER lunge_thrust 1
00:08.350  render           | Saved: '/Users/aaron_7nh0yzm/godwyn-boss-fight/renders/astra/moves/lunge_thrust/frames/002.png'
MOVE RENDER lunge_thrust 2
00:09.826  render           | Saved: '/Users/aaron_7nh0yzm/godwyn-boss-fight/renders/astra/moves/lunge_thrust/frames/003.png'
MOVE RENDER lunge_thrust 3
00:11.122  render           | Saved: '/Users/aaron_7nh0yzm/godwyn-boss-fight/renders/astra/moves/lunge_thrust/frames/004.png'
MOVE RENDER lunge_thrust 4
00:12.340  render           | Saved: '/Users/aaron_7nh0yzm/godwyn-boss-fight/renders/astra/moves/lunge_thrust/frames/005.png'
MOVE RENDER lunge_thrust 5
00:13.581  render           | Saved: '/Users/aaron_7nh0yzm/godwyn-boss-fight/renders/astra/moves/lunge_thrust/frames/006.png'
MOVE RENDER lunge_thrust 6
00:15.432  render           | Saved: '/Users/aaron_7nh0yzm/godwyn-boss-fight/renders/astra/moves/lunge_thrust/frames/007.png'
MOVE RENDER lunge_thrust 7
00:16.739  render           | Saved: '/Users/aaron_7nh0yzm/godwyn-boss-fight/renders/astra/moves/lunge_thrust/frames/008.png'
MOVE RENDER lunge_thrust 8
00:17.618  render           | Saved: '/Users/aaron_7nh0yzm/godwyn-boss-fight/renders/astra/moves/lunge_thrust/frames/009.png'
MOVE RENDER lunge_thrust 9
00:18.505  render           | Saved: '/Users/aaron_7nh0yzm/godwyn-boss-fight/renders/astra/moves/lunge_thrust/frames/010.png'
MOVE RENDER lunge_thrust 10
00:19.422  render           | Saved: '/Users/aaron_7nh0yzm/godwyn-boss-fight/renders/astra/moves/lunge_thrust/frames/011.png'
MOVE RENDER lunge_thrust 11
00:20.310  render           | Saved: '/Users/aaron_7nh0yzm/godwyn-boss-fight/renders/astra/moves/lunge_thrust/frames/012.png'
MOVE RENDER lunge_thrust 12
00:21.160  render           | Saved: '/Users/aaron_7nh0yzm/godwyn-boss-fight/renders/astra/moves/lunge_thrust/frames/013.png'
MOVE RENDER lunge_thrust 13
00:22.144  render           | Saved: '/Users/aaron_7nh0yzm/godwyn-boss-fight/renders/astra/moves/lunge_thrust/frames/014.png'
MOVE RENDER lunge_thrust 14
00:23.069  render           | Saved: '/Users/aaron_7nh0yzm/godwyn-boss-fight/renders/astra/moves/lunge_thrust/frames/015.png'
MOVE RENDER lunge_thrust 15
00:23.943  render           | Saved: '/Users/aaron_7nh0yzm/godwyn-boss-fight/renders/astra/moves/lunge_thrust/frames/016.png'
MOVE RENDER lunge_thrust 16
00:24.848  render           | Saved: '/Users/aaron_7nh0yzm/godwyn-boss-fight/renders/astra/moves/lunge_thrust/frames/017.png'
MOVE RENDER lunge_thrust 17
00:25.796  render           | Saved: '/Users/aaron_7nh0yzm/godwyn-boss-fight/renders/astra/moves/lunge_thrust/frames/018.png'
MOVE RENDER lunge_thrust 18
00:26.713  render           | Saved: '/Users/aaron_7nh0yzm/godwyn-boss-fight/renders/astra/moves/lunge_thrust/frames/019.png'
MOVE RENDER lunge_thrust 19
00:27.697  render           | Saved: '/Users/aaron_7nh0yzm/godwyn-boss-fight/renders/astra/moves/lunge_thrust/frames/020.png'
MOVE RENDER lunge_thrust 20
00:28.564  render           | Saved: '/Users/aaron_7nh0yzm/godwyn-boss-fight/renders/astra/moves/lunge_thrust/frames/021.png'
MOVE RENDER lunge_thrust 21
00:29.416  render           | Saved: '/Users/aaron_7nh0yzm/godwyn-boss-fight/renders/astra/moves/lunge_thrust/frames/022.png'
MOVE RENDER lunge_thrust 22
00:30.239  render           | Saved: '/Users/aaron_7nh0yzm/godwyn-boss-fight/renders/astra/moves/lunge_thrust/frames/023.png'
MOVE RENDER lunge_thrust 23
00:31.075  render           | Saved: '/Users/aaron_7nh0yzm/godwyn-boss-fight/renders/astra/moves/lunge_thrust/frames/024.png'
MOVE RENDER lunge_thrust 24
00:32.152  render           | Saved: '/Users/aaron_7nh0yzm/godwyn-boss-fight/renders/astra/moves/lunge_thrust/frames/025.png'
MOVE RENDER lunge_thrust 25
00:33.204  render           | Saved: '/Users/aaron_7nh0yzm/godwyn-boss-fight/renders/astra/moves/lunge_thrust/frames/026.png'
MOVE RENDER lunge_thrust 26
00:34.319  render           | Saved: '/Users/aaron_7nh0yzm/godwyn-boss-fight/renders/astra/moves/lunge_thrust/frames/027.png'
MOVE RENDER lunge_thrust 27
00:35.450  render           | Saved: '/Users/aaron_7nh0yzm/godwyn-boss-fight/renders/astra/moves/lunge_thrust/frames/028.png'
MOVE RENDER lunge_thrust 28
00:36.682  render           | Saved: '/Users/aaron_7nh0yzm/godwyn-boss-fight/renders/astra/moves/lunge_thrust/frames/029.png'
MOVE RENDER lunge_thrust 29
00:37.855  render           | Saved: '/Users/aaron_7nh0yzm/godwyn-boss-fight/renders/astra/moves/lunge_thrust/frames/030.png'
MOVE RENDER lunge_thrust 30
00:38.964  render           | Saved: '/Users/aaron_7nh0yzm/godwyn-boss-fight/renders/astra/moves/lunge_thrust/frames/031.png'
MOVE RENDER lunge_thrust 31
00:40.046  render           | Saved: '/Users/aaron_7nh0yzm/godwyn-boss-fight/renders/astra/moves/lunge_thrust/frames/032.png'
MOVE RENDER lunge_thrust 32
00:41.078  render           | Saved: '/Users/aaron_7nh0yzm/godwyn-boss-fight/renders/astra/moves/lunge_thrust/frames/033.png'
MOVE RENDER lunge_thrust 33
00:42.222  render           | Saved: '/Users/aaron_7nh0yzm/godwyn-boss-fight/renders/astra/moves/lunge_thrust/frames/034.png'
MOVE RENDER lunge_thrust 34
00:43.381  render           | Saved: '/Users/aaron_7nh0yzm/godwyn-boss-fight/renders/astra/moves/lunge_thrust/frames/035.png'
MOVE RENDER lunge_thrust 35
00:44.290  render           | Saved: '/Users/aaron_7nh0yzm/godwyn-boss-fight/renders/astra/moves/lunge_thrust/frames/036.png'
MOVE RENDER lunge_thrust 36
00:45.132  render           | Saved: '/Users/aaron_7nh0yzm/godwyn-boss-fight/renders/astra/moves/lunge_thrust/frames/037.png'
MOVE RENDER lunge_thrust 37
00:46.131  render           | Saved: '/Users/aaron_7nh0yzm/godwyn-boss-fight/renders/astra/moves/lunge_thrust/frames/038.png'
MOVE RENDER lunge_thrust 38
00:47.077  render           | Saved: '/Users/aaron_7nh0yzm/godwyn-boss-fight/renders/astra/moves/lunge_thrust/frames/039.png'
MOVE RENDER lunge_thrust 39
00:47.969  render           | Saved: '/Users/aaron_7nh0yzm/godwyn-boss-fight/renders/astra/moves/lunge_thrust/frames/040.png'
MOVE RENDER lunge_thrust 40
00:48.864  render           | Saved: '/Users/aaron_7nh0yzm/godwyn-boss-fight/renders/astra/moves/lunge_thrust/frames/041.png'
MOVE RENDER lunge_thrust 41
00:49.787  render           | Saved: '/Users/aaron_7nh0yzm/godwyn-boss-fight/renders/astra/moves/lunge_thrust/frames/042.png'
MOVE RENDER lunge_thrust 42
00:50.673  render           | Saved: '/Users/aaron_7nh0yzm/godwyn-boss-fight/renders/astra/moves/lunge_thrust/frames/043.png'
MOVE RENDER lunge_thrust 43
00:51.560  render           | Saved: '/Users/aaron_7nh0yzm/godwyn-boss-fight/renders/astra/moves/lunge_thrust/frames/044.png'
MOVE RENDER lunge_thrust 44
00:52.435  render           | Saved: '/Users/aaron_7nh0yzm/godwyn-boss-fight/renders/astra/moves/lunge_thrust/frames/045.png'
MOVE RENDER lunge_thrust 45
00:53.358  render           | Saved: '/Users/aaron_7nh0yzm/godwyn-boss-fight/renders/astra/moves/lunge_thrust/frames/046.png'
MOVE RENDER lunge_thrust 46
00:54.302  render           | Saved: '/Users/aaron_7nh0yzm/godwyn-boss-fight/renders/astra/moves/lunge_thrust/frames/047.png'
MOVE RENDER lunge_thrust 47
00:55.313  render           | Saved: '/Users/aaron_7nh0yzm/godwyn-boss-fight/renders/astra/moves/lunge_thrust/frames/048.png'
MOVE RENDER lunge_thrust 48
00:56.270  render           | Saved: '/Users/aaron_7nh0yzm/godwyn-boss-fight/renders/astra/moves/lunge_thrust/frames/049.png'
MOVE RENDER lunge_thrust 49
00:57.184  render           | Saved: '/Users/aaron_7nh0yzm/godwyn-boss-fight/renders/astra/moves/lunge_thrust/frames/050.png'
MOVE RENDER lunge_thrust 50
00:58.058  render           | Saved: '/Users/aaron_7nh0yzm/godwyn-boss-fight/renders/astra/moves/lunge_thrust/frames/051.png'
MOVE RENDER lunge_thrust 51
00:58.975  render           | Saved: '/Users/aaron_7nh0yzm/godwyn-boss-fight/renders/astra/moves/lunge_thrust/frames/052.png'
MOVE RENDER lunge_thrust 52
00:59.930  render           | Saved: '/Users/aaron_7nh0yzm/godwyn-boss-fight/renders/astra/moves/lunge_thrust/frames/053.png'
MOVE RENDER lunge_thrust 53
01:00.827  render           | Saved: '/Users/aaron_7nh0yzm/godwyn-boss-fight/renders/astra/moves/lunge_thrust/frames/054.png'
MOVE RENDER lunge_thrust 54
01:01.714  render           | Saved: '/Users/aaron_7nh0yzm/godwyn-boss-fight/renders/astra/moves/lunge_thrust/frames/055.png'
MOVE RENDER lunge_thrust 55
01:02.711  render           | Saved: '/Users/aaron_7nh0yzm/godwyn-boss-fight/renders/astra/moves/lunge_thrust/frames/056.png'
MOVE RENDER lunge_thrust 56
01:03.743  render           | Saved: '/Users/aaron_7nh0yzm/godwyn-boss-fight/renders/astra/moves/lunge_thrust/frames/057.png'
MOVE RENDER lunge_thrust 57
01:04.639  render           | Saved: '/Users/aaron_7nh0yzm/godwyn-boss-fight/renders/astra/moves/lunge_thrust/frames/058.png'
MOVE RENDER lunge_thrust 58
01:05.547  render           | Saved: '/Users/aaron_7nh0yzm/godwyn-boss-fight/renders/astra/moves/lunge_thrust/frames/059.png'
MOVE RENDER lunge_thrust 59
01:06.446  render           | Saved: '/Users/aaron_7nh0yzm/godwyn-boss-fight/renders/astra/moves/lunge_thrust/frames/060.png'
MOVE RENDER lunge_thrust 60
01:07.293  render           | Saved: '/Users/aaron_7nh0yzm/godwyn-boss-fight/renders/astra/moves/lunge_thrust/frames/061.png'
MOVE RENDER lunge_thrust 61
01:08.219  render           | Saved: '/Users/aaron_7nh0yzm/godwyn-boss-fight/renders/astra/moves/lunge_thrust/frames/062.png'
MOVE RENDER lunge_thrust 62
01:09.169  render           | Saved: '/Users/aaron_7nh0yzm/godwyn-boss-fight/renders/astra/moves/lunge_thrust/frames/063.png'
MOVE RENDER lunge_thrust 63
01:10.075  render           | Saved: '/Users/aaron_7nh0yzm/godwyn-boss-fight/renders/astra/moves/lunge_thrust/frames/064.png'
MOVE RENDER lunge_thrust 64
Blender 5.2.1 LTS (hash 9e2066aef7ef built 2026-08-25 01:35:57)

Blender quit
