{
  "name": "lunge_thrust",
  "hips_yaw_peak_deg_s": 50.306860140533246,
  "airborne_frames": [
    16,
    17,
    18,
    19,
    20,
    21,
    22,
    23,
    24,
    25,
    26,
    27,
    28,
    29,
    30
  ],
  "end_root_velocity_m_s": [
    -0.012210309505462646,
    -0.3012657165527344,
    -0.05124092102050781
  ],
  "end_facing_vs_target_deg": 146.64204415261432,
  "end_blade_dot_forward": -0.8429979623292676,
  "vertical_hip_acceleration_m_s2": [
    {
      "frame": 16,
      "az": -9.810018539428711
    },
    {
      "frame": 17,
      "az": -9.809696674346924
    },
    {
      "frame": 18,
      "az": -9.810233116149902
    },
    {
      "frame": 19,
      "az": -9.809911251068115
    },
    {
      "frame": 20,
      "az": -9.810125827789307
    },
    {
      "frame": 21,
      "az": -9.80980396270752
    },
    {
      "frame": 22,
      "az": -9.810233116149902
    },
    {
      "frame": 23,
      "az": -9.80980396270752
    },
    {
      "frame": 24,
      "az": -9.810340404510498
    },
    {
      "frame": 25,
      "az": -9.809482097625732
    },
    {
      "frame": 26,
      "az": -9.810340404510498
    },
    {
      "frame": 27,
      "az": -9.810018539428711
    },
    {
      "frame": 28,
      "az": -9.80980396270752
    },
    {
      "frame": 29,
      "az": -9.810125827789307
    },
    {
      "frame": 30,
      "az": -9.810018539428711
    }
  ],
  "max_ballistic_gravity_error_m_s2": 0.0005179023742680755,
  "outside_support_events": [
    {
      "frame": 31,
      "margin_m": -0.03807577401830362,
      "next_supported_frame": 32,
      "next_additional_foot_contact": 39
    },
    {
      "frame": 36,
      "margin_m": -0.022372865903838673,
      "next_supported_frame": 39,
      "next_additional_foot_contact": 39
    },
    {
      "frame": 37,
      "margin_m": -0.08356882213331768,
      "next_supported_frame": 39,
      "next_additional_foot_contact": 39
    },
    {
      "frame": 38,
      "margin_m": -0.20028918158060122,
      "next_supported_frame": 39,
      "next_additional_foot_contact": 39
    },
    {
      "frame": 51,
      "margin_m": -0.0037383667683577697,
      "next_supported_frame": 55,
      "next_additional_foot_contact": 55
    },
    {
      "frame": 52,
      "margin_m": -0.00850982257421681,
      "next_supported_frame": 55,
      "next_additional_foot_contact": 55
    },
    {
      "frame": 53,
      "margin_m": -0.01274421272056405,
      "next_supported_frame": 55,
      "next_additional_foot_contact": 55
    },
    {
      "frame": 54,
      "margin_m": -0.016511321144840198,
      "next_supported_frame": 55,
      "next_additional_foot_contact": 55
    }
  ]
}
