00:00.531  blend            | Read blend: "/Users/aaron_7nh0yzm/godwyn-boss-fight/models/astra_move_walk_stalk_wip.blend"
00:04.113  render           | Saved: '/Users/aaron_7nh0yzm/godwyn-boss-fight/renders/astra/moves/walk_stalk/frames/001.png'
MOVE RENDER walk_stalk 1
00:05.065  render           | Saved: '/Users/aaron_7nh0yzm/godwyn-boss-fight/renders/astra/moves/walk_stalk/frames/002.png'
MOVE RENDER walk_stalk 2
00:06.162  render           | Saved: '/Users/aaron_7nh0yzm/godwyn-boss-fight/renders/astra/moves/walk_stalk/frames/003.png'
MOVE RENDER walk_stalk 3
00:07.977  render           | Saved: '/Users/aaron_7nh0yzm/godwyn-boss-fight/renders/astra/moves/walk_stalk/frames/004.png'
MOVE RENDER walk_stalk 4
00:09.236  render           | Saved: '/Users/aaron_7nh0yzm/godwyn-boss-fight/renders/astra/moves/walk_stalk/frames/005.png'
MOVE RENDER walk_stalk 5
00:10.395  render           | Saved: '/Users/aaron_7nh0yzm/godwyn-boss-fight/renders/astra/moves/walk_stalk/frames/006.png'
MOVE RENDER walk_stalk 6
00:11.509  render           | Saved: '/Users/aaron_7nh0yzm/godwyn-boss-fight/renders/astra/moves/walk_stalk/frames/007.png'
MOVE RENDER walk_stalk 7
00:12.342  render           | Saved: '/Users/aaron_7nh0yzm/godwyn-boss-fight/renders/astra/moves/walk_stalk/frames/008.png'
MOVE RENDER walk_stalk 8
00:13.124  render           | Saved: '/Users/aaron_7nh0yzm/godwyn-boss-fight/renders/astra/moves/walk_stalk/frames/009.png'
MOVE RENDER walk_stalk 9
00:13.905  render           | Saved: '/Users/aaron_7nh0yzm/godwyn-boss-fight/renders/astra/moves/walk_stalk/frames/010.png'
MOVE RENDER walk_stalk 10
00:14.715  render           | Saved: '/Users/aaron_7nh0yzm/godwyn-boss-fight/renders/astra/moves/walk_stalk/frames/011.png'
MOVE RENDER walk_stalk 11
00:15.483  render           | Saved: '/Users/aaron_7nh0yzm/godwyn-boss-fight/renders/astra/moves/walk_stalk/frames/012.png'
MOVE RENDER walk_stalk 12
00:16.277  render           | Saved: '/Users/aaron_7nh0yzm/godwyn-boss-fight/renders/astra/moves/walk_stalk/frames/013.png'
MOVE RENDER walk_stalk 13
00:17.063  render           | Saved: '/Users/aaron_7nh0yzm/godwyn-boss-fight/renders/astra/moves/walk_stalk/frames/014.png'
MOVE RENDER walk_stalk 14
00:17.850  render           | Saved: '/Users/aaron_7nh0yzm/godwyn-boss-fight/renders/astra/moves/walk_stalk/frames/015.png'
MOVE RENDER walk_stalk 15
00:18.634  render           | Saved: '/Users/aaron_7nh0yzm/godwyn-boss-fight/renders/astra/moves/walk_stalk/frames/016.png'
MOVE RENDER walk_stalk 16
00:19.433  render           | Saved: '/Users/aaron_7nh0yzm/godwyn-boss-fight/renders/astra/moves/walk_stalk/frames/017.png'
MOVE RENDER walk_stalk 17
00:20.250  render           | Saved: '/Users/aaron_7nh0yzm/godwyn-boss-fight/renders/astra/moves/walk_stalk/frames/018.png'
MOVE RENDER walk_stalk 18
00:21.055  render           | Saved: '/Users/aaron_7nh0yzm/godwyn-boss-fight/renders/astra/moves/walk_stalk/frames/019.png'
MOVE RENDER walk_stalk 19
00:21.855  render           | Saved: '/Users/aaron_7nh0yzm/godwyn-boss-fight/renders/astra/moves/walk_stalk/frames/020.png'
MOVE RENDER walk_stalk 20
00:22.643  render           | Saved: '/Users/aaron_7nh0yzm/godwyn-boss-fight/renders/astra/moves/walk_stalk/frames/021.png'
MOVE RENDER walk_stalk 21
00:23.461  render           | Saved: '/Users/aaron_7nh0yzm/godwyn-boss-fight/renders/astra/moves/walk_stalk/frames/022.png'
MOVE RENDER walk_stalk 22
00:24.269  render           | Saved: '/Users/aaron_7nh0yzm/godwyn-boss-fight/renders/astra/moves/walk_stalk/frames/023.png'
MOVE RENDER walk_stalk 23
00:25.092  render           | Saved: '/Users/aaron_7nh0yzm/godwyn-boss-fight/renders/astra/moves/walk_stalk/frames/024.png'
MOVE RENDER walk_stalk 24
00:25.900  render           | Saved: '/Users/aaron_7nh0yzm/godwyn-boss-fight/renders/astra/moves/walk_stalk/frames/025.png'
MOVE RENDER walk_stalk 25
00:26.684  render           | Saved: '/Users/aaron_7nh0yzm/godwyn-boss-fight/renders/astra/moves/walk_stalk/frames/026.png'
MOVE RENDER walk_stalk 26
00:27.497  render           | Saved: '/Users/aaron_7nh0yzm/godwyn-boss-fight/renders/astra/moves/walk_stalk/frames/027.png'
MOVE RENDER walk_stalk 27
00:28.299  render           | Saved: '/Users/aaron_7nh0yzm/godwyn-boss-fight/renders/astra/moves/walk_stalk/frames/028.png'
MOVE RENDER walk_stalk 28
00:29.111  render           | Saved: '/Users/aaron_7nh0yzm/godwyn-boss-fight/renders/astra/moves/walk_stalk/frames/029.png'
MOVE RENDER walk_stalk 29
00:29.896  render           | Saved: '/Users/aaron_7nh0yzm/godwyn-boss-fight/renders/astra/moves/walk_stalk/frames/030.png'
MOVE RENDER walk_stalk 30
00:30.697  render           | Saved: '/Users/aaron_7nh0yzm/godwyn-boss-fight/renders/astra/moves/walk_stalk/frames/031.png'
MOVE RENDER walk_stalk 31
00:31.465  render           | Saved: '/Users/aaron_7nh0yzm/godwyn-boss-fight/renders/astra/moves/walk_stalk/frames/032.png'
MOVE RENDER walk_stalk 32
00:32.252  render           | Saved: '/Users/aaron_7nh0yzm/godwyn-boss-fight/renders/astra/moves/walk_stalk/frames/033.png'
MOVE RENDER walk_stalk 33
00:33.019  render           | Saved: '/Users/aaron_7nh0yzm/godwyn-boss-fight/renders/astra/moves/walk_stalk/frames/034.png'
MOVE RENDER walk_stalk 34
00:33.811  render           | Saved: '/Users/aaron_7nh0yzm/godwyn-boss-fight/renders/astra/moves/walk_stalk/frames/035.png'
MOVE RENDER walk_stalk 35
00:34.571  render           | Saved: '/Users/aaron_7nh0yzm/godwyn-boss-fight/renders/astra/moves/walk_stalk/frames/036.png'
MOVE RENDER walk_stalk 36
00:35.403  render           | Saved: '/Users/aaron_7nh0yzm/godwyn-boss-fight/renders/astra/moves/walk_stalk/frames/037.png'
MOVE RENDER walk_stalk 37
00:36.176  render           | Saved: '/Users/aaron_7nh0yzm/godwyn-boss-fight/renders/astra/moves/walk_stalk/frames/038.png'
MOVE RENDER walk_stalk 38
00:36.969  render           | Saved: '/Users/aaron_7nh0yzm/godwyn-boss-fight/renders/astra/moves/walk_stalk/frames/039.png'
MOVE RENDER walk_stalk 39
00:37.736  render           | Saved: '/Users/aaron_7nh0yzm/godwyn-boss-fight/renders/astra/moves/walk_stalk/frames/040.png'
MOVE RENDER walk_stalk 40
00:38.530  render           | Saved: '/Users/aaron_7nh0yzm/godwyn-boss-fight/renders/astra/moves/walk_stalk/frames/041.png'
MOVE RENDER walk_stalk 41
00:39.334  render           | Saved: '/Users/aaron_7nh0yzm/godwyn-boss-fight/renders/astra/moves/walk_stalk/frames/042.png'
MOVE RENDER walk_stalk 42
00:40.150  render           | Saved: '/Users/aaron_7nh0yzm/godwyn-boss-fight/renders/astra/moves/walk_stalk/frames/043.png'
MOVE RENDER walk_stalk 43
00:40.939  render           | Saved: '/Users/aaron_7nh0yzm/godwyn-boss-fight/renders/astra/moves/walk_stalk/frames/044.png'
MOVE RENDER walk_stalk 44
00:41.740  render           | Saved: '/Users/aaron_7nh0yzm/godwyn-boss-fight/renders/astra/moves/walk_stalk/frames/045.png'
MOVE RENDER walk_stalk 45
00:42.523  render           | Saved: '/Users/aaron_7nh0yzm/godwyn-boss-fight/renders/astra/moves/walk_stalk/frames/046.png'
MOVE RENDER walk_stalk 46
00:43.322  render           | Saved: '/Users/aaron_7nh0yzm/godwyn-boss-fight/renders/astra/moves/walk_stalk/frames/047.png'
MOVE RENDER walk_stalk 47
00:44.137  render           | Saved: '/Users/aaron_7nh0yzm/godwyn-boss-fight/renders/astra/moves/walk_stalk/frames/048.png'
MOVE RENDER walk_stalk 48
00:44.995  render           | Saved: '/Users/aaron_7nh0yzm/godwyn-boss-fight/renders/astra/moves/walk_stalk/frames/049.png'
MOVE RENDER walk_stalk 49
00:45.779  render           | Saved: '/Users/aaron_7nh0yzm/godwyn-boss-fight/renders/astra/moves/walk_stalk/frames/050.png'
MOVE RENDER walk_stalk 50
00:46.597  render           | Saved: '/Users/aaron_7nh0yzm/godwyn-boss-fight/renders/astra/moves/walk_stalk/frames/051.png'
MOVE RENDER walk_stalk 51
00:47.377  render           | Saved: '/Users/aaron_7nh0yzm/godwyn-boss-fight/renders/astra/moves/walk_stalk/frames/052.png'
MOVE RENDER walk_stalk 52
00:48.195  render           | Saved: '/Users/aaron_7nh0yzm/godwyn-boss-fight/renders/astra/moves/walk_stalk/frames/053.png'
MOVE RENDER walk_stalk 53
00:48.997  render           | Saved: '/Users/aaron_7nh0yzm/godwyn-boss-fight/renders/astra/moves/walk_stalk/frames/054.png'
MOVE RENDER walk_stalk 54
00:49.791  render           | Saved: '/Users/aaron_7nh0yzm/godwyn-boss-fight/renders/astra/moves/walk_stalk/frames/055.png'
MOVE RENDER walk_stalk 55
00:50.568  render           | Saved: '/Users/aaron_7nh0yzm/godwyn-boss-fight/renders/astra/moves/walk_stalk/frames/056.png'
MOVE RENDER walk_stalk 56
00:51.407  render           | Saved: '/Users/aaron_7nh0yzm/godwyn-boss-fight/renders/astra/moves/walk_stalk/frames/057.png'
MOVE RENDER walk_stalk 57
00:52.186  render           | Saved: '/Users/aaron_7nh0yzm/godwyn-boss-fight/renders/astra/moves/walk_stalk/frames/058.png'
MOVE RENDER walk_stalk 58
00:53.036  render           | Saved: '/Users/aaron_7nh0yzm/godwyn-boss-fight/renders/astra/moves/walk_stalk/frames/059.png'
MOVE RENDER walk_stalk 59
00:53.881  render           | Saved: '/Users/aaron_7nh0yzm/godwyn-boss-fight/renders/astra/moves/walk_stalk/frames/060.png'
MOVE RENDER walk_stalk 60
00:54.691  render           | Saved: '/Users/aaron_7nh0yzm/godwyn-boss-fight/renders/astra/moves/walk_stalk/frames/061.png'
MOVE RENDER walk_stalk 61
00:55.531  render           | Saved: '/Users/aaron_7nh0yzm/godwyn-boss-fight/renders/astra/moves/walk_stalk/frames/062.png'
MOVE RENDER walk_stalk 62
00:56.355  render           | Saved: '/Users/aaron_7nh0yzm/godwyn-boss-fight/renders/astra/moves/walk_stalk/frames/063.png'
MOVE RENDER walk_stalk 63
00:57.171  render           | Saved: '/Users/aaron_7nh0yzm/godwyn-boss-fight/renders/astra/moves/walk_stalk/frames/064.png'
MOVE RENDER walk_stalk 64
00:58.062  render           | Saved: '/Users/aaron_7nh0yzm/godwyn-boss-fight/renders/astra/moves/walk_stalk/frames/065.png'
MOVE RENDER walk_stalk 65
00:59.016  render           | Saved: '/Users/aaron_7nh0yzm/godwyn-boss-fight/renders/astra/moves/walk_stalk/frames/066.png'
MOVE RENDER walk_stalk 66
01:00.064  render           | Saved: '/Users/aaron_7nh0yzm/godwyn-boss-fight/renders/astra/moves/walk_stalk/frames/067.png'
MOVE RENDER walk_stalk 67
01:00.976  render           | Saved: '/Users/aaron_7nh0yzm/godwyn-boss-fight/renders/astra/moves/walk_stalk/frames/068.png'
MOVE RENDER walk_stalk 68
01:01.908  render           | Saved: '/Users/aaron_7nh0yzm/godwyn-boss-fight/renders/astra/moves/walk_stalk/frames/069.png'
MOVE RENDER walk_stalk 69
01:02.724  render           | Saved: '/Users/aaron_7nh0yzm/godwyn-boss-fight/renders/astra/moves/walk_stalk/frames/070.png'
MOVE RENDER walk_stalk 70
01:03.572  render           | Saved: '/Users/aaron_7nh0yzm/godwyn-boss-fight/renders/astra/moves/walk_stalk/frames/071.png'
MOVE RENDER walk_stalk 71
01:04.368  render           | Saved: '/Users/aaron_7nh0yzm/godwyn-boss-fight/renders/astra/moves/walk_stalk/frames/072.png'
MOVE RENDER walk_stalk 72
Blender 5.2.1 LTS (hash 9e2066aef7ef built 2026-08-25 01:35:57)

Blender quit
