00:00.878  blend            | Read blend: "/Users/aaron_7nh0yzm/godwyn-boss-fight/models/astra_move_walk_stalk_wip.blend"
00:04.402  render           | Saved: '/Users/aaron_7nh0yzm/godwyn-boss-fight/renders/astra/moves/walk_stalk/preview/001.png'
MOVE RENDER walk_stalk 1
00:04.897  render           | Saved: '/Users/aaron_7nh0yzm/godwyn-boss-fight/renders/astra/moves/walk_stalk/preview/007.png'
MOVE RENDER walk_stalk 7
00:05.266  render           | Saved: '/Users/aaron_7nh0yzm/godwyn-boss-fight/renders/astra/moves/walk_stalk/preview/013.png'
MOVE RENDER walk_stalk 13
00:05.603  render           | Saved: '/Users/aaron_7nh0yzm/godwyn-boss-fight/renders/astra/moves/walk_stalk/preview/019.png'
MOVE RENDER walk_stalk 19
00:05.941  render           | Saved: '/Users/aaron_7nh0yzm/godwyn-boss-fight/renders/astra/moves/walk_stalk/preview/025.png'
MOVE RENDER walk_stalk 25
00:06.289  render           | Saved: '/Users/aaron_7nh0yzm/godwyn-boss-fight/renders/astra/moves/walk_stalk/preview/031.png'
MOVE RENDER walk_stalk 31
00:06.681  render           | Saved: '/Users/aaron_7nh0yzm/godwyn-boss-fight/renders/astra/moves/walk_stalk/preview/037.png'
MOVE RENDER walk_stalk 37
00:07.125  render           | Saved: '/Users/aaron_7nh0yzm/godwyn-boss-fight/renders/astra/moves/walk_stalk/preview/043.png'
MOVE RENDER walk_stalk 43
00:07.540  render           | Saved: '/Users/aaron_7nh0yzm/godwyn-boss-fight/renders/astra/moves/walk_stalk/preview/049.png'
MOVE RENDER walk_stalk 49
00:07.958  render           | Saved: '/Users/aaron_7nh0yzm/godwyn-boss-fight/renders/astra/moves/walk_stalk/preview/055.png'
MOVE RENDER walk_stalk 55
00:08.387  render           | Saved: '/Users/aaron_7nh0yzm/godwyn-boss-fight/renders/astra/moves/walk_stalk/preview/061.png'
MOVE RENDER walk_stalk 61
00:08.810  render           | Saved: '/Users/aaron_7nh0yzm/godwyn-boss-fight/renders/astra/moves/walk_stalk/preview/067.png'
MOVE RENDER walk_stalk 67
00:09.242  render           | Saved: '/Users/aaron_7nh0yzm/godwyn-boss-fight/renders/astra/moves/walk_stalk/preview/073.png'
MOVE RENDER walk_stalk 73
Blender 5.2.1 LTS (hash 9e2066aef7ef built 2026-08-25 01:35:57)

Blender quit
