00:01.155  blend            | Read blend: "/Users/aaron_7nh0yzm/godwyn-boss-fight/models/astra_character_v2.blend"
INFO Draco is available, use library at /Applications/Blender.app/Contents/Resources/5.2/scripts/addons_core/io_scene_gltf2/libbf_intern_draco_bridge.dylib
INFO MeshOptimizer is available, use library at /Applications/Blender.app/Contents/Resources/5.2/scripts/addons_core/io_scene_gltf2/libbf_intern_meshopt_bridge.dylib
23:37:41 | INFO: Starting glTF 2.0 export
23:37:41 | INFO: Extracting primitive: Astra tailored inner sleeve surface
23:37:41 | WARNING: More than one shader node tex image used for a texture. The resulting glTF sampler will behave like the first shader node tex image.
23:37:41 | INFO: Primitives created: 1
23:37:41 | INFO: Extracting primitive: AstraChar2_Cornea_L
23:37:41 | INFO: Primitives created: 1
23:37:41 | INFO: Extracting primitive: AstraChar2_Cornea_R
23:37:41 | INFO: Primitives created: 1
23:37:41 | INFO: Extracting primitive: Sphere
23:37:41 | INFO: Primitives created: 1
23:37:41 | INFO: Extracting primitive: Sphere.003
23:37:41 | INFO: Primitives created: 1
23:37:41 | INFO: Extracting primitive: AstraChar2_Eyebrows_L
23:37:41 | INFO: Primitives created: 1
23:37:41 | INFO: Extracting primitive: AstraChar2_Eyebrows_R
23:37:41 | INFO: Primitives created: 1
23:37:41 | INFO: Extracting primitive: AstraChar2_Iris_L
23:37:41 | INFO: Primitives created: 1
23:37:41 | INFO: Extracting primitive: AstraChar2_Iris_R
23:37:41 | INFO: Primitives created: 1
23:37:41 | INFO: Extracting primitive: AstraChar2_Lashes_L
23:37:41 | INFO: Primitives created: 1
23:37:41 | INFO: Extracting primitive: AstraChar2_Lashes_R
23:37:41 | INFO: Primitives created: 1
23:37:41 | INFO: Extracting primitive: Sphere.002
23:37:41 | INFO: Primitives created: 1
23:37:41 | INFO: Extracting primitive: Sphere.005
23:37:41 | INFO: Primitives created: 1
23:37:41 | INFO: Extracting primitive: AstraChar2_Pupil_L
23:37:41 | INFO: Primitives created: 1
23:37:41 | INFO: Extracting primitive: AstraChar2_Pupil_R
23:37:41 | INFO: Primitives created: 1
23:37:41 | INFO: Extracting primitive: AstraChar2_R2_HairFibers_0
23:37:41 | INFO: Primitives created: 0
23:37:41 | WARNING: Mesh 'AstraChar2_R2_HairFibers_0' has no primitives and will be omitted.
23:37:41 | INFO: Extracting primitive: AstraChar2_R2_HairFibers_1
23:37:41 | INFO: Primitives created: 0
23:37:41 | WARNING: Mesh 'AstraChar2_R2_HairFibers_1' has no primitives and will be omitted.
23:37:41 | INFO: Extracting primitive: AstraChar2_R2_HairFibers_2
23:37:41 | INFO: Primitives created: 0
23:37:41 | WARNING: Mesh 'AstraChar2_R2_HairFibers_2' has no primitives and will be omitted.
23:37:41 | INFO: Extracting primitive: AstraChar2_R2_HairFibers_3
23:37:41 | INFO: Primitives created: 0
23:37:41 | WARNING: Mesh 'AstraChar2_R2_HairFibers_3' has no primitives and will be omitted.
23:37:41 | INFO: Extracting primitive: AstraChar2_R2_HairlineWisps
23:37:41 | INFO: Primitives created: 0
23:37:41 | WARNING: Mesh 'AstraChar2_R2_HairlineWisps' has no primitives and will be omitted.
23:37:41 | INFO: Extracting primitive: AstraChar2_R2_HairRoots
23:37:41 | INFO: Primitives created: 0
23:37:41 | WARNING: Mesh 'AstraChar2_R2_HairRoots' has no primitives and will be omitted.
23:37:41 | INFO: Extracting primitive: AstraChar2_R3_ChasedLaurel
23:37:41 | INFO: Primitives created: 1
23:37:41 | INFO: Extracting primitive: AstraChar2_R3_Flow_L
23:37:41 | INFO: Primitives created: 0
23:37:41 | WARNING: Mesh 'AstraChar2_R3_Flow_L' has no primitives and will be omitted.
23:37:41 | INFO: Extracting primitive: AstraChar2_R3_Flow_R
23:37:41 | INFO: Primitives created: 0
23:37:41 | WARNING: Mesh 'AstraChar2_R3_Flow_R' has no primitives and will be omitted.
23:37:41 | INFO: Extracting primitive: AstraChar2_R3_Plait_L
23:37:41 | INFO: Primitives created: 0
23:37:41 | WARNING: Mesh 'AstraChar2_R3_Plait_L' has no primitives and will be omitted.
23:37:41 | INFO: Extracting primitive: AstraChar2_R3_Plait_R
23:37:41 | INFO: Primitives created: 0
23:37:41 | WARNING: Mesh 'AstraChar2_R3_Plait_R' has no primitives and will be omitted.
23:37:41 | INFO: Extracting primitive: Sphere.006
23:37:41 | INFO: Primitives created: 1
23:37:41 | INFO: Extracting primitive: R4 anatomical frontal scalp beneath roots
23:37:41 | INFO: Primitives created: 1
23:37:41 | INFO: Extracting primitive: R4 L_Back_0 portable individual strands
23:37:42 | INFO: Primitives created: 1
23:37:42 | INFO: Extracting primitive: R4 L_Back_1 portable individual strands
23:37:43 | INFO: Primitives created: 1
23:37:43 | INFO: Extracting primitive: R4 L_Braids portable individual strands
23:37:45 | INFO: Primitives created: 1
23:37:45 | INFO: Extracting primitive: R4 L_Front_0 portable individual strands
23:37:46 | INFO: Primitives created: 1
23:37:47 | INFO: Extracting primitive: R4 L_Front_1 portable individual strands
23:37:48 | INFO: Primitives created: 1
23:37:48 | INFO: Extracting primitive: R4 L_Side_0 portable individual strands
23:37:49 | INFO: Primitives created: 1
23:37:49 | INFO: Extracting primitive: R4 L_Side_1 portable individual strands
23:37:50 | INFO: Primitives created: 1
23:37:50 | INFO: Extracting primitive: R4 R_Back_0 portable individual strands
23:37:51 | INFO: Primitives created: 1
23:37:51 | INFO: Extracting primitive: R4 R_Back_1 portable individual strands
23:37:52 | INFO: Primitives created: 1
23:37:52 | INFO: Extracting primitive: R4 R_Braids portable individual strands
23:37:54 | INFO: Primitives created: 1
23:37:54 | INFO: Extracting primitive: R4 R_Front_0 portable individual strands
23:37:55 | INFO: Primitives created: 1
23:37:55 | INFO: Extracting primitive: R4 R_Front_1 portable individual strands
23:37:57 | INFO: Primitives created: 1
23:37:57 | INFO: Extracting primitive: R4 R_Side_0 portable individual strands
23:37:58 | INFO: Primitives created: 1
23:37:58 | INFO: Extracting primitive: R4 R_Side_1 portable individual strands
23:37:59 | INFO: Primitives created: 1
23:37:59 | INFO: Extracting primitive: Sphere.001
23:37:59 | INFO: Primitives created: 1
23:37:59 | INFO: Extracting primitive: Sphere.004
23:37:59 | INFO: Primitives created: 1
23:37:59 | INFO: Extracting primitive: AstraChar2_Wetline_L
23:37:59 | INFO: Primitives created: 1
23:37:59 | INFO: Extracting primitive: AstraChar2_Wetline_R
23:37:59 | INFO: Primitives created: 1
23:38:00 | INFO: Extracting primitive: AstraChar2 refined char1
23:38:01 | WARNING: More than one shader node tex image used for a texture. The resulting glTF sampler will behave like the first shader node tex image.
23:38:01 | WARNING: More than one shader node tex image used for a texture. The resulting glTF sampler will behave like the first shader node tex image.
23:38:02 | WARNING: More than one shader node tex image used for a texture. The resulting glTF sampler will behave like the first shader node tex image.
23:38:03 | INFO: Primitives created: 4
23:38:04 | INFO: Extracting primitive: Godwyn_Sword.001
23:38:04 | WARNING: More than one shader node tex image used for a texture. The resulting glTF sampler will behave like the first shader node tex image.
23:38:04 | INFO: Primitives created: 1
23:38:04 | INFO: Finished glTF 2.0 export in 23.694196939468384 s

Info: Saved as "astra_character_v2.blend"
23:38:07 | INFO: Data are loaded, start creating Blender stuff
23:38:07 | INFO: Blender create Mesh node Astra tailored inner sleeve surface
23:38:07 | INFO: Blender create Mesh node AstraChar2_Cornea_L
23:38:07 | INFO: Blender create Mesh node AstraChar2_Cornea_R
23:38:07 | INFO: Blender create Mesh node Sphere
23:38:07 | INFO: Blender create Mesh node Sphere.003
23:38:07 | INFO: Blender create Mesh node AstraChar2_Eyebrows_L
23:38:07 | INFO: Blender create Mesh node AstraChar2_Eyebrows_R
23:38:07 | INFO: Blender create Mesh node AstraChar2_Iris_L
23:38:07 | INFO: Blender create Mesh node AstraChar2_Iris_R
23:38:07 | INFO: Blender create Mesh node AstraChar2_Lashes_L
23:38:07 | INFO: Blender create Mesh node AstraChar2_Lashes_R
23:38:07 | INFO: Blender create Mesh node Sphere.002
23:38:07 | INFO: Blender create Mesh node Sphere.005
23:38:07 | INFO: Blender create Mesh node AstraChar2_Pupil_L
23:38:07 | INFO: Blender create Mesh node AstraChar2_Pupil_R
23:38:07 | INFO: Blender create Mesh node AstraChar2_R3_ChasedLaurel
23:38:07 | INFO: Blender create Mesh node Sphere.006
23:38:07 | INFO: Blender create Mesh node R4 anatomical frontal scalp beneath roots
23:38:08 | INFO: Blender create Mesh node R4 L_Back_0 portable individual strands
23:38:09 | INFO: Blender create Mesh node R4 L_Back_1 portable individual strands
23:38:10 | INFO: Blender create Mesh node R4 L_Braids portable individual strands
23:38:14 | INFO: Blender create Mesh node R4 L_Front_0 portable individual strands
23:38:15 | INFO: Blender create Mesh node R4 L_Front_1 portable individual strands
23:38:17 | INFO: Blender create Mesh node R4 L_Side_0 portable individual strands
23:38:18 | INFO: Blender create Mesh node R4 L_Side_1 portable individual strands
23:38:19 | INFO: Blender create Mesh node R4 R_Back_0 portable individual strands
23:38:20 | INFO: Blender create Mesh node R4 R_Back_1 portable individual strands
23:38:22 | INFO: Blender create Mesh node R4 R_Braids portable individual strands
23:38:24 | INFO: Blender create Mesh node R4 R_Front_0 portable individual strands
23:38:26 | INFO: Blender create Mesh node R4 R_Front_1 portable individual strands
23:38:27 | INFO: Blender create Mesh node R4 R_Side_0 portable individual strands
23:38:29 | INFO: Blender create Mesh node R4 R_Side_1 portable individual strands
23:38:30 | INFO: Blender create Mesh node Sphere.001
23:38:30 | INFO: Blender create Mesh node Sphere.004
23:38:30 | INFO: Blender create Mesh node AstraChar2_Wetline_L
23:38:30 | INFO: Blender create Mesh node AstraChar2_Wetline_R
23:38:30 | INFO: Blender create Mesh node AstraChar2 refined char1
23:38:32 | INFO: Blender create Mesh node Godwyn_Sword.001
23:38:32 | INFO: glTF import finished in 24.54s
{"path": "/Users/aaron_7nh0yzm/godwyn-boss-fight/models/astra_character_v2.glb", "bytes": 573672856, "skins": 1, "joints": [121], "animations": 0, "extensions": ["KHR_materials_clearcoat", "KHR_materials_transmission", "KHR_materials_emissive_strength", "KHR_materials_specular", "KHR_materials_sheen", "KHR_materials_anisotropy", "KHR_materials_ior"], "hair_nodes": ["phys_hair_back_03", "phys_hair_back_02", "phys_hair_back_01", "phys_hair_back_00", "phys_hair_front_L_03", "phys_hair_front_L_02", "phys_hair_front_L_01", "phys_hair_front_L_00", "phys_hair_front_R_03", "phys_hair_front_R_02", "phys_hair_front_R_01", "phys_hair_front_R_00"], "object_material_slots": {"Astra_Undersleeves": ["Astra Round2 royal blue undersleeves"], "AstraChar2_Cornea_L": ["AstraChar2 cornea"], "AstraChar2_Cornea_R": ["AstraChar2 cornea"], "AstraChar2_Eyeball_L": ["AstraChar2 living sclera"], "AstraChar2_Eyeball_R": ["AstraChar2 living sclera"], "AstraChar2_Eyebrows_L": ["AstraChar2 warm blonde eyebrows"], "AstraChar2_Eyebrows_R": ["AstraChar2 warm blonde eyebrows"], "AstraChar2_Iris_L": ["AstraChar2 hazel green iris"], "AstraChar2_Iris_R": ["AstraChar2 hazel green iris"], "AstraChar2_Lashes_L": ["AstraChar2 blonde lashes"], "AstraChar2_Lashes_R": ["AstraChar2 blonde lashes"], "AstraChar2_Nostril_L": ["AstraChar2 nostril interior"], "AstraChar2_Nostril_R": ["AstraChar2 nostril interior"], "AstraChar2_Pupil_L": ["AstraChar2 pupil"], "AstraChar2_Pupil_R": ["AstraChar2 pupil"], "AstraChar2_R2_HairFibers_0": ["AstraChar2 R2 hair 0"], "AstraChar2_R2_HairFibers_1": ["AstraChar2 R2 hair 1"], "AstraChar2_R2_HairFibers_2": ["AstraChar2 R2 hair 2"], "AstraChar2_R2_HairFibers_3": ["AstraChar2 R2 hair 3"], "AstraChar2_R2_HairlineWisps": ["AstraChar2 R2 hair 2"], "AstraChar2_R2_HairRoots": ["AstraChar2 R2 hair 0"], "AstraChar2_R3_ChasedLaurel": ["AstraChar2 R3 chased antique brass"], "AstraChar2_R3_Flow_L": ["AstraChar2 R2 hair 1"], "AstraChar2_R3_Flow_R": ["AstraChar2 R2 hair 1"], "AstraChar2_R3_Plait_L": ["AstraChar2 R2 hair 1"], "AstraChar2_R3_Plait_R": ["AstraChar2 R2 hair 1"], "AstraChar2_R4_Scalp": ["AstraChar2 R4 scalp beneath roots"], "AstraChar2_R4_ScalpRoots": ["AstraChar2 R4 scalp beneath roots"], "AstraChar2_R4_Strands_L_Back_0": ["AstraChar2 R4 Portable blonde 1"], "AstraChar2_R4_Strands_L_Back_1": ["AstraChar2 R4 Portable blonde 2"], "AstraChar2_R4_Strands_L_Braids": ["AstraChar2 R4 Portable blonde 1"], "AstraChar2_R4_Strands_L_Front_0": ["AstraChar2 R4 Portable blonde 1"], "AstraChar2_R4_Strands_L_Front_1": ["AstraChar2 R4 Portable blonde 2"], "AstraChar2_R4_Strands_L_Side_0": ["AstraChar2 R4 Portable blonde 1"], "AstraChar2_R4_Strands_L_Side_1": ["AstraChar2 R4 Portable blonde 2"], "AstraChar2_R4_Strands_R_Back_0": ["AstraChar2 R4 Portable blonde 1"], "AstraChar2_R4_Strands_R_Back_1": ["AstraChar2 R4 Portable blonde 2"], "AstraChar2_R4_Strands_R_Braids": ["AstraChar2 R4 Portable blonde 1"], "AstraChar2_R4_Strands_R_Front_0": ["AstraChar2 R4 Portable blonde 1"], "AstraChar2_R4_Strands_R_Front_1": ["AstraChar2 R4 Portable blonde 2"], "AstraChar2_R4_Strands_R_Side_0": ["AstraChar2 R4 Portable blonde 1"], "AstraChar2_R4_Strands_R_Side_1": ["AstraChar2 R4 Portable blonde 2"], "AstraChar2_TearCorner_L": ["AstraChar2 lacrimal wetline"], "AstraChar2_TearCorner_R": ["AstraChar2 lacrimal wetline"], "AstraChar2_Wetline_L": ["AstraChar2 lacrimal wetline"], "AstraChar2_Wetline_R": ["AstraChar2 lacrimal wetline"], "char1": ["Astra Round2 solid champagne gold", "Astra Round2 royal blue and continuous gold trim", "Astra pale golden skin final", "Astra engraved royal gold final", "Astra midnight blue woven silk final"], "Godwyn_Sword": ["Astra worn steel and gold hilt final"]}, "hair_skinned_mesh_nodes": ["AstraChar2_R4_Strands_L_Back_0", "AstraChar2_R4_Strands_L_Back_1", "AstraChar2_R4_Strands_L_Braids", "AstraChar2_R4_Strands_L_Front_0", "AstraChar2_R4_Strands_L_Front_1", "AstraChar2_R4_Strands_L_Side_0", "AstraChar2_R4_Strands_L_Side_1", "AstraChar2_R4_Strands_R_Back_0", "AstraChar2_R4_Strands_R_Back_1", "AstraChar2_R4_Strands_R_Braids", "AstraChar2_R4_Strands_R_Front_0", "AstraChar2_R4_Strands_R_Front_1", "AstraChar2_R4_Strands_R_Side_0", "AstraChar2_R4_Strands_R_Side_1"], "spring_profiles": 12, "reimport_meshes": 39, "reimport_armatures": {"Armature": 121}, "reimport_actions": 0}
Blender 5.2.1 LTS (hash 9e2066aef7ef built 2026-08-25 01:35:57)

Blender quit
