00:00.614  blend            | Read blend: "/Users/aaron_7nh0yzm/godwyn-boss-fight/models/astra_character_v2.blend"
[
  {
    "sample": [
      -0.1,
      3.08
    ],
    "surface": [
      -0.10000000149011612,
      -0.38484835624694824,
      3.0799999237060547
    ],
    "material": 2,
    "strands": [
      [
        0.0008371387957595289,
        [
          -0.10017120838165283,
          -0.38973167538642883,
          3.0791804790496826
        ],
        "AstraChar2_R4_Curves_R_Front_0"
      ],
      [
        0.0009025363251566887,
        [
          -0.1004413589835167,
          -0.3876422345638275,
          3.0792126655578613
        ],
        "AstraChar2_R4_Curves_R_Front_1"
      ],
      [
        0.001043485477566719,
        [
          -0.09939803183078766,
          -0.3895284831523895,
          3.0791475772857666
        ],
        "AstraChar2_R4_Curves_R_Front_1"
      ],
      [
        0.001086700358428061,
        [
          -0.09897300601005554,
          -0.3893805742263794,
          3.080355167388916
        ],
        "AstraChar2_R4_Curves_R_Front_1"
      ],
      [
        0.0013241871492937207,
        [
          -0.09893069416284561,
          -0.38966813683509827,
          3.0807809829711914
        ],
        "AstraChar2_R4_Curves_R_Front_0"
      ]
    ]
  },
  {
    "sample": [
      -0.08,
      3.06
    ],
    "surface": [
      -0.07999999821186066,
      -0.4102880358695984,
      3.059999942779541
    ],
    "material": 2,
    "strands": [
      [
        0.00012067574425600469,
        [
          -0.07993265241384506,
          -0.4154627025127411,
          3.0598998069763184
        ],
        "AstraChar2_R4_Curves_R_Front_0"
      ],
      [
        0.00025862589245662093,
        [
          -0.0801650881767273,
          -0.4152463376522064,
          3.060199022293091
        ],
        "AstraChar2_R4_Curves_R_Front_0"
      ],
      [
        0.00028149079298600554,
        [
          -0.07972851395606995,
          -0.41432079672813416,
          3.0599255561828613
        ],
        "AstraChar2_R4_Curves_R_Front_0"
      ],
      [
        0.00035497837234288454,
        [
          -0.08016958087682724,
          -0.41617709398269653,
          3.060311794281006
        ],
        "AstraChar2_R4_Curves_R_Front_1"
      ],
      [
        0.000511409540195018,
        [
          -0.08009330928325653,
          -0.4160137176513672,
          3.059497117996216
        ],
        "AstraChar2_R4_Curves_R_Front_1"
      ]
    ]
  },
  {
    "sample": [
      -0.12,
      3.07
    ],
    "surface": null,
    "material": null,
    "strands": [
      [
        0.0014466142747551203,
        [
          -0.12116412073373795,
          -0.35214632749557495,
          3.0708587169647217
        ],
        "AstraChar2_R4_Curves_R_Front_1"
      ],
      [
        0.0018954855622723699,
        [
          -0.11977693438529968,
          -0.3488073945045471,
          3.0718822479248047
        ],
        "AstraChar2_R4_Curves_R_Front_0"
      ],
      [
        0.0020076141227036715,
        [
          -0.11946495622396469,
          -0.3536405861377716,
          3.071934938430786
        ],
        "AstraChar2_R4_Curves_R_Front_1"
      ],
      [
        0.002093663439154625,
        [
          -0.12198565900325775,
          -0.3512601852416992,
          3.069336175918579
        ],
        "AstraChar2_R4_Curves_R_Front_0"
      ],
      [
        0.002378561533987522,
        [
          -0.11943027377128601,
          -0.35198476910591125,
          3.0723092555999756
        ],
        "AstraChar2_R4_Curves_R_Front_0"
      ]
    ]
  },
  {
    "sample": [
      -0.09,
      3.11
    ],
    "surface": [
      -0.09000000357627869,
      -0.39365774393081665,
      3.109999895095825
    ],
    "material": 2,
    "strands": [
      [
        0.0001798925659386441,
        [
          -0.09004457294940948,
          -0.398366779088974,
          3.109825611114502
        ],
        "AstraChar2_R4_Curves_R_Front_1"
      ],
      [
        0.000288381619611755,
        [
          -0.0897638127207756,
          -0.3987239897251129,
          3.1098344326019287
        ],
        "AstraChar2_R4_Curves_R_Front_1"
      ],
      [
        0.000525097653735429,
        [
          -0.09045803546905518,
          -0.3986456096172333,
          3.1102566719055176
        ],
        "AstraChar2_R4_Curves_R_Front_1"
      ],
      [
        0.0013010908151045442,
        [
          -0.08990305662155151,
          -0.3970520794391632,
          3.1087024211883545
        ],
        "AstraChar2_R4_Curves_R_Front_0"
      ],
      [
        0.0014558227267116308,
        [
          -0.09140004962682724,
          -0.3952367603778839,
          3.109600782394409
        ],
        "AstraChar2_R4_Curves_R_Front_0"
      ]
    ]
  },
  {
    "sample": [
      -0.11,
      3.04
    ],
    "surface": null,
    "material": null,
    "strands": [
      [
        0.00021540244051720947,
        [
          -0.1102060005068779,
          -0.36969131231307983,
          3.04006290435791
        ],
        "AstraChar2_R4_Curves_R_Front_1"
      ],
      [
        0.0005005821003578603,
        [
          -0.11030834168195724,
          -0.3721475601196289,
          3.0403943061828613
        ],
        "AstraChar2_R4_Curves_R_Front_1"
      ],
      [
        0.0007448846008628607,
        [
          -0.10987227410078049,
          -0.3697223663330078,
          3.040733814239502
        ],
        "AstraChar2_R4_Curves_R_Front_1"
      ],
      [
        0.0008661475731059909,
        [
          -0.10914043337106705,
          -0.37152835726737976,
          3.0401065349578857
        ],
        "AstraChar2_R4_Curves_R_Front_0"
      ],
      [
        0.0008891456527635455,
        [
          -0.1099623367190361,
          -0.3708682656288147,
          3.0408883094787598
        ],
        "AstraChar2_R4_Curves_R_Front_0"
      ]
    ]
  },
  {
    "sample": [
      0,
      3.19
    ],
    "surface": null,
    "material": null,
    "strands": [
      [
        0.025801237672567368,
        [
          -0.011922723613679409,
          -0.2408171445131302,
          3.167118787765503
        ],
        "AstraChar2_R4_Curves_R_Side_1"
      ],
      [
        0.025825394317507744,
        [
          0.016380304470658302,
          -0.25342267751693726,
          3.170034170150757
        ],
        "AstraChar2_R4_Curves_L_Side_0"
      ],
      [
        0.025846265256404877,
        [
          -0.01579063944518566,
          -0.24847187101840973,
          3.1695382595062256
        ],
        "AstraChar2_R4_Curves_R_Side_0"
      ],
      [
        0.0259456355124712,
        [
          0.011168803088366985,
          -0.25198787450790405,
          3.166581392288208
        ],
        "AstraChar2_R4_Curves_L_Side_0"
      ],
      [
        0.025976287201046944,
        [
          -0.017327211797237396,
          -0.24228551983833313,
          3.170647144317627
        ],
        "AstraChar2_R4_Curves_R_Side_1"
      ]
    ]
  }
]
Blender 5.2.1 LTS (hash 9e2066aef7ef built 2026-08-25 01:35:57)

Blender quit
