00:00.624  blend            | Read blend: "/Users/aaron_7nh0yzm/godwyn-boss-fight/models/astra_character_v2_mpfb_surface_finish_i03.blend"
INFO Draco is available, use library at /Applications/Blender.app/Contents/Resources/5.2/scripts/addons_core/io_scene_gltf2/libbf_intern_draco_bridge.dylib
INFO MeshOptimizer is available, use library at /Applications/Blender.app/Contents/Resources/5.2/scripts/addons_core/io_scene_gltf2/libbf_intern_meshopt_bridge.dylib
01:31:47 | INFO: Starting glTF 2.0 export
01:31:47 | INFO: Extracting primitive: Astra tailored inner sleeve surface
01:31:48 | WARNING: More than one shader node tex image used for a texture. The resulting glTF sampler will behave like the first shader node tex image.
01:31:48 | INFO: Primitives created: 1
01:31:48 | INFO: Extracting primitive: Sphere
01:31:48 | INFO: Primitives created: 1
01:31:48 | INFO: Extracting primitive: Sphere.003
01:31:48 | INFO: Primitives created: 1
01:31:48 | INFO: Extracting primitive: AstraChar2_Eyebrows_L
01:31:48 | INFO: Primitives created: 1
01:31:48 | INFO: Extracting primitive: AstraChar2_Eyebrows_R
01:31:48 | INFO: Primitives created: 1
01:31:48 | INFO: Extracting primitive: AstraChar2_Iris_L clean topology.001
01:31:48 | INFO: Primitives created: 1
01:31:48 | INFO: Extracting primitive: AstraChar2_Iris_R clean topology.001
01:31:48 | INFO: Primitives created: 1
01:31:48 | INFO: Extracting primitive: base.001
01:31:49 | INFO: Primitives created: 1
01:31:49 | INFO: Extracting primitive: AstraChar2_Pupil_L clean topology.001
01:31:49 | INFO: Primitives created: 1
01:31:49 | INFO: Extracting primitive: AstraChar2_Pupil_R clean topology.001
01:31:49 | INFO: Primitives created: 1
01:31:49 | INFO: Extracting primitive: AstraChar2_R5_ClavicleMantle clean topology
01:31:49 | INFO: Primitives created: 1
01:31:49 | INFO: Extracting primitive: AstraChar2_R5_Cuirass clean topology
01:31:50 | INFO: Primitives created: 1
01:31:50 | INFO: Extracting primitive: AstraChar2_R5_Gorget clean topology
01:31:50 | INFO: Primitives created: 1
01:31:50 | INFO: Extracting primitive: AstraChar2_R5_GorgetRim clean topology
01:31:50 | INFO: Primitives created: 1
01:31:50 | INFO: Extracting primitive: AstraChar2_R5_Pauldron_L clean topology
01:31:50 | INFO: Primitives created: 1
01:31:50 | INFO: Extracting primitive: AstraChar2_R5_Pauldron_R clean topology
01:31:50 | INFO: Primitives created: 1
01:31:50 | INFO: Extracting primitive: AstraChar2_R5_PauldronRim_L clean topology
01:31:50 | INFO: Primitives created: 1
01:31:50 | INFO: Extracting primitive: AstraChar2_R5_PauldronRim_R clean topology
01:31:50 | INFO: Primitives created: 1
01:31:50 | INFO: Extracting primitive: AstraChar2_R5_SacredEmblem clean topology
01:31:50 | INFO: Primitives created: 1
01:31:50 | INFO: Extracting primitive: R5 MPFB_L_Back portable individual strands
01:31:52 | INFO: Primitives created: 1
01:31:52 | INFO: Extracting primitive: R5 MPFB_L_Braids portable individual strands
01:31:53 | INFO: Primitives created: 1
01:31:53 | INFO: Extracting primitive: R5 MPFB_L_Front portable individual strands
01:31:55 | INFO: Primitives created: 1
01:31:55 | INFO: Extracting primitive: R5 MPFB_L_Side portable individual strands
01:31:57 | INFO: Primitives created: 1
01:31:57 | INFO: Extracting primitive: R5 MPFB_R_Back portable individual strands
01:31:59 | INFO: Primitives created: 1
01:32:00 | INFO: Extracting primitive: R5 MPFB_R_Braids portable individual strands
01:32:00 | INFO: Primitives created: 1
01:32:00 | INFO: Extracting primitive: R5 MPFB_R_Front portable individual strands
01:32:01 | INFO: Primitives created: 1
01:32:02 | INFO: Extracting primitive: R5 MPFB_R_Side portable individual strands
01:32:03 | INFO: Primitives created: 1
01:32:04 | INFO: Extracting primitive: R5 MPFB_ScalpBed portable individual strands
01:32:05 | INFO: Primitives created: 1
01:32:05 | INFO: Extracting primitive: AstraChar2_R5_SunRay_0 clean topology
01:32:05 | INFO: Primitives created: 1
01:32:05 | INFO: Extracting primitive: AstraChar2_R5_SunRay_1 clean topology
01:32:05 | INFO: Primitives created: 1
01:32:05 | INFO: Extracting primitive: AstraChar2_R5_SunRay_2 clean topology
01:32:06 | INFO: Primitives created: 1
01:32:06 | INFO: Extracting primitive: AstraChar2_R5_SunRay_3 clean topology
01:32:06 | INFO: Primitives created: 1
01:32:06 | INFO: Extracting primitive: AstraChar2_R5_SunRay_4 clean topology
01:32:06 | INFO: Primitives created: 1
01:32:06 | INFO: Extracting primitive: AstraChar2_R5_SunRay_5 clean topology
01:32:06 | INFO: Primitives created: 1
01:32:06 | INFO: Extracting primitive: AstraChar2_R5_SunRay_6 clean topology
01:32:06 | INFO: Primitives created: 1
01:32:06 | INFO: Extracting primitive: AstraChar2_R5_SunRay_7 clean topology
01:32:06 | INFO: Primitives created: 1
01:32:06 | INFO: Extracting primitive: AstraChar2_R5_SunRay_8 clean topology
01:32:06 | INFO: Primitives created: 1
01:32:06 | INFO: Extracting primitive: AstraChar2_R5_SunRay_9 clean topology
01:32:06 | INFO: Primitives created: 1
01:32:06 | INFO: Extracting primitive: AstraChar2_R5_SunRay_10 clean topology
01:32:06 | INFO: Primitives created: 1
01:32:06 | INFO: Extracting primitive: AstraChar2_R5_SunRay_11 clean topology
01:32:06 | INFO: Primitives created: 1
01:32:06 | INFO: Extracting primitive: AstraChar2_R5_SunRay_12 clean topology
01:32:06 | INFO: Primitives created: 1
01:32:06 | INFO: Extracting primitive: AstraChar2_R5_SunRay_13 clean topology
01:32:06 | INFO: Primitives created: 1
01:32:06 | INFO: Extracting primitive: AstraChar2_R5_SunRay_14 clean topology
01:32:06 | INFO: Primitives created: 1
01:32:06 | INFO: Extracting primitive: AstraChar2_R5_SunRay_15 clean topology
01:32:06 | INFO: Primitives created: 1
01:32:06 | INFO: Extracting primitive: AstraChar2_R5_UpperArm_L_0 clean topology
01:32:06 | INFO: Primitives created: 1
01:32:06 | INFO: Extracting primitive: AstraChar2_R5_UpperArm_L_1 clean topology
01:32:06 | INFO: Primitives created: 1
01:32:06 | INFO: Extracting primitive: AstraChar2_R5_UpperArm_L_2 clean topology
01:32:06 | INFO: Primitives created: 1
01:32:06 | INFO: Extracting primitive: AstraChar2_R5_UpperArm_R_0 clean topology
01:32:06 | INFO: Primitives created: 1
01:32:06 | INFO: Extracting primitive: AstraChar2_R5_UpperArm_R_1 clean topology
01:32:06 | INFO: Primitives created: 1
01:32:06 | INFO: Extracting primitive: AstraChar2_R5_UpperArm_R_2 clean topology
01:32:06 | INFO: Primitives created: 1
01:32:06 | INFO: Extracting primitive: AstraChar2 refined char1
01:32:08 | WARNING: More than one shader node tex image used for a texture. The resulting glTF sampler will behave like the first shader node tex image.
01:32:08 | WARNING: More than one shader node tex image used for a texture. The resulting glTF sampler will behave like the first shader node tex image.
01:32:09 | WARNING: More than one shader node tex image used for a texture. The resulting glTF sampler will behave like the first shader node tex image.
01:32:10 | INFO: Primitives created: 3
01:32:10 | INFO: Extracting primitive: Godwyn_Sword.001
01:32:10 | WARNING: More than one shader node tex image used for a texture. The resulting glTF sampler will behave like the first shader node tex image.
01:32:10 | INFO: Primitives created: 1
01:32:11 | INFO: Finished glTF 2.0 export in 23.71969509124756 s

MPFB_EXPORT_DONE
Blender 5.2.1 LTS (hash 9e2066aef7ef built 2026-08-25 01:35:57)

Blender quit
