00:01.033  blend            | Read blend: "/Users/aaron_7nh0yzm/godwyn-boss-fight/models/astra_character_v2.blend"
BANKED 121 0
AstraChar2_R4_Curves_L_Back_0 {'type': 'CURVES', 'vertices': 0, 'faces': 0, 'points': 57600, 'hidden': False, 'slots': ['AstraChar2 R4 Native blonde 1']}
AstraChar2_R4_Curves_L_Back_1 {'type': 'CURVES', 'vertices': 0, 'faces': 0, 'points': 57600, 'hidden': False, 'slots': ['AstraChar2 R4 Native blonde 2']}
AstraChar2_R4_Curves_L_Braids {'type': 'CURVES', 'vertices': 0, 'faces': 0, 'points': 110592, 'hidden': False, 'slots': ['AstraChar2 R4 Native blonde 1']}
AstraChar2_R4_Curves_L_Front_0 {'type': 'CURVES', 'vertices': 0, 'faces': 0, 'points': 89600, 'hidden': False, 'slots': ['AstraChar2 R4 Native blonde 1']}
AstraChar2_R4_Curves_L_Front_1 {'type': 'CURVES', 'vertices': 0, 'faces': 0, 'points': 89600, 'hidden': False, 'slots': ['AstraChar2 R4 Native blonde 2']}
AstraChar2_R4_Curves_L_Side_0 {'type': 'CURVES', 'vertices': 0, 'faces': 0, 'points': 57600, 'hidden': False, 'slots': ['AstraChar2 R4 Native blonde 1']}
AstraChar2_R4_Curves_L_Side_1 {'type': 'CURVES', 'vertices': 0, 'faces': 0, 'points': 57600, 'hidden': False, 'slots': ['AstraChar2 R4 Native blonde 2']}
AstraChar2_R4_Curves_R_Back_0 {'type': 'CURVES', 'vertices': 0, 'faces': 0, 'points': 57600, 'hidden': False, 'slots': ['AstraChar2 R4 Native blonde 1']}
AstraChar2_R4_Curves_R_Back_1 {'type': 'CURVES', 'vertices': 0, 'faces': 0, 'points': 57600, 'hidden': False, 'slots': ['AstraChar2 R4 Native blonde 2']}
AstraChar2_R4_Curves_R_Braids {'type': 'CURVES', 'vertices': 0, 'faces': 0, 'points': 110592, 'hidden': False, 'slots': ['AstraChar2 R4 Native blonde 1']}
AstraChar2_R4_Curves_R_Front_0 {'type': 'CURVES', 'vertices': 0, 'faces': 0, 'points': 89600, 'hidden': False, 'slots': ['AstraChar2 R4 Native blonde 1']}
AstraChar2_R4_Curves_R_Front_1 {'type': 'CURVES', 'vertices': 0, 'faces': 0, 'points': 89600, 'hidden': False, 'slots': ['AstraChar2 R4 Native blonde 2']}
AstraChar2_R4_Curves_R_Side_0 {'type': 'CURVES', 'vertices': 0, 'faces': 0, 'points': 57600, 'hidden': False, 'slots': ['AstraChar2 R4 Native blonde 1']}
AstraChar2_R4_Curves_R_Side_1 {'type': 'CURVES', 'vertices': 0, 'faces': 0, 'points': 57600, 'hidden': False, 'slots': ['AstraChar2 R4 Native blonde 2']}
AstraChar2_R5_ClavicleMantle {'type': 'MESH', 'vertices': 10896, 'faces': 10897, 'points': 0, 'hidden': False, 'slots': ['AstraChar2 R6 clean aged-brass plates', 'Astra Round2 royal blue and continuous gold trim', 'Astra pale golden skin final', 'Astra engraved royal gold final', 'Astra midnight blue woven silk final']}
AstraChar2_R5_ClothFitEnvelope {'type': 'MESH', 'vertices': 106926, 'faces': 106673, 'points': 0, 'hidden': True, 'slots': []}
AstraChar2_R5_Cuirass {'type': 'MESH', 'vertices': 41366, 'faces': 41370, 'points': 0, 'hidden': False, 'slots': ['AstraChar2 R6 clean aged-brass plates', 'Astra Round2 royal blue and continuous gold trim', 'Astra pale golden skin final', 'Astra engraved royal gold final', 'Astra midnight blue woven silk final']}
AstraChar2_R5_Gorget {'type': 'MESH', 'vertices': 9600, 'faces': 9600, 'points': 0, 'hidden': False, 'slots': ['AstraChar2 R6 clean aged-brass plates', 'Astra Round2 royal blue and continuous gold trim', 'Astra pale golden skin final', 'Astra engraved royal gold final', 'Astra midnight blue woven silk final']}
AstraChar2_R5_GorgetRim {'type': 'MESH', 'vertices': 1274, 'faces': 1282, 'points': 0, 'hidden': False, 'slots': ['AstraChar2 R6 clean aged-brass plates', 'Astra Round2 royal blue and continuous gold trim', 'Astra pale golden skin final', 'Astra engraved royal gold final', 'Astra midnight blue woven silk final']}
AstraChar2_R5_Pauldron_L {'type': 'MESH', 'vertices': 11520, 'faces': 11394, 'points': 0, 'hidden': False, 'slots': ['AstraChar2 R6 clean aged-brass plates', 'Astra Round2 royal blue and continuous gold trim', 'Astra pale golden skin final', 'Astra engraved royal gold final', 'Astra midnight blue woven silk final']}
AstraChar2_R5_Pauldron_R {'type': 'MESH', 'vertices': 11520, 'faces': 11394, 'points': 0, 'hidden': False, 'slots': ['AstraChar2 R6 clean aged-brass plates', 'Astra Round2 royal blue and continuous gold trim', 'Astra pale golden skin final', 'Astra engraved royal gold final', 'Astra midnight blue woven silk final']}
AstraChar2_R5_PauldronRim_L {'type': 'MESH', 'vertices': 1023, 'faces': 1026, 'points': 0, 'hidden': False, 'slots': ['AstraChar2 R6 clean aged-brass plates', 'Astra Round2 royal blue and continuous gold trim', 'Astra pale golden skin final', 'Astra engraved royal gold final', 'Astra midnight blue woven silk final']}
AstraChar2_R5_PauldronRim_R {'type': 'MESH', 'vertices': 1023, 'faces': 1026, 'points': 0, 'hidden': False, 'slots': ['AstraChar2 R6 clean aged-brass plates', 'Astra Round2 royal blue and continuous gold trim', 'Astra pale golden skin final', 'Astra engraved royal gold final', 'Astra midnight blue woven silk final']}
AstraChar2_R5_SacredEmblem {'type': 'MESH', 'vertices': 1730, 'faces': 1824, 'points': 0, 'hidden': False, 'slots': ['AstraChar2 R6 clean aged-brass plates', 'Astra Round2 royal blue and continuous gold trim', 'Astra pale golden skin final', 'Astra engraved royal gold final', 'Astra midnight blue woven silk final']}
AstraChar2_R5_SunRay_0 {'type': 'MESH', 'vertices': 192, 'faces': 186, 'points': 0, 'hidden': False, 'slots': ['AstraChar2 R6 clean aged-brass plates', 'Astra Round2 royal blue and continuous gold trim', 'Astra pale golden skin final', 'Astra engraved royal gold final', 'Astra midnight blue woven silk final']}
AstraChar2_R5_SunRay_1 {'type': 'MESH', 'vertices': 192, 'faces': 186, 'points': 0, 'hidden': False, 'slots': ['AstraChar2 R6 clean aged-brass plates', 'Astra Round2 royal blue and continuous gold trim', 'Astra pale golden skin final', 'Astra engraved royal gold final', 'Astra midnight blue woven silk final']}
AstraChar2_R5_SunRay_10 {'type': 'MESH', 'vertices': 192, 'faces': 186, 'points': 0, 'hidden': False, 'slots': ['AstraChar2 R6 clean aged-brass plates', 'Astra Round2 royal blue and continuous gold trim', 'Astra pale golden skin final', 'Astra engraved royal gold final', 'Astra midnight blue woven silk final']}
AstraChar2_R5_SunRay_11 {'type': 'MESH', 'vertices': 192, 'faces': 186, 'points': 0, 'hidden': False, 'slots': ['AstraChar2 R6 clean aged-brass plates', 'Astra Round2 royal blue and continuous gold trim', 'Astra pale golden skin final', 'Astra engraved royal gold final', 'Astra midnight blue woven silk final']}
AstraChar2_R5_SunRay_12 {'type': 'MESH', 'vertices': 192, 'faces': 186, 'points': 0, 'hidden': False, 'slots': ['AstraChar2 R6 clean aged-brass plates', 'Astra Round2 royal blue and continuous gold trim', 'Astra pale golden skin final', 'Astra engraved royal gold final', 'Astra midnight blue woven silk final']}
AstraChar2_R5_SunRay_13 {'type': 'MESH', 'vertices': 192, 'faces': 186, 'points': 0, 'hidden': False, 'slots': ['AstraChar2 R6 clean aged-brass plates', 'Astra Round2 royal blue and continuous gold trim', 'Astra pale golden skin final', 'Astra engraved royal gold final', 'Astra midnight blue woven silk final']}
AstraChar2_R5_SunRay_14 {'type': 'MESH', 'vertices': 192, 'faces': 186, 'points': 0, 'hidden': False, 'slots': ['AstraChar2 R6 clean aged-brass plates', 'Astra Round2 royal blue and continuous gold trim', 'Astra pale golden skin final', 'Astra engraved royal gold final', 'Astra midnight blue woven silk final']}
AstraChar2_R5_SunRay_15 {'type': 'MESH', 'vertices': 192, 'faces': 186, 'points': 0, 'hidden': False, 'slots': ['AstraChar2 R6 clean aged-brass plates', 'Astra Round2 royal blue and continuous gold trim', 'Astra pale golden skin final', 'Astra engraved royal gold final', 'Astra midnight blue woven silk final']}
AstraChar2_R5_SunRay_2 {'type': 'MESH', 'vertices': 192, 'faces': 186, 'points': 0, 'hidden': False, 'slots': ['AstraChar2 R6 clean aged-brass plates', 'Astra Round2 royal blue and continuous gold trim', 'Astra pale golden skin final', 'Astra engraved royal gold final', 'Astra midnight blue woven silk final']}
AstraChar2_R5_SunRay_3 {'type': 'MESH', 'vertices': 192, 'faces': 186, 'points': 0, 'hidden': False, 'slots': ['AstraChar2 R6 clean aged-brass plates', 'Astra Round2 royal blue and continuous gold trim', 'Astra pale golden skin final', 'Astra engraved royal gold final', 'Astra midnight blue woven silk final']}
AstraChar2_R5_SunRay_4 {'type': 'MESH', 'vertices': 192, 'faces': 186, 'points': 0, 'hidden': False, 'slots': ['AstraChar2 R6 clean aged-brass plates', 'Astra Round2 royal blue and continuous gold trim', 'Astra pale golden skin final', 'Astra engraved royal gold final', 'Astra midnight blue woven silk final']}
AstraChar2_R5_SunRay_5 {'type': 'MESH', 'vertices': 192, 'faces': 186, 'points': 0, 'hidden': False, 'slots': ['AstraChar2 R6 clean aged-brass plates', 'Astra Round2 royal blue and continuous gold trim', 'Astra pale golden skin final', 'Astra engraved royal gold final', 'Astra midnight blue woven silk final']}
AstraChar2_R5_SunRay_6 {'type': 'MESH', 'vertices': 192, 'faces': 186, 'points': 0, 'hidden': False, 'slots': ['AstraChar2 R6 clean aged-brass plates', 'Astra Round2 royal blue and continuous gold trim', 'Astra pale golden skin final', 'Astra engraved royal gold final', 'Astra midnight blue woven silk final']}
AstraChar2_R5_SunRay_7 {'type': 'MESH', 'vertices': 192, 'faces': 186, 'points': 0, 'hidden': False, 'slots': ['AstraChar2 R6 clean aged-brass plates', 'Astra Round2 royal blue and continuous gold trim', 'Astra pale golden skin final', 'Astra engraved royal gold final', 'Astra midnight blue woven silk final']}
AstraChar2_R5_SunRay_8 {'type': 'MESH', 'vertices': 192, 'faces': 186, 'points': 0, 'hidden': False, 'slots': ['AstraChar2 R6 clean aged-brass plates', 'Astra Round2 royal blue and continuous gold trim', 'Astra pale golden skin final', 'Astra engraved royal gold final', 'Astra midnight blue woven silk final']}
AstraChar2_R5_SunRay_9 {'type': 'MESH', 'vertices': 192, 'faces': 186, 'points': 0, 'hidden': False, 'slots': ['AstraChar2 R6 clean aged-brass plates', 'Astra Round2 royal blue and continuous gold trim', 'Astra pale golden skin final', 'Astra engraved royal gold final', 'Astra midnight blue woven silk final']}
AstraChar2_R5_UpperArm_L_0 {'type': 'MESH', 'vertices': 3456, 'faces': 3456, 'points': 0, 'hidden': False, 'slots': ['AstraChar2 R6 clean aged-brass plates', 'Astra Round2 royal blue and continuous gold trim', 'Astra pale golden skin final', 'Astra engraved royal gold final', 'Astra midnight blue woven silk final']}
AstraChar2_R5_UpperArm_L_1 {'type': 'MESH', 'vertices': 3456, 'faces': 3456, 'points': 0, 'hidden': False, 'slots': ['AstraChar2 R6 clean aged-brass plates', 'Astra Round2 royal blue and continuous gold trim', 'Astra pale golden skin final', 'Astra engraved royal gold final', 'Astra midnight blue woven silk final']}
AstraChar2_R5_UpperArm_L_2 {'type': 'MESH', 'vertices': 3456, 'faces': 3456, 'points': 0, 'hidden': False, 'slots': ['AstraChar2 R6 clean aged-brass plates', 'Astra Round2 royal blue and continuous gold trim', 'Astra pale golden skin final', 'Astra engraved royal gold final', 'Astra midnight blue woven silk final']}
AstraChar2_R5_UpperArm_R_0 {'type': 'MESH', 'vertices': 3456, 'faces': 3456, 'points': 0, 'hidden': False, 'slots': ['AstraChar2 R6 clean aged-brass plates', 'Astra Round2 royal blue and continuous gold trim', 'Astra pale golden skin final', 'Astra engraved royal gold final', 'Astra midnight blue woven silk final']}
AstraChar2_R5_UpperArm_R_1 {'type': 'MESH', 'vertices': 3456, 'faces': 3456, 'points': 0, 'hidden': False, 'slots': ['AstraChar2 R6 clean aged-brass plates', 'Astra Round2 royal blue and continuous gold trim', 'Astra pale golden skin final', 'Astra engraved royal gold final', 'Astra midnight blue woven silk final']}
AstraChar2_R5_UpperArm_R_2 {'type': 'MESH', 'vertices': 3456, 'faces': 3456, 'points': 0, 'hidden': False, 'slots': ['AstraChar2 R6 clean aged-brass plates', 'Astra Round2 royal blue and continuous gold trim', 'Astra pale golden skin final', 'Astra engraved royal gold final', 'Astra midnight blue woven silk final']}
Blender 5.2.1 LTS (hash 9e2066aef7ef built 2026-08-25 01:35:57)

Blender quit
