Log config does not exist. Creating empty template.
Will rewrite log config /tmp/astra_char2_mpfb_runtime/config/log_levels.json
The 'bl_ext.user_default.mpfb' addon does not exist!?
The 'bl_ext.user_default.mpfb' addon does not exist!?
[INFO ] services.locationservice ...............: Not adding link to MakeHuman user data, since neither explicit path nor auto-discovery is set in preferences.
[INFO ] services.locationservice ...............: Creating relevant directory: /tmp/astra_char2_mpfb_runtime/data
[INFO ] services.locationservice ...............: Creating relevant directory: /tmp/astra_char2_mpfb_runtime/cache
The 'bl_ext.user_default.mpfb' addon does not exist!?
[INFO ] mpfb.init ..............................: Build info FROM_SOURCE
The 'bl_ext.user_default.mpfb' addon does not exist!?
The 'bl_ext.user_default.mpfb' addon does not exist!?
The 'bl_ext.user_default.mpfb' addon does not exist!?
The 'bl_ext.user_default.mpfb' addon does not exist!?
The 'bl_ext.user_default.mpfb' addon does not exist!?
The 'bl_ext.user_default.mpfb' addon does not exist!?
The 'bl_ext.user_default.mpfb' addon does not exist!?
The 'bl_ext.user_default.mpfb' addon does not exist!?
The 'bl_ext.user_default.mpfb' addon does not exist!?
The 'bl_ext.user_default.mpfb' addon does not exist!?
The 'bl_ext.user_default.mpfb' addon does not exist!?
The 'bl_ext.user_default.mpfb' addon does not exist!?
The 'bl_ext.user_default.mpfb' addon does not exist!?
The 'bl_ext.user_default.mpfb' addon does not exist!?
The 'bl_ext.user_default.mpfb' addon does not exist!?
The 'bl_ext.user_default.mpfb' addon does not exist!?
The 'bl_ext.user_default.mpfb' addon does not exist!?
The 'bl_ext.user_default.mpfb' addon does not exist!?
The 'bl_ext.user_default.mpfb' addon does not exist!?
The 'bl_ext.user_default.mpfb' addon does not exist!?
The 'bl_ext.user_default.mpfb' addon does not exist!?
The 'bl_ext.user_default.mpfb' addon does not exist!?
The 'bl_ext.user_default.mpfb' addon does not exist!?
The 'bl_ext.user_default.mpfb' addon does not exist!?
The 'bl_ext.user_default.mpfb' addon does not exist!?
The 'bl_ext.user_default.mpfb' addon does not exist!?
The 'bl_ext.user_default.mpfb' addon does not exist!?
The 'bl_ext.user_default.mpfb' addon does not exist!?
The 'bl_ext.user_default.mpfb' addon does not exist!?
The 'bl_ext.user_default.mpfb' addon does not exist!?
The 'bl_ext.user_default.mpfb' addon does not exist!?
The 'bl_ext.user_default.mpfb' addon does not exist!?
The 'bl_ext.user_default.mpfb' addon does not exist!?
The 'bl_ext.user_default.mpfb' addon does not exist!?
The 'bl_ext.user_default.mpfb' addon does not exist!?
The 'bl_ext.user_default.mpfb' addon does not exist!?
The 'bl_ext.user_default.mpfb' addon does not exist!?
The 'bl_ext.user_default.mpfb' addon does not exist!?
The 'bl_ext.user_default.mpfb' addon does not exist!?
The 'bl_ext.user_default.mpfb' addon does not exist!?
The 'bl_ext.user_default.mpfb' addon does not exist!?
The 'bl_ext.user_default.mpfb' addon does not exist!?
The 'bl_ext.user_default.mpfb' addon does not exist!?
The 'bl_ext.user_default.mpfb' addon does not exist!?
The 'bl_ext.user_default.mpfb' addon does not exist!?
The 'bl_ext.user_default.mpfb' addon does not exist!?
The 'bl_ext.user_default.mpfb' addon does not exist!?
The 'bl_ext.user_default.mpfb' addon does not exist!?
The 'bl_ext.user_default.mpfb' addon does not exist!?
The 'bl_ext.user_default.mpfb' addon does not exist!?
The 'bl_ext.user_default.mpfb' addon does not exist!?
The 'bl_ext.user_default.mpfb' addon does not exist!?
The 'bl_ext.user_default.mpfb' addon does not exist!?
The 'bl_ext.user_default.mpfb' addon does not exist!?
The 'bl_ext.user_default.mpfb' addon does not exist!?
The 'bl_ext.user_default.mpfb' addon does not exist!?
The 'bl_ext.user_default.mpfb' addon does not exist!?
The 'bl_ext.user_default.mpfb' addon does not exist!?
The 'bl_ext.user_default.mpfb' addon does not exist!?
The 'bl_ext.user_default.mpfb' addon does not exist!?
The 'bl_ext.user_default.mpfb' addon does not exist!?
The 'bl_ext.user_default.mpfb' addon does not exist!?
The 'bl_ext.user_default.mpfb' addon does not exist!?
The 'bl_ext.user_default.mpfb' addon does not exist!?
The 'bl_ext.user_default.mpfb' addon does not exist!?
The 'bl_ext.user_default.mpfb' addon does not exist!?
The 'bl_ext.user_default.mpfb' addon does not exist!?
The 'bl_ext.user_default.mpfb' addon does not exist!?
The 'bl_ext.user_default.mpfb' addon does not exist!?
The 'bl_ext.user_default.mpfb' addon does not exist!?
The 'bl_ext.user_default.mpfb' addon does not exist!?
The 'bl_ext.user_default.mpfb' addon does not exist!?
The 'bl_ext.user_default.mpfb' addon does not exist!?
The 'bl_ext.user_default.mpfb' addon does not exist!?
The 'bl_ext.user_default.mpfb' addon does not exist!?
The 'bl_ext.user_default.mpfb' addon does not exist!?
The 'bl_ext.user_default.mpfb' addon does not exist!?
The 'bl_ext.user_default.mpfb' addon does not exist!?
The 'bl_ext.user_default.mpfb' addon does not exist!?
The 'bl_ext.user_default.mpfb' addon does not exist!?
The 'bl_ext.user_default.mpfb' addon does not exist!?
The 'bl_ext.user_default.mpfb' addon does not exist!?
The 'bl_ext.user_default.mpfb' addon does not exist!?
The 'bl_ext.user_default.mpfb' addon does not exist!?
The 'bl_ext.user_default.mpfb' addon does not exist!?
The 'bl_ext.user_default.mpfb' addon does not exist!?
The 'bl_ext.user_default.mpfb' addon does not exist!?
The 'bl_ext.user_default.mpfb' addon does not exist!?
The 'bl_ext.user_default.mpfb' addon does not exist!?
The 'bl_ext.user_default.mpfb' addon does not exist!?
The 'bl_ext.user_default.mpfb' addon does not exist!?
The 'bl_ext.user_default.mpfb' addon does not exist!?
The 'bl_ext.user_default.mpfb' addon does not exist!?
The 'bl_ext.user_default.mpfb' addon does not exist!?
The 'bl_ext.user_default.mpfb' addon does not exist!?
The 'bl_ext.user_default.mpfb' addon does not exist!?
The 'bl_ext.user_default.mpfb' addon does not exist!?
The 'bl_ext.user_default.mpfb' addon does not exist!?
The 'bl_ext.user_default.mpfb' addon does not exist!?
The 'bl_ext.user_default.mpfb' addon does not exist!?
The 'bl_ext.user_default.mpfb' addon does not exist!?
The 'bl_ext.user_default.mpfb' addon does not exist!?
The 'bl_ext.user_default.mpfb' addon does not exist!?
The 'bl_ext.user_default.mpfb' addon does not exist!?
The 'bl_ext.user_default.mpfb' addon does not exist!?
The 'bl_ext.user_default.mpfb' addon does not exist!?
The 'bl_ext.user_default.mpfb' addon does not exist!?
The 'bl_ext.user_default.mpfb' addon does not exist!?
The 'bl_ext.user_default.mpfb' addon does not exist!?
The 'bl_ext.user_default.mpfb' addon does not exist!?
The 'bl_ext.user_default.mpfb' addon does not exist!?
The 'bl_ext.user_default.mpfb' addon does not exist!?
The 'bl_ext.user_default.mpfb' addon does not exist!?
The 'bl_ext.user_default.mpfb' addon does not exist!?
The 'bl_ext.user_default.mpfb' addon does not exist!?
The 'bl_ext.user_default.mpfb' addon does not exist!?
The 'bl_ext.user_default.mpfb' addon does not exist!?
The 'bl_ext.user_default.mpfb' addon does not exist!?
The 'bl_ext.user_default.mpfb' addon does not exist!?
The 'bl_ext.user_default.mpfb' addon does not exist!?
The 'bl_ext.user_default.mpfb' addon does not exist!?
The 'bl_ext.user_default.mpfb' addon does not exist!?
The 'bl_ext.user_default.mpfb' addon does not exist!?
The 'bl_ext.user_default.mpfb' addon does not exist!?
The 'bl_ext.user_default.mpfb' addon does not exist!?
The 'bl_ext.user_default.mpfb' addon does not exist!?
The 'bl_ext.user_default.mpfb' addon does not exist!?
The 'bl_ext.user_default.mpfb' addon does not exist!?
The 'bl_ext.user_default.mpfb' addon does not exist!?
The 'bl_ext.user_default.mpfb' addon does not exist!?
The 'bl_ext.user_default.mpfb' addon does not exist!?
The 'bl_ext.user_default.mpfb' addon does not exist!?
The 'bl_ext.user_default.mpfb' addon does not exist!?
The 'bl_ext.user_default.mpfb' addon does not exist!?
The 'bl_ext.user_default.mpfb' addon does not exist!?
The 'bl_ext.user_default.mpfb' addon does not exist!?
The 'bl_ext.user_default.mpfb' addon does not exist!?
The 'bl_ext.user_default.mpfb' addon does not exist!?
The 'bl_ext.user_default.mpfb' addon does not exist!?
The 'bl_ext.user_default.mpfb' addon does not exist!?
The 'bl_ext.user_default.mpfb' addon does not exist!?
The 'bl_ext.user_default.mpfb' addon does not exist!?
The 'bl_ext.user_default.mpfb' addon does not exist!?
The 'bl_ext.user_default.mpfb' addon does not exist!?
The 'bl_ext.user_default.mpfb' addon does not exist!?
The 'bl_ext.user_default.mpfb' addon does not exist!?
The 'bl_ext.user_default.mpfb' addon does not exist!?
The 'bl_ext.user_default.mpfb' addon does not exist!?
The 'bl_ext.user_default.mpfb' addon does not exist!?
The 'bl_ext.user_default.mpfb' addon does not exist!?
The 'bl_ext.user_default.mpfb' addon does not exist!?
The 'bl_ext.user_default.mpfb' addon does not exist!?
The 'bl_ext.user_default.mpfb' addon does not exist!?
The 'bl_ext.user_default.mpfb' addon does not exist!?
The 'bl_ext.user_default.mpfb' addon does not exist!?
The 'bl_ext.user_default.mpfb' addon does not exist!?
The 'bl_ext.user_default.mpfb' addon does not exist!?
The 'bl_ext.user_default.mpfb' addon does not exist!?
The 'bl_ext.user_default.mpfb' addon does not exist!?
The 'bl_ext.user_default.mpfb' addon does not exist!?
The 'bl_ext.user_default.mpfb' addon does not exist!?
The 'bl_ext.user_default.mpfb' addon does not exist!?
The 'bl_ext.user_default.mpfb' addon does not exist!?
The 'bl_ext.user_default.mpfb' addon does not exist!?
The 'bl_ext.user_default.mpfb' addon does not exist!?
The 'bl_ext.user_default.mpfb' addon does not exist!?
The 'bl_ext.user_default.mpfb' addon does not exist!?
The 'bl_ext.user_default.mpfb' addon does not exist!?
The 'bl_ext.user_default.mpfb' addon does not exist!?
The 'bl_ext.user_default.mpfb' addon does not exist!?
The 'bl_ext.user_default.mpfb' addon does not exist!?
The 'bl_ext.user_default.mpfb' addon does not exist!?
The 'bl_ext.user_default.mpfb' addon does not exist!?
The 'bl_ext.user_default.mpfb' addon does not exist!?
The 'bl_ext.user_default.mpfb' addon does not exist!?
The 'bl_ext.user_default.mpfb' addon does not exist!?
The 'bl_ext.user_default.mpfb' addon does not exist!?
The 'bl_ext.user_default.mpfb' addon does not exist!?
The 'bl_ext.user_default.mpfb' addon does not exist!?
The 'bl_ext.user_default.mpfb' addon does not exist!?
The 'bl_ext.user_default.mpfb' addon does not exist!?
The 'bl_ext.user_default.mpfb' addon does not exist!?
The 'bl_ext.user_default.mpfb' addon does not exist!?
The 'bl_ext.user_default.mpfb' addon does not exist!?
The 'bl_ext.user_default.mpfb' addon does not exist!?
The 'bl_ext.user_default.mpfb' addon does not exist!?
The 'bl_ext.user_default.mpfb' addon does not exist!?
The 'bl_ext.user_default.mpfb' addon does not exist!?
The 'bl_ext.user_default.mpfb' addon does not exist!?
The 'bl_ext.user_default.mpfb' addon does not exist!?
The 'bl_ext.user_default.mpfb' addon does not exist!?
The 'bl_ext.user_default.mpfb' addon does not exist!?
The 'bl_ext.user_default.mpfb' addon does not exist!?
The 'bl_ext.user_default.mpfb' addon does not exist!?
The 'bl_ext.user_default.mpfb' addon does not exist!?
The 'bl_ext.user_default.mpfb' addon does not exist!?
The 'bl_ext.user_default.mpfb' addon does not exist!?
The 'bl_ext.user_default.mpfb' addon does not exist!?
The 'bl_ext.user_default.mpfb' addon does not exist!?
The 'bl_ext.user_default.mpfb' addon does not exist!?
The 'bl_ext.user_default.mpfb' addon does not exist!?
The 'bl_ext.user_default.mpfb' addon does not exist!?
The 'bl_ext.user_default.mpfb' addon does not exist!?
The 'bl_ext.user_default.mpfb' addon does not exist!?
The 'bl_ext.user_default.mpfb' addon does not exist!?
The 'bl_ext.user_default.mpfb' addon does not exist!?
The 'bl_ext.user_default.mpfb' addon does not exist!?
The 'bl_ext.user_default.mpfb' addon does not exist!?
The 'bl_ext.user_default.mpfb' addon does not exist!?
The 'bl_ext.user_default.mpfb' addon does not exist!?
The 'bl_ext.user_default.mpfb' addon does not exist!?
The 'bl_ext.user_default.mpfb' addon does not exist!?
The 'bl_ext.user_default.mpfb' addon does not exist!?
The 'bl_ext.user_default.mpfb' addon does not exist!?
The 'bl_ext.user_default.mpfb' addon does not exist!?
The 'bl_ext.user_default.mpfb' addon does not exist!?
The 'bl_ext.user_default.mpfb' addon does not exist!?
The 'bl_ext.user_default.mpfb' addon does not exist!?
The 'bl_ext.user_default.mpfb' addon does not exist!?
The 'bl_ext.user_default.mpfb' addon does not exist!?
The 'bl_ext.user_default.mpfb' addon does not exist!?
The 'bl_ext.user_default.mpfb' addon does not exist!?
The 'bl_ext.user_default.mpfb' addon does not exist!?
The 'bl_ext.user_default.mpfb' addon does not exist!?
The 'bl_ext.user_default.mpfb' addon does not exist!?
The 'bl_ext.user_default.mpfb' addon does not exist!?
The 'bl_ext.user_default.mpfb' addon does not exist!?
The 'bl_ext.user_default.mpfb' addon does not exist!?
The 'bl_ext.user_default.mpfb' addon does not exist!?
The 'bl_ext.user_default.mpfb' addon does not exist!?
The 'bl_ext.user_default.mpfb' addon does not exist!?
The 'bl_ext.user_default.mpfb' addon does not exist!?
The 'bl_ext.user_default.mpfb' addon does not exist!?
The 'bl_ext.user_default.mpfb' addon does not exist!?
The 'bl_ext.user_default.mpfb' addon does not exist!?
The 'bl_ext.user_default.mpfb' addon does not exist!?
The 'bl_ext.user_default.mpfb' addon does not exist!?
The 'bl_ext.user_default.mpfb' addon does not exist!?
[INFO ] mpfb.init ..............................: Online access preference is not enabled. Not checking if MakeHuman is online.
[INFO ] mpfb.init ..............................: MPFB initialization has finished.
MPFB_VERIFIED 19158
00:01.137  blend            | Read blend: "/Users/aaron_7nh0yzm/godwyn-boss-fight/models/astra_character_v2.blend"
BASELINE 121 0
Blender 5.2.1 LTS (hash 9e2066aef7ef built 2026-08-25 01:35:57)
OBJ import of 'base.obj' took 17.85 ms

Blender quit
