00:01.164  blend            | Read blend: "/Users/aaron_7nh0yzm/godwyn-boss-fight/models/astra_move_lunge_thrust_v2_wip.blend"
00:15.476  render           | Saved: 'renders/astra/rehost/lunge_thrust/lunge_thrust/preview/001.png'
[INFO ] services.locationservice ...............: Not adding link to MakeHuman user data, since neither explicit path nor auto-discovery is set in preferences.
[INFO ] mpfb.init ..............................: Build info FROM_SOURCE
[INFO ] mpfb.init ..............................: Online access preference is not enabled. Not checking if MakeHuman is online.
[INFO ] mpfb.init ..............................: MPFB initialization has finished.
MOVE RENDER lunge_thrust 1
00:22.502  render           | Saved: 'renders/astra/rehost/lunge_thrust/lunge_thrust/preview/011.png'
MOVE RENDER lunge_thrust 11
00:30.678  render           | Saved: 'renders/astra/rehost/lunge_thrust/lunge_thrust/preview/017.png'
MOVE RENDER lunge_thrust 17
00:37.027  render           | Saved: 'renders/astra/rehost/lunge_thrust/lunge_thrust/preview/021.png'
MOVE RENDER lunge_thrust 21
00:44.077  render           | Saved: 'renders/astra/rehost/lunge_thrust/lunge_thrust/preview/023.png'
MOVE RENDER lunge_thrust 23
00:51.086  render           | Saved: 'renders/astra/rehost/lunge_thrust/lunge_thrust/preview/025.png'
MOVE RENDER lunge_thrust 25
00:57.328  render           | Saved: 'renders/astra/rehost/lunge_thrust/lunge_thrust/preview/027.png'
MOVE RENDER lunge_thrust 27
01:04.561  render           | Saved: 'renders/astra/rehost/lunge_thrust/lunge_thrust/preview/029.png'
MOVE RENDER lunge_thrust 29
01:11.136  render           | Saved: 'renders/astra/rehost/lunge_thrust/lunge_thrust/preview/031.png'
MOVE RENDER lunge_thrust 31
01:16.691  render           | Saved: 'renders/astra/rehost/lunge_thrust/lunge_thrust/preview/033.png'
MOVE RENDER lunge_thrust 33
01:22.073  render           | Saved: 'renders/astra/rehost/lunge_thrust/lunge_thrust/preview/035.png'
MOVE RENDER lunge_thrust 35
01:27.143  render           | Saved: 'renders/astra/rehost/lunge_thrust/lunge_thrust/preview/037.png'
MOVE RENDER lunge_thrust 37
01:33.413  render           | Saved: 'renders/astra/rehost/lunge_thrust/lunge_thrust/preview/039.png'
MOVE RENDER lunge_thrust 39
01:39.350  render           | Saved: 'renders/astra/rehost/lunge_thrust/lunge_thrust/preview/041.png'
MOVE RENDER lunge_thrust 41
01:45.516  render           | Saved: 'renders/astra/rehost/lunge_thrust/lunge_thrust/preview/043.png'
MOVE RENDER lunge_thrust 43
01:51.393  render           | Saved: 'renders/astra/rehost/lunge_thrust/lunge_thrust/preview/045.png'
MOVE RENDER lunge_thrust 45
01:56.809  render           | Saved: 'renders/astra/rehost/lunge_thrust/lunge_thrust/preview/047.png'
MOVE RENDER lunge_thrust 47
02:02.551  render           | Saved: 'renders/astra/rehost/lunge_thrust/lunge_thrust/preview/049.png'
MOVE RENDER lunge_thrust 49
02:08.101  render           | Saved: 'renders/astra/rehost/lunge_thrust/lunge_thrust/preview/053.png'
MOVE RENDER lunge_thrust 53
02:14.616  render           | Saved: 'renders/astra/rehost/lunge_thrust/lunge_thrust/preview/057.png'
MOVE RENDER lunge_thrust 57
06:29.243  render           | Saved: 'renders/astra/rehost/lunge_thrust/lunge_thrust/preview/061.png'
MOVE RENDER lunge_thrust 61
06:54.855  render           | Saved: 'renders/astra/rehost/lunge_thrust/lunge_thrust/preview/064.png'
MOVE RENDER lunge_thrust 64
Blender 5.2.1 LTS (hash 9e2066aef7ef built 2026-08-25 01:35:57)

Blender quit
