00:00.771  blend            | Read blend: "/Users/aaron_7nh0yzm/godwyn-boss-fight/models/astra_xslash_v2_final_on_char2_wip.blend"
[INFO ] services.locationservice ...............: Not adding link to MakeHuman user data, since neither explicit path nor auto-discovery is set in preferences.
[INFO ] mpfb.init ..............................: Build info FROM_SOURCE
[INFO ] mpfb.init ..............................: Online access preference is not enabled. Not checking if MakeHuman is online.
[INFO ] mpfb.init ..............................: MPFB initialization has finished.
{
  "support_summary": {
    "outside_frames": [
      30,
      31,
      32,
      33,
      34,
      35,
      36,
      37,
      38,
      39
    ],
    "airborne_frames": [],
    "minimum_margin_m": -0.3276440057997933
  },
  "planted_ankle_max_planar_step_m": {
    "Left": 8.765125971944774e-07,
    "Right": 2.4001973407992806e-06
  },
  "cascade": {
    "Hips": {
      "world_peak_frame": 34.25,
      "local_peak_frame": 34.25
    },
    "Spine02": {
      "world_peak_frame": 34.5,
      "local_peak_frame": 35.25
    },
    "Spine01": {
      "world_peak_frame": 34.75,
      "local_peak_frame": 36.25
    },
    "Spine": {
      "world_peak_frame": 35.25,
      "local_peak_frame": 37.25
    },
    "RightShoulder": {
      "world_peak_frame": 35.5,
      "local_peak_frame": 38.25
    },
    "RightArm": {
      "world_peak_frame": 39.0,
      "local_peak_frame": 39.0
    },
    "RightForeArm": {
      "world_peak_frame": 39.5,
      "local_peak_frame": 59.25
    },
    "RightHand": {
      "world_peak_frame": 39.5,
      "local_peak_frame": 54.0
    }
  },
  "cloth_yaw_lag": {
    "phys_robe_front_C_06": {
      "best_delay_frames": 1,
      "correlations": {
        "-10": -0.23156772076205273,
        "-9": -0.20419534266472353,
        "-8": -0.17455003163822014,
        "-7": -0.13922766576007184,
        "-6": -0.09558747709087644,
        "-5": -0.03277746251010171,
        "-4": 0.06847744954213586,
        "-3": 0.2261529108352725,
        "-2": 0.44476087810665565,
        "-1": 0.6888524152381736,
        "0": 0.8725876650982289,
        "1": 0.9203833379894669,
        "2": 0.8312081692492369,
        "3": 0.6602665102695159,
        "4": 0.4856224217961415,
        "5": 0.37201782847831816,
        "6": 0.32580908887429927,
        "7": 0.31006909217415635,
        "8": 0.30197932805335503,
        "9": 0.2978551607757592,
        "10": 0.2906224111635233,
        "11": 0.27216540585522814,
        "12": 0.23285676782902412,
        "13": 0.16216852865419112,
        "14": 0.05161558052752255,
        "15": -0.10014278936378204,
        "16": -0.2726617072541502,
        "17": -0.41755338328311203,
        "18": -0.49034057430540867,
        "19": -0.48564616534633354,
        "20": -0.42946430865691676
      }
    },
    "phys_cape_C_06": {
      "best_delay_frames": 2,
      "correlations": {
        "-10": -0.2263887895163791,
        "-9": -0.170637015601827,
        "-8": -0.12585083785235676,
        "-7": -0.08513609358814875,
        "-6": -0.04580054014963952,
        "-5": -0.0016170918942677176,
        "-4": 0.05884294975118998,
        "-3": 0.14950362293471442,
        "-2": 0.2931095382091374,
        "-1": 0.4988499013229815,
        "0": 0.7243593150796438,
        "1": 0.8971338240392559,
        "2": 0.9626702468631868,
        "3": 0.8996965338885784,
        "4": 0.7395792625446985,
        "5": 0.557441471935885,
        "6": 0.4085966285620785,
        "7": 0.3031691785359757,
        "8": 0.2339528764329835,
        "9": 0.19064565650104973,
        "10": 0.16217593068105443,
        "11": 0.14284121896130697,
        "12": 0.12599547893852528,
        "13": 0.10117239532944809,
        "14": 0.05675276852072742,
        "15": -0.024223267482845978,
        "16": -0.15116196751710165,
        "17": -0.30266068504869975,
        "18": -0.4374411199683879,
        "19": -0.5208425373376409,
        "20": -0.5337872952604004
      }
    }
  },
  "active_windows": {
    "37-42": {
      "tip_path_m": 5.905431579332433,
      "chord_m": 4.3611974891532705,
      "path_chord_ratio": 1.3540848801320795,
      "peak_speed_m_s": 45.10145668735111
    },
    "54-59": {
      "tip_path_m": 5.7081739268498035,
      "chord_m": 4.256422698955622,
      "path_chord_ratio": 1.3410730866204597,
      "peak_speed_m_s": 43.5828548074092
    }
  },
  "name": "xslash",
  "quarter_samples": 357,
  "bone_count": 121,
  "joint_ranges_deg": {
    "Left_elbow": [
      37.04000150955334,
      137.2832872312698
    ],
    "Left_wrist": [
      18.822719486566942,
      19.350993715671198
    ],
    "Left_knee": [
      8.55284728105584,
      55.7018158560488
    ],
    "Left_shoulder_elevation": [
      38.5019062891692,
      101.89807607182021
    ],
    "Right_elbow": [
      15.262664963931096,
      147.92102751064468
    ],
    "Right_wrist": [
      5.9218456573711835,
      59.40729856135371
    ],
    "Right_knee": [
      15.69284101484273,
      56.593573704745324
    ],
    "Right_shoulder_elevation": [
      8.884462289238682,
      75.24266751498052
    ]
  },
  "asymmetry_speed_correlation": {
    "Shoulder": 0.6425791790255774,
    "Arm": 0.6632612493669549,
    "ForeArm": 0.536581312879689,
    "Hand": 0.41272864155125805,
    "UpLeg": 0.8235767388819608
  },
  "loop": {},
  "max_limb_length_error_m": 2.7945106640947515e-06,
  "blade_peak_speed_m_s": 45.10145668735111,
  "blade_min_z_m": 0.6029398441314697,
  "peak_hips_yaw_deg_s": 346.03545899630393,
  "source_sha256": "c5a691c624a67ff299f2bb2822fd04346e4bb6184e0273a2fa8dba9869a86386"
}
FLAGS [{'bone': 'LeftUpLeg', 'frame': 80, 'kinds': ['reversal'], 'speed': 1.2214621822907858, 'acceleration': 2.2046191268430286}, {'bone': 'LeftLeg', 'frame': 47, 'kinds': ['reversal'], 'speed': 1.0512167143677866, 'acceleration': 1.6700477825908664}, {'bone': 'LeftLeg', 'frame': 80, 'kinds': ['reversal'], 'speed': 2.1425598519983686, 'acceleration': 4.288877142785863}, {'bone': 'RightLeg', 'frame': 47, 'kinds': ['reversal'], 'speed': 0.8728252504362768, 'acceleration': 2.1637686619766243}, {'bone': 'RightLeg', 'frame': 80, 'kinds': ['reversal'], 'speed': 1.3461318156010258, 'acceleration': 2.536360655261346}, {'bone': 'LeftArm', 'frame': 44, 'kinds': ['reversal'], 'speed': 8.155908223539448, 'acceleration': 10.663047449499416}, {'bone': 'LeftForeArm', 'frame': 44, 'kinds': ['reversal'], 'speed': 8.75393145716158, 'acceleration': 11.311570832590972}, {'bone': 'LeftForeArm', 'frame': 53, 'kinds': ['reversal'], 'speed': 2.5865353576888843, 'acceleration': 5.0694363201163295}, {'bone': 'LeftForeArm', 'frame': 59, 'kinds': ['reversal'], 'speed': 0.974663956761677, 'acceleration': 2.192047426140869}, {'bone': 'RightArm', 'frame': 37, 'kinds': ['acceleration'], 'speed': 24.3502877873114, 'acceleration': 12.432463758993983}, {'bone': 'RightArm', 'frame': 38, 'kinds': ['acceleration'], 'speed': 28.17446615347034, 'acceleration': 31.14236343766279}, {'bone': 'RightArm', 'frame': 39, 'kinds': ['acceleration'], 'speed': 44.12638642304249, 'acceleration': 24.06781787141722}, {'bone': 'RightArm', 'frame': 40, 'kinds': ['acceleration'], 'speed': 35.38894554643015, 'acceleration': 14.496455180947416}, {'bone': 'RightArm', 'frame': 53, 'kinds': ['acceleration'], 'speed': 10.842205641760385, 'acceleration': 12.299113207762543}, {'bone': 'RightArm', 'frame': 54, 'kinds': ['acceleration'], 'speed': 19.050515392066536, 'acceleration': 17.534955206822247}, {'bone': 'RightArm', 'frame': 55, 'kinds': ['acceleration'], 'speed': 30.356804361978988, 'acceleration': 16.18828151564322}, {'bone': 'RightArm', 'frame': 56, 'kinds': ['acceleration'], 'speed': 20.15703469298878, 'acceleration': 13.35815292062939}, {'bone': 'RightArm', 'frame': 63, 'kinds': ['acceleration'], 'speed': 9.559089670308861, 'acceleration': 12.573747559088808}, {'bone': 'RightForeArm', 'frame': 40, 'kinds': ['reversal', 'acceleration'], 'speed': 16.068824370246, 'acceleration': 26.801414611884375}, {'bone': 'RightForeArm', 'frame': 46, 'kinds': ['acceleration'], 'speed': 20.653961605166238, 'acceleration': 14.215650362311392}, {'bone': 'RightForeArm', 'frame': 47, 'kinds': ['acceleration'], 'speed': 9.029322103951788, 'acceleration': 19.559912737021424}, {'bone': 'RightForeArm', 'frame': 55, 'kinds': ['reversal', 'acceleration'], 'speed': 2.1974046753934817, 'acceleration': 13.99325251833258}, {'bone': 'RightForeArm', 'frame': 56, 'kinds': ['acceleration'], 'speed': 15.837472113977084, 'acceleration': 13.640067438864186}, {'bone': 'RightForeArm', 'frame': 61, 'kinds': ['acceleration'], 'speed': 10.123503311758839, 'acceleration': 13.813697165825328}, {'bone': 'RightForeArm', 'frame': 62, 'kinds': ['reversal', 'acceleration'], 'speed': 3.3896881223915294, 'acceleration': 13.5131914341491}, {'bone': 'RightHand', 'frame': 39, 'kinds': ['acceleration'], 'speed': 11.706911298419605, 'acceleration': 19.027363717073975}, {'bone': 'RightHand', 'frame': 41, 'kinds': ['reversal', 'acceleration'], 'speed': 4.771120249789986, 'acceleration': 16.76514072487962}, {'bone': 'RightHand', 'frame': 46, 'kinds': ['acceleration'], 'speed': 9.05593071186059, 'acceleration': 12.744723883624433}, {'bone': 'RightHand', 'frame': 54, 'kinds': ['acceleration'], 'speed': 21.895637742537083, 'acceleration': 12.140860731998844}, {'bone': 'RightHand', 'frame': 56, 'kinds': ['acceleration'], 'speed': 10.850239347624663, 'acceleration': 25.774592720126524}, {'bone': 'RightHand', 'frame': 63, 'kinds': ['acceleration'], 'speed': 10.225244646997941, 'acceleration': 12.830035884538177}]
CONTACT {'before': {'Left': [0.0013416549190878868, 0.12777280807495117], 'Right': [0.001687401905655861, 0.0028866222128272057]}, 'after': {'Left': [0.0013416549190878868, 0.12777280807495117], 'Right': [0.001687401905655861, 0.0028866222128272057]}}
HEM -0.004121948964893818
Blender 5.2.1 LTS (hash 9e2066aef7ef built 2026-08-25 01:35:57)

Blender quit
