Traceback (most recent call last):
  File "/usr/share/blender/5.2/scripts/modules/addon_utils.py", line 543, in enable
    mod.register()
    ~~~~~~~~~~~~^^
  File "/usr/share/blender/5.2/scripts/addons_core/bl_pkg/__init__.py", line 986, in register
    _remote_asset_library_restore_backups()
    ~~~~~~~~~~~~~~~~~~~~~~~~~~~~~~~~~~~~~^^
  File "/usr/share/blender/5.2/scripts/addons_core/bl_pkg/__init__.py", line 580, in _remote_asset_library_restore_backups
    from _bpy_internal.assets.remote_library import listing_downloader
  File "/usr/share/blender/5.2/scripts/modules/_bpy_internal/assets/remote_library/listing_downloader.py", line 32, in <module>
    from _bpy_internal.http import downloader as http_dl
  File "/usr/share/blender/5.2/scripts/modules/_bpy_internal/http/downloader.py", line 51, in <module>
    import cattrs
ModuleNotFoundError: No module named 'cattrs'
00:00.363  blend            | Read blend: "/home/aaron/godwyn-boss-fight/models/astra_xslash_v2_final_on_char2_cloth_wip.blend"
Exception in module register(): /usr/share/blender/5.2/scripts/addons_core/bl_pkg/__init__.py
SURFACE rehost floor -0.014999999664723873 counts {'LeftFoot': 1123, 'RightFoot': 1258, 'cloth': 83698}
FOOT RANGE {'LeftFoot': (0.0013416530564427376, 0.0039208149537444115), 'RightFoot': (0.0022639045491814613, 0.002787635661661625)}
CLOTH SWORD []
Blender 5.2.0 LTS (hash fbe6228777e7 built 2026-07-15 11:48:12)

Blender quit
