Traceback (most recent call last):
  File "/usr/share/blender/5.2/scripts/modules/addon_utils.py", line 543, in enable
    mod.register()
    ~~~~~~~~~~~~^^
  File "/usr/share/blender/5.2/scripts/addons_core/bl_pkg/__init__.py", line 986, in register
    _remote_asset_library_restore_backups()
    ~~~~~~~~~~~~~~~~~~~~~~~~~~~~~~~~~~~~~^^
  File "/usr/share/blender/5.2/scripts/addons_core/bl_pkg/__init__.py", line 580, in _remote_asset_library_restore_backups
    from _bpy_internal.assets.remote_library import listing_downloader
  File "/usr/share/blender/5.2/scripts/modules/_bpy_internal/assets/remote_library/listing_downloader.py", line 32, in <module>
    from _bpy_internal.http import downloader as http_dl
  File "/usr/share/blender/5.2/scripts/modules/_bpy_internal/http/downloader.py", line 51, in <module>
    import cattrs
ModuleNotFoundError: No module named 'cattrs'
00:00.375  blend            | Read blend: "/home/aaron/godwyn-boss-fight/models/astra_xslash_v2_final_on_char2_cloth_wip.blend"
Exception in module register(): /usr/share/blender/5.2/scripts/addons_core/bl_pkg/__init__.py
HEAD AUDIT xslash 10
HEAD AUDIT xslash 20
HEAD AUDIT xslash 30
HEAD AUDIT xslash 40
HEAD AUDIT xslash 50
HEAD AUDIT xslash 60
HEAD AUDIT xslash 70
HEAD AUDIT xslash 80
HEAD AUDIT xslash 90
HEAD AUDIT COMPLETE xslash {"name": "xslash", "frames_checked": 90, "hair_control_points_sampled_per_frame": 22766, "blade_radius_99pct_m": 0.14284108579158783, "gorget_head": {"internal_neck_insertion_frames": [1, 2, 3, 4, 5, 6, 7, 8, 9, 10, 11, 12, 13, 14, 15, 16, 17, 18, 19, 20, 21, 22, 23, 24, 25, 26, 27, 28, 29, 30, 31, 32, 33, 34, 35, 36, 37, 38, 39, 40, 41, 42, 43, 44, 45, 46, 47, 48, 49, 50, 51, 52, 53, 54, 55, 56, 57, 58, 59, 60, 61, 62, 63, 64, 65, 66, 67, 68, 69, 70, 71, 72, 73, 74, 75, 76, 77, 78, 79, 80, 81, 82, 83, 84, 85, 86, 87, 88, 89, 90], "exposed_intersection_frames": [], "minimum_exposed_sampled_distance_m": 0.009838361293077469, "worst_frame": 12, "classification": "hidden published neck insertion below the gorget lip is reported separately; exposed jaw/neck is the acceptance surface"}, "blade_head": {"minimum_clearance_proxy_m": 0.015904322266578674, "worst_frame": 55, "exact_intersection_frames": [], "exact_minimum_sampled_surface_distance_m": 0.09596602618694305}, "blade_hair": {"minimum_sampled_clearance_proxy_m": -0.120119541743441, "worst_frame": 55, "fiber_radius_assumption_m": 0.002, "exact_minimum_sampled_surface_clearance_m": 0.04176522451639175, "exact_worst_frame": 55}}
Blender 5.2.0 LTS (hash fbe6228777e7 built 2026-07-15 11:48:12)

Blender quit
