Traceback (most recent call last):
  File "/usr/share/blender/5.2/scripts/modules/addon_utils.py", line 543, in enable
    mod.register()
    ~~~~~~~~~~~~^^
  File "/usr/share/blender/5.2/scripts/addons_core/bl_pkg/__init__.py", line 986, in register
    _remote_asset_library_restore_backups()
    ~~~~~~~~~~~~~~~~~~~~~~~~~~~~~~~~~~~~~^^
  File "/usr/share/blender/5.2/scripts/addons_core/bl_pkg/__init__.py", line 580, in _remote_asset_library_restore_backups
    from _bpy_internal.assets.remote_library import listing_downloader
  File "/usr/share/blender/5.2/scripts/modules/_bpy_internal/assets/remote_library/listing_downloader.py", line 32, in <module>
    from _bpy_internal.http import downloader as http_dl
  File "/usr/share/blender/5.2/scripts/modules/_bpy_internal/http/downloader.py", line 51, in <module>
    import cattrs
ModuleNotFoundError: No module named 'cattrs'
00:00.350  blend            | Read blend: "/home/aaron/godwyn-boss-fight/models/astra_xslash_v2_final_on_char2_cloth_wip.blend"
Exception in module register(): /usr/share/blender/5.2/scripts/addons_core/bl_pkg/__init__.py
SURFACE xslash 20
SURFACE xslash 40
SURFACE xslash 60
SURFACE xslash 80
SURFACE COMPLETE {"name": "xslash", "floor_z": -0.014999999664723873, "sole_vertex_counts": {"Left": 1262, "Right": 1419}, "cloth_vertex_counts": {"phys_robe_front_C": 36, "phys_robe_front_L": 1934, "phys_robe_front_R": 1527, "phys_robe_side_L": 6941, "phys_robe_side_R": 6025, "phys_cape_C": 4444, "phys_cape_L": 9866, "phys_cape_R": 9354}, "old_body": {"sole_min_m": 0.0010092994198203087, "cloth_min_m": -0.011965674348175526}, "v2_body": {"sole_min_m": 0.0013416530564427376, "cloth_min_m": 0.002282150089740753, "sole_worst_frame": 62, "cloth_worst_frame": 44}, "planted_penetration_frames": {"Left": [], "Right": []}, "cloth_threshold_m": -0.011965674348175526, "cloth_same_or_better_with_tolerance": true}
Blender 5.2.0 LTS (hash fbe6228777e7 built 2026-07-15 11:48:12)

Blender quit
