Traceback (most recent call last):
  File "/usr/share/blender/5.2/scripts/modules/addon_utils.py", line 543, in enable
    mod.register()
    ~~~~~~~~~~~~^^
  File "/usr/share/blender/5.2/scripts/addons_core/bl_pkg/__init__.py", line 986, in register
    _remote_asset_library_restore_backups()
    ~~~~~~~~~~~~~~~~~~~~~~~~~~~~~~~~~~~~~^^
  File "/usr/share/blender/5.2/scripts/addons_core/bl_pkg/__init__.py", line 580, in _remote_asset_library_restore_backups
    from _bpy_internal.assets.remote_library import listing_downloader
  File "/usr/share/blender/5.2/scripts/modules/_bpy_internal/assets/remote_library/listing_downloader.py", line 32, in <module>
    from _bpy_internal.http import downloader as http_dl
  File "/usr/share/blender/5.2/scripts/modules/_bpy_internal/http/downloader.py", line 51, in <module>
    import cattrs
ModuleNotFoundError: No module named 'cattrs'
00:00.309  blend            | Read blend: "/home/aaron/godwyn-boss-fight/models/astra_xslash_v2_final_on_char2_cloth_wip.blend"
00:11.667  render           | Saved: 'renders/astra/rehost/xslash/cloth_frames/001.png'
Exception in module register(): /usr/share/blender/5.2/scripts/addons_core/bl_pkg/__init__.py
XSLASH CLOTH RENDER 1.0 renders/astra/rehost/xslash/cloth_frames/001.png
00:13.412  render           | Saved: 'renders/astra/rehost/xslash/cloth_frames/002.png'
XSLASH CLOTH RENDER 2.0 renders/astra/rehost/xslash/cloth_frames/002.png
00:15.161  render           | Saved: 'renders/astra/rehost/xslash/cloth_frames/003.png'
XSLASH CLOTH RENDER 3.0 renders/astra/rehost/xslash/cloth_frames/003.png
00:16.853  render           | Saved: 'renders/astra/rehost/xslash/cloth_frames/004.png'
XSLASH CLOTH RENDER 4.0 renders/astra/rehost/xslash/cloth_frames/004.png
00:18.571  render           | Saved: 'renders/astra/rehost/xslash/cloth_frames/005.png'
XSLASH CLOTH RENDER 5.0 renders/astra/rehost/xslash/cloth_frames/005.png
00:20.286  render           | Saved: 'renders/astra/rehost/xslash/cloth_frames/006.png'
XSLASH CLOTH RENDER 6.0 renders/astra/rehost/xslash/cloth_frames/006.png
00:21.991  render           | Saved: 'renders/astra/rehost/xslash/cloth_frames/007.png'
XSLASH CLOTH RENDER 7.0 renders/astra/rehost/xslash/cloth_frames/007.png
00:23.717  render           | Saved: 'renders/astra/rehost/xslash/cloth_frames/008.png'
XSLASH CLOTH RENDER 8.0 renders/astra/rehost/xslash/cloth_frames/008.png
00:25.455  render           | Saved: 'renders/astra/rehost/xslash/cloth_frames/009.png'
XSLASH CLOTH RENDER 9.0 renders/astra/rehost/xslash/cloth_frames/009.png
00:27.183  render           | Saved: 'renders/astra/rehost/xslash/cloth_frames/010.png'
XSLASH CLOTH RENDER 10.0 renders/astra/rehost/xslash/cloth_frames/010.png
00:28.919  render           | Saved: 'renders/astra/rehost/xslash/cloth_frames/011.png'
XSLASH CLOTH RENDER 11.0 renders/astra/rehost/xslash/cloth_frames/011.png
00:30.633  render           | Saved: 'renders/astra/rehost/xslash/cloth_frames/012.png'
XSLASH CLOTH RENDER 12.0 renders/astra/rehost/xslash/cloth_frames/012.png
00:32.371  render           | Saved: 'renders/astra/rehost/xslash/cloth_frames/013.png'
XSLASH CLOTH RENDER 13.0 renders/astra/rehost/xslash/cloth_frames/013.png
00:34.108  render           | Saved: 'renders/astra/rehost/xslash/cloth_frames/014.png'
XSLASH CLOTH RENDER 14.0 renders/astra/rehost/xslash/cloth_frames/014.png
00:35.858  render           | Saved: 'renders/astra/rehost/xslash/cloth_frames/015.png'
XSLASH CLOTH RENDER 15.0 renders/astra/rehost/xslash/cloth_frames/015.png
00:37.549  render           | Saved: 'renders/astra/rehost/xslash/cloth_frames/016.png'
XSLASH CLOTH RENDER 16.0 renders/astra/rehost/xslash/cloth_frames/016.png
00:39.377  render           | Saved: 'renders/astra/rehost/xslash/cloth_frames/017.png'
XSLASH CLOTH RENDER 17.0 renders/astra/rehost/xslash/cloth_frames/017.png
00:41.160  render           | Saved: 'renders/astra/rehost/xslash/cloth_frames/018.png'
XSLASH CLOTH RENDER 18.0 renders/astra/rehost/xslash/cloth_frames/018.png
00:43.052  render           | Saved: 'renders/astra/rehost/xslash/cloth_frames/019.png'
XSLASH CLOTH RENDER 19.0 renders/astra/rehost/xslash/cloth_frames/019.png
00:44.883  render           | Saved: 'renders/astra/rehost/xslash/cloth_frames/020.png'
XSLASH CLOTH RENDER 20.0 renders/astra/rehost/xslash/cloth_frames/020.png
00:46.673  render           | Saved: 'renders/astra/rehost/xslash/cloth_frames/021.png'
XSLASH CLOTH RENDER 21.0 renders/astra/rehost/xslash/cloth_frames/021.png
00:48.391  render           | Saved: 'renders/astra/rehost/xslash/cloth_frames/022.png'
XSLASH CLOTH RENDER 22.0 renders/astra/rehost/xslash/cloth_frames/022.png
00:50.156  render           | Saved: 'renders/astra/rehost/xslash/cloth_frames/023.png'
XSLASH CLOTH RENDER 23.0 renders/astra/rehost/xslash/cloth_frames/023.png
00:51.860  render           | Saved: 'renders/astra/rehost/xslash/cloth_frames/024.png'
XSLASH CLOTH RENDER 24.0 renders/astra/rehost/xslash/cloth_frames/024.png
00:53.596  render           | Saved: 'renders/astra/rehost/xslash/cloth_frames/025.png'
XSLASH CLOTH RENDER 25.0 renders/astra/rehost/xslash/cloth_frames/025.png
00:55.393  render           | Saved: 'renders/astra/rehost/xslash/cloth_frames/026.png'
XSLASH CLOTH RENDER 26.0 renders/astra/rehost/xslash/cloth_frames/026.png
00:57.154  render           | Saved: 'renders/astra/rehost/xslash/cloth_frames/027.png'
XSLASH CLOTH RENDER 27.0 renders/astra/rehost/xslash/cloth_frames/027.png
00:58.981  render           | Saved: 'renders/astra/rehost/xslash/cloth_frames/028.png'
XSLASH CLOTH RENDER 28.0 renders/astra/rehost/xslash/cloth_frames/028.png
01:00.876  render           | Saved: 'renders/astra/rehost/xslash/cloth_frames/029.png'
XSLASH CLOTH RENDER 29.0 renders/astra/rehost/xslash/cloth_frames/029.png
01:02.767  render           | Saved: 'renders/astra/rehost/xslash/cloth_frames/030.png'
XSLASH CLOTH RENDER 30.0 renders/astra/rehost/xslash/cloth_frames/030.png
01:04.918  render           | Saved: 'renders/astra/rehost/xslash/cloth_frames/031.png'
XSLASH CLOTH RENDER 31.0 renders/astra/rehost/xslash/cloth_frames/031.png
01:07.000  render           | Saved: 'renders/astra/rehost/xslash/cloth_frames/032.png'
XSLASH CLOTH RENDER 32.0 renders/astra/rehost/xslash/cloth_frames/032.png
01:09.176  render           | Saved: 'renders/astra/rehost/xslash/cloth_frames/033.png'
XSLASH CLOTH RENDER 33.0 renders/astra/rehost/xslash/cloth_frames/033.png
01:11.320  render           | Saved: 'renders/astra/rehost/xslash/cloth_frames/034.png'
XSLASH CLOTH RENDER 34.0 renders/astra/rehost/xslash/cloth_frames/034.png
01:13.469  render           | Saved: 'renders/astra/rehost/xslash/cloth_frames/035.png'
XSLASH CLOTH RENDER 35.0 renders/astra/rehost/xslash/cloth_frames/035.png
01:15.618  render           | Saved: 'renders/astra/rehost/xslash/cloth_frames/036.png'
XSLASH CLOTH RENDER 36.0 renders/astra/rehost/xslash/cloth_frames/036.png
01:17.817  render           | Saved: 'renders/astra/rehost/xslash/cloth_frames/037.png'
XSLASH CLOTH RENDER 37.0 renders/astra/rehost/xslash/cloth_frames/037.png
01:20.314  render           | Saved: 'renders/astra/rehost/xslash/cloth_frames/038.png'
XSLASH CLOTH RENDER 38.0 renders/astra/rehost/xslash/cloth_frames/038.png
01:22.666  render           | Saved: 'renders/astra/rehost/xslash/cloth_frames/039.png'
XSLASH CLOTH RENDER 39.0 renders/astra/rehost/xslash/cloth_frames/039.png
01:24.764  render           | Saved: 'renders/astra/rehost/xslash/cloth_frames/040.png'
XSLASH CLOTH RENDER 40.0 renders/astra/rehost/xslash/cloth_frames/040.png
01:26.917  render           | Saved: 'renders/astra/rehost/xslash/cloth_frames/041.png'
XSLASH CLOTH RENDER 41.0 renders/astra/rehost/xslash/cloth_frames/041.png
01:28.897  render           | Saved: 'renders/astra/rehost/xslash/cloth_frames/042.png'
XSLASH CLOTH RENDER 42.0 renders/astra/rehost/xslash/cloth_frames/042.png
01:30.817  render           | Saved: 'renders/astra/rehost/xslash/cloth_frames/043.png'
XSLASH CLOTH RENDER 43.0 renders/astra/rehost/xslash/cloth_frames/043.png
01:32.694  render           | Saved: 'renders/astra/rehost/xslash/cloth_frames/044.png'
XSLASH CLOTH RENDER 44.0 renders/astra/rehost/xslash/cloth_frames/044.png
01:34.530  render           | Saved: 'renders/astra/rehost/xslash/cloth_frames/045.png'
XSLASH CLOTH RENDER 45.0 renders/astra/rehost/xslash/cloth_frames/045.png
01:36.420  render           | Saved: 'renders/astra/rehost/xslash/cloth_frames/046.png'
XSLASH CLOTH RENDER 46.0 renders/astra/rehost/xslash/cloth_frames/046.png
01:38.601  render           | Saved: 'renders/astra/rehost/xslash/cloth_frames/047.png'
XSLASH CLOTH RENDER 47.0 renders/astra/rehost/xslash/cloth_frames/047.png
01:40.726  render           | Saved: 'renders/astra/rehost/xslash/cloth_frames/048.png'
XSLASH CLOTH RENDER 48.0 renders/astra/rehost/xslash/cloth_frames/048.png
01:42.920  render           | Saved: 'renders/astra/rehost/xslash/cloth_frames/049.png'
XSLASH CLOTH RENDER 49.0 renders/astra/rehost/xslash/cloth_frames/049.png
01:45.090  render           | Saved: 'renders/astra/rehost/xslash/cloth_frames/050.png'
XSLASH CLOTH RENDER 50.0 renders/astra/rehost/xslash/cloth_frames/050.png
01:47.236  render           | Saved: 'renders/astra/rehost/xslash/cloth_frames/051.png'
XSLASH CLOTH RENDER 51.0 renders/astra/rehost/xslash/cloth_frames/051.png
01:49.409  render           | Saved: 'renders/astra/rehost/xslash/cloth_frames/052.png'
XSLASH CLOTH RENDER 52.0 renders/astra/rehost/xslash/cloth_frames/052.png
01:51.517  render           | Saved: 'renders/astra/rehost/xslash/cloth_frames/053.png'
XSLASH CLOTH RENDER 53.0 renders/astra/rehost/xslash/cloth_frames/053.png
01:53.623  render           | Saved: 'renders/astra/rehost/xslash/cloth_frames/054.png'
XSLASH CLOTH RENDER 54.0 renders/astra/rehost/xslash/cloth_frames/054.png
01:55.519  render           | Saved: 'renders/astra/rehost/xslash/cloth_frames/055.png'
XSLASH CLOTH RENDER 55.0 renders/astra/rehost/xslash/cloth_frames/055.png
01:57.423  render           | Saved: 'renders/astra/rehost/xslash/cloth_frames/056.png'
XSLASH CLOTH RENDER 56.0 renders/astra/rehost/xslash/cloth_frames/056.png
01:59.360  render           | Saved: 'renders/astra/rehost/xslash/cloth_frames/057.png'
XSLASH CLOTH RENDER 57.0 renders/astra/rehost/xslash/cloth_frames/057.png
02:01.290  render           | Saved: 'renders/astra/rehost/xslash/cloth_frames/058.png'
XSLASH CLOTH RENDER 58.0 renders/astra/rehost/xslash/cloth_frames/058.png
02:03.274  render           | Saved: 'renders/astra/rehost/xslash/cloth_frames/059.png'
XSLASH CLOTH RENDER 59.0 renders/astra/rehost/xslash/cloth_frames/059.png
02:05.324  render           | Saved: 'renders/astra/rehost/xslash/cloth_frames/060.png'
XSLASH CLOTH RENDER 60.0 renders/astra/rehost/xslash/cloth_frames/060.png
02:07.656  render           | Saved: 'renders/astra/rehost/xslash/cloth_frames/061.png'
XSLASH CLOTH RENDER 61.0 renders/astra/rehost/xslash/cloth_frames/061.png
02:09.608  render           | Saved: 'renders/astra/rehost/xslash/cloth_frames/062.png'
XSLASH CLOTH RENDER 62.0 renders/astra/rehost/xslash/cloth_frames/062.png
02:11.770  render           | Saved: 'renders/astra/rehost/xslash/cloth_frames/063.png'
XSLASH CLOTH RENDER 63.0 renders/astra/rehost/xslash/cloth_frames/063.png
02:13.898  render           | Saved: 'renders/astra/rehost/xslash/cloth_frames/064.png'
XSLASH CLOTH RENDER 64.0 renders/astra/rehost/xslash/cloth_frames/064.png
02:16.095  render           | Saved: 'renders/astra/rehost/xslash/cloth_frames/065.png'
XSLASH CLOTH RENDER 65.0 renders/astra/rehost/xslash/cloth_frames/065.png
02:18.256  render           | Saved: 'renders/astra/rehost/xslash/cloth_frames/066.png'
XSLASH CLOTH RENDER 66.0 renders/astra/rehost/xslash/cloth_frames/066.png
02:20.414  render           | Saved: 'renders/astra/rehost/xslash/cloth_frames/067.png'
XSLASH CLOTH RENDER 67.0 renders/astra/rehost/xslash/cloth_frames/067.png
02:22.585  render           | Saved: 'renders/astra/rehost/xslash/cloth_frames/068.png'
XSLASH CLOTH RENDER 68.0 renders/astra/rehost/xslash/cloth_frames/068.png
02:24.638  render           | Saved: 'renders/astra/rehost/xslash/cloth_frames/069.png'
XSLASH CLOTH RENDER 69.0 renders/astra/rehost/xslash/cloth_frames/069.png
02:26.733  render           | Saved: 'renders/astra/rehost/xslash/cloth_frames/070.png'
XSLASH CLOTH RENDER 70.0 renders/astra/rehost/xslash/cloth_frames/070.png
02:28.571  render           | Saved: 'renders/astra/rehost/xslash/cloth_frames/071.png'
XSLASH CLOTH RENDER 71.0 renders/astra/rehost/xslash/cloth_frames/071.png
02:30.412  render           | Saved: 'renders/astra/rehost/xslash/cloth_frames/072.png'
XSLASH CLOTH RENDER 72.0 renders/astra/rehost/xslash/cloth_frames/072.png
02:32.260  render           | Saved: 'renders/astra/rehost/xslash/cloth_frames/073.png'
XSLASH CLOTH RENDER 73.0 renders/astra/rehost/xslash/cloth_frames/073.png
02:34.013  render           | Saved: 'renders/astra/rehost/xslash/cloth_frames/074.png'
XSLASH CLOTH RENDER 74.0 renders/astra/rehost/xslash/cloth_frames/074.png
02:35.730  render           | Saved: 'renders/astra/rehost/xslash/cloth_frames/075.png'
XSLASH CLOTH RENDER 75.0 renders/astra/rehost/xslash/cloth_frames/075.png
02:37.470  render           | Saved: 'renders/astra/rehost/xslash/cloth_frames/076.png'
XSLASH CLOTH RENDER 76.0 renders/astra/rehost/xslash/cloth_frames/076.png
02:39.179  render           | Saved: 'renders/astra/rehost/xslash/cloth_frames/077.png'
XSLASH CLOTH RENDER 77.0 renders/astra/rehost/xslash/cloth_frames/077.png
02:40.889  render           | Saved: 'renders/astra/rehost/xslash/cloth_frames/078.png'
XSLASH CLOTH RENDER 78.0 renders/astra/rehost/xslash/cloth_frames/078.png
02:42.606  render           | Saved: 'renders/astra/rehost/xslash/cloth_frames/079.png'
XSLASH CLOTH RENDER 79.0 renders/astra/rehost/xslash/cloth_frames/079.png
02:44.320  render           | Saved: 'renders/astra/rehost/xslash/cloth_frames/080.png'
XSLASH CLOTH RENDER 80.0 renders/astra/rehost/xslash/cloth_frames/080.png
02:46.061  render           | Saved: 'renders/astra/rehost/xslash/cloth_frames/081.png'
XSLASH CLOTH RENDER 81.0 renders/astra/rehost/xslash/cloth_frames/081.png
02:47.776  render           | Saved: 'renders/astra/rehost/xslash/cloth_frames/082.png'
XSLASH CLOTH RENDER 82.0 renders/astra/rehost/xslash/cloth_frames/082.png
02:49.471  render           | Saved: 'renders/astra/rehost/xslash/cloth_frames/083.png'
XSLASH CLOTH RENDER 83.0 renders/astra/rehost/xslash/cloth_frames/083.png
02:51.173  render           | Saved: 'renders/astra/rehost/xslash/cloth_frames/084.png'
XSLASH CLOTH RENDER 84.0 renders/astra/rehost/xslash/cloth_frames/084.png
02:52.891  render           | Saved: 'renders/astra/rehost/xslash/cloth_frames/085.png'
XSLASH CLOTH RENDER 85.0 renders/astra/rehost/xslash/cloth_frames/085.png
02:54.603  render           | Saved: 'renders/astra/rehost/xslash/cloth_frames/086.png'
XSLASH CLOTH RENDER 86.0 renders/astra/rehost/xslash/cloth_frames/086.png
02:56.306  render           | Saved: 'renders/astra/rehost/xslash/cloth_frames/087.png'
XSLASH CLOTH RENDER 87.0 renders/astra/rehost/xslash/cloth_frames/087.png
02:58.015  render           | Saved: 'renders/astra/rehost/xslash/cloth_frames/088.png'
XSLASH CLOTH RENDER 88.0 renders/astra/rehost/xslash/cloth_frames/088.png
02:59.743  render           | Saved: 'renders/astra/rehost/xslash/cloth_frames/089.png'
XSLASH CLOTH RENDER 89.0 renders/astra/rehost/xslash/cloth_frames/089.png
03:01.492  render           | Saved: 'renders/astra/rehost/xslash/cloth_frames/090.png'
XSLASH CLOTH RENDER 90.0 renders/astra/rehost/xslash/cloth_frames/090.png
Blender 5.2.0 LTS (hash fbe6228777e7 built 2026-07-15 11:48:12)

Blender quit
