Traceback (most recent call last):
  File "/usr/share/blender/5.2/scripts/modules/addon_utils.py", line 543, in enable
    mod.register()
    ~~~~~~~~~~~~^^
  File "/usr/share/blender/5.2/scripts/addons_core/bl_pkg/__init__.py", line 986, in register
    _remote_asset_library_restore_backups()
    ~~~~~~~~~~~~~~~~~~~~~~~~~~~~~~~~~~~~~^^
  File "/usr/share/blender/5.2/scripts/addons_core/bl_pkg/__init__.py", line 580, in _remote_asset_library_restore_backups
    from _bpy_internal.assets.remote_library import listing_downloader
  File "/usr/share/blender/5.2/scripts/modules/_bpy_internal/assets/remote_library/listing_downloader.py", line 32, in <module>
    from _bpy_internal.http import downloader as http_dl
  File "/usr/share/blender/5.2/scripts/modules/_bpy_internal/http/downloader.py", line 51, in <module>
    import cattrs
00:00.324  blend            | Read blend: "/home/aaron/godwyn-boss-fight/models/astra_xslash_v2_final_on_char2_wip.blend"
ModuleNotFoundError: No module named 'cattrs'
00:11.405  render           | Saved: 'renders/astra/rehost/xslash/cloth_compare_frames/01_before.png'
Exception in module register(): /usr/share/blender/5.2/scripts/addons_core/bl_pkg/__init__.py
XSLASH CLOTH RENDER 57.5 renders/astra/rehost/xslash/cloth_compare_frames/01_before.png
00:12.905  render           | Saved: 'renders/astra/rehost/xslash/cloth_compare_frames/02_before.png'
XSLASH CLOTH RENDER 56.5 renders/astra/rehost/xslash/cloth_compare_frames/02_before.png
00:14.389  render           | Saved: 'renders/astra/rehost/xslash/cloth_compare_frames/03_before.png'
XSLASH CLOTH RENDER 57.25 renders/astra/rehost/xslash/cloth_compare_frames/03_before.png
00:14.503  blend            | Read blend: "/home/aaron/godwyn-boss-fight/models/astra_xslash_v2_final_on_char2_cloth_wip.blend"
00:21.715  render           | Saved: 'renders/astra/rehost/xslash/cloth_compare_frames/01_after.png'
XSLASH CLOTH RENDER 57.5 renders/astra/rehost/xslash/cloth_compare_frames/01_after.png
00:23.131  render           | Saved: 'renders/astra/rehost/xslash/cloth_compare_frames/02_after.png'
XSLASH CLOTH RENDER 56.5 renders/astra/rehost/xslash/cloth_compare_frames/02_after.png
00:24.512  render           | Saved: 'renders/astra/rehost/xslash/cloth_compare_frames/03_after.png'
XSLASH CLOTH RENDER 57.25 renders/astra/rehost/xslash/cloth_compare_frames/03_after.png
Blender 5.2.0 LTS (hash fbe6228777e7 built 2026-07-15 11:48:12)

Blender quit
