Traceback (most recent call last):
  File "/usr/share/blender/5.2/scripts/modules/addon_utils.py", line 543, in enable
    mod.register()
    ~~~~~~~~~~~~^^
  File "/usr/share/blender/5.2/scripts/addons_core/bl_pkg/__init__.py", line 986, in register
    _remote_asset_library_restore_backups()
    ~~~~~~~~~~~~~~~~~~~~~~~~~~~~~~~~~~~~~^^
  File "/usr/share/blender/5.2/scripts/addons_core/bl_pkg/__init__.py", line 580, in _remote_asset_library_restore_backups
    from _bpy_internal.assets.remote_library import listing_downloader
  File "/usr/share/blender/5.2/scripts/modules/_bpy_internal/assets/remote_library/listing_downloader.py", line 32, in <module>
    from _bpy_internal.http import downloader as http_dl
  File "/usr/share/blender/5.2/scripts/modules/_bpy_internal/http/downloader.py", line 51, in <module>
    import cattrs
ModuleNotFoundError: No module named 'cattrs'
00:00.355  blend            | Read blend: "/home/aaron/godwyn-boss-fight/models/astra_xslash_v2_final_on_char2_wip.blend"
Exception in module register(): /usr/share/blender/5.2/scripts/addons_core/bl_pkg/__init__.py
XSLASH CLOTH PROBE cloth_floor_before.json 5.0 min=0.000948472
XSLASH CLOTH PROBE cloth_floor_before.json 10.0 min=0.000631554
XSLASH CLOTH PROBE cloth_floor_before.json 15.0 min=0.000342501
XSLASH CLOTH PROBE cloth_floor_before.json 20.0 min=0.000189658
XSLASH CLOTH PROBE cloth_floor_before.json 25.0 min=0.000095498
XSLASH CLOTH PROBE cloth_floor_before.json 30.0 min=0.001433103
XSLASH CLOTH PROBE cloth_floor_before.json 35.0 min=0.001402950
XSLASH CLOTH PROBE cloth_floor_before.json 40.0 min=-0.002222688
XSLASH CLOTH PROBE cloth_floor_before.json 45.0 min=-0.001350715
XSLASH CLOTH PROBE cloth_floor_before.json 50.0 min=-0.002617323
XSLASH CLOTH PROBE cloth_floor_before.json 55.0 min=-0.003996599
XSLASH CLOTH PROBE cloth_floor_before.json 60.0 min=-0.003685086
XSLASH CLOTH PROBE cloth_floor_before.json 65.0 min=-0.002862492
XSLASH CLOTH PROBE cloth_floor_before.json 70.0 min=-0.001850509
XSLASH CLOTH PROBE cloth_floor_before.json 75.0 min=-0.000133880
XSLASH CLOTH PROBE cloth_floor_before.json 80.0 min=0.000383336
XSLASH CLOTH PROBE cloth_floor_before.json 85.0 min=-0.000948601
XSLASH CLOTH PROBE cloth_floor_before.json 90.0 min=-0.000338218
XSLASH CLOTH PROBE COMPLETE {"destination": "renders/astra/rehost/xslash/cloth_floor_before.json", "minimum_clearance_m": -0.00458043348044157, "worst_frame": 57.5, "worst_vertex": 50781, "worst_component": "robe_hem", "worst_family": "phys_robe_side_L", "penetrating_frames": [26.25, 26.5, 26.75, 37.0, 37.25, 37.5, 37.75, 38.0, 38.25, 38.5, 38.75, 39.0, 39.25, 39.5, 39.75, 40.0, 40.25, 40.5, 40.75, 41.0, 41.25, 41.5, 41.75, 42.0, 42.25, 42.5, 42.75, 43.0, 43.25, 43.5, 43.75, 44.0, 44.25, 44.5, 44.75, 45.0, 45.25, 45.5, 45.75, 46.0, 46.25, 46.5, 46.75, 47.0, 47.25, 47.5, 47.75, 48.0, 48.25, 48.5, 48.75, 49.0, 49.25, 49.5, 49.75, 50.0, 50.25, 50.5, 50.75, 51.0, 51.25, 51.5, 51.75, 52.0, 52.25, 52.5, 52.75, 53.0, 53.25, 53.5, 53.75, 54.0, 54.25, 54.5, 54.75, 55.0, 55.25, 55.5, 55.75, 56.0, 56.25, 56.5, 56.75, 57.0, 57.25, 57.5, 57.75, 58.0, 58.25, 58.5, 58.75, 59.0, 59.25, 59.5, 59.75, 60.0, 60.25, 60.5, 60.75, 61.0, 61.25, 61.5, 61.75, 62.0, 62.25, 62.5, 62.75, 63.0, 63.25, 63.5, 63.75, 64.0, 64.25, 64.5, 64.75, 65.0, 65.25, 65.5, 65.75, 66.0, 66.25, 66.5, 66.75, 67.0, 67.25, 67.5, 67.75, 68.0, 68.25, 68.5, 68.75, 69.0, 69.25, 69.5, 69.75, 70.0, 70.25, 70.5, 70.75, 71.0, 71.25, 71.5, 71.75, 72.0, 72.25, 72.5, 72.75, 73.0, 73.25, 73.5, 73.75, 74.0, 74.25, 74.5, 74.75, 75.0, 81.25, 81.5, 81.75, 82.0, 82.25, 82.5, 82.75, 83.0, 83.25, 83.5, 83.75, 84.0, 84.25, 84.5, 84.75, 85.0, 85.25, 85.5, 85.75, 86.0, 86.25, 86.5, 86.75, 87.0, 87.25, 87.5, 87.75, 88.0, 88.25, 88.5, 88.75, 89.0, 89.25, 89.5, 89.75, 90.0], "penetrating_vertex_counts": {"robe_hem": 4}}
Blender 5.2.0 LTS (hash fbe6228777e7 built 2026-07-15 11:48:12)

Blender quit
