00:01.020  blend            | Read blend: "/Users/aaron_7nh0yzm/godwyn-boss-fight/models/astra_xslash_v2_final_on_char2_wip.blend"
[INFO ] services.locationservice ...............: Not adding link to MakeHuman user data, since neither explicit path nor auto-discovery is set in preferences.
[INFO ] mpfb.init ..............................: Build info FROM_SOURCE
[INFO ] mpfb.init ..............................: Online access preference is not enabled. Not checking if MakeHuman is online.
[INFO ] mpfb.init ..............................: MPFB initialization has finished.
{
  "thrust_samples": [],
  "pre_armature_surface_polish_offset_m": 0.014991533710816166,
  "closed_finger_mesh_samples": 2263,
  "max_closed_finger_hand_local_drift_m": 9.670393940944024e-07,
  "derived_grip_correction": {
    "astra_move_gold_palm_faces": 3434,
    "astra_move_palm_sliver_faces": 613,
    "astra_move_closed_finger_vertices": 2563,
    "astra_move_max_finger_adjustment_m": 0.10574496241936966,
    "astra_move_hilt_envelope_m": 0.029374360874295236
  },
  "binding": "OBJECT parent Armature + one ARMATURE modifier; every sword vertex RightHand=1.0; no sword action or constraints",
  "quarter_samples": 357,
  "hilt_wrist_distance_range_m": [
    0.16531510314659137,
    0.16531556338909892
  ],
  "max_hand_local_hilt_drift_m": 6.756979808875275e-07,
  "max_evaluated_tip_error_m": 6.02714670185944e-07,
  "max_edge_vs_cut_deg": 29.011678194173665,
  "two_handed": false,
  "grip_frames": [
    1,
    31,
    38,
    40,
    46,
    54,
    57,
    61,
    90
  ]
}
00:13.218  render           | Saved: 'renders/astra/rehost/xslash/xslash/grip/001.png'
00:16.931  render           | Saved: 'renders/astra/rehost/xslash/xslash/grip/031.png'
00:21.966  render           | Saved: 'renders/astra/rehost/xslash/xslash/grip/038.png'
00:26.196  render           | Saved: 'renders/astra/rehost/xslash/xslash/grip/040.png'
00:30.757  render           | Saved: 'renders/astra/rehost/xslash/xslash/grip/046.png'
00:34.786  render           | Saved: 'renders/astra/rehost/xslash/xslash/grip/054.png'
00:37.955  render           | Saved: 'renders/astra/rehost/xslash/xslash/grip/057.png'
00:41.084  render           | Saved: 'renders/astra/rehost/xslash/xslash/grip/061.png'
00:44.127  render           | Saved: 'renders/astra/rehost/xslash/xslash/grip/090.png'
Blender 5.2.1 LTS (hash 9e2066aef7ef built 2026-08-25 01:35:57)

Blender quit
