00:05.985  blend            | Read blend: "/Users/aaron_7nh0yzm/godwyn-boss-fight/models/astra_move_character_base_v2.blend"
[INFO ] services.locationservice ...............: Not adding link to MakeHuman user data, since neither explicit path nor auto-discovery is set in preferences.
[INFO ] mpfb.init ..............................: Build info FROM_SOURCE
[INFO ] mpfb.init ..............................: Online access preference is not enabled. Not checking if MakeHuman is online.
[INFO ] mpfb.init ..............................: MPFB initialization has finished.
HILT ENVELOPE 0.029374360874295236
GRIP MATERIAL FACES 3434 SLIVER 613
Info: Saved as "astra_move_walk_stalk_v2_wip.blend"
REHOST TRANSFER COMPLETE walk_stalk {"name": "walk_stalk", "method": "complete source staging scene retained; old character replaced by full published char2 assembly; action copied without retargeting", "base": "models/astra_move_character_base_v2.blend", "base_sha256": "c5a691c624a67ff299f2bb2822fd04346e4bb6184e0273a2fa8dba9869a86386", "action_source": "models/astra_move_walk_stalk_wip.blend", "action_source_sha256": "39b5f8825121bc5dec1415c92fb27beec072efcbf812649b96f7a20dce7a2dcf", "output": "models/astra_move_walk_stalk_v2_wip.blend", "output_sha256": "59a4e37d55b728b342971d8a8eb21793495639b339d6c6c138f9aa7c04e5399a", "bone_count": 121, "rest_matrix_max_error": 0.0, "quarter_frame_pose_matrix_max_error": 0.0, "action_digest": "15cd351ad4d01fc69371992078062e9eb59fd268e9a07c3e7e58b1b9f726108a", "action_data_identical": true, "action_fcurves": 847, "action_keys": 244783, "samples_end": 73, "render_frame_end": 72, "character_objects_retained": 139, "final_scene_objects": 145, "grip_repair": {"astra_move_palm_sliver_faces": 613, "astra_move_hilt_envelope_m": 0.029374360874295236, "astra_move_closed_finger_vertices": 2563, "astra_move_max_finger_adjustment_m": 0.10574496241936966, "astra_move_grip_clean": true, "astra_move_gold_palm_faces": 3434}, "blue_material_override": [{"material": "Astra Round2 royal blue undersleeves", "status": "override added"}, {"material": "Astra Round2 royal blue and continuous gold trim", "status": "override added"}], "source_files_unchanged": true, "blender_version": "5.2.1 LTS"}
00:32.417  blend            | Read blend: "/Users/aaron_7nh0yzm/godwyn-boss-fight/models/astra_move_character_base_v2.blend"
HILT ENVELOPE 0.029374360874295236
GRIP MATERIAL FACES 3434 SLIVER 613
Info: Saved as "astra_move_lunge_thrust_v2_wip.blend"
REHOST TRANSFER COMPLETE lunge_thrust {"name": "lunge_thrust", "method": "complete source staging scene retained; old character replaced by full published char2 assembly; action copied without retargeting", "base": "models/astra_move_character_base_v2.blend", "base_sha256": "c5a691c624a67ff299f2bb2822fd04346e4bb6184e0273a2fa8dba9869a86386", "action_source": "models/astra_move_lunge_thrust_wip.blend", "action_source_sha256": "acb7d7b729f06e466313703e944ff4873bf871e06b40ab6b8c420ae92a935f45", "output": "models/astra_move_lunge_thrust_v2_wip.blend", "output_sha256": "b7a1d6a2fcb852f62217a313fb2f442c73e615660abbe143083ab7cf530ad352", "bone_count": 121, "rest_matrix_max_error": 0.0, "quarter_frame_pose_matrix_max_error": 0.0, "action_digest": "06e6ed299462d7204ccdc39d0bd316bb5dca62832c0725f8bde71ca40150ccc8", "action_data_identical": true, "action_fcurves": 847, "action_keys": 214291, "samples_end": 64, "render_frame_end": 64, "character_objects_retained": 139, "final_scene_objects": 157, "grip_repair": {"astra_move_palm_sliver_faces": 613, "astra_move_hilt_envelope_m": 0.029374360874295236, "astra_move_closed_finger_vertices": 2563, "astra_move_max_finger_adjustment_m": 0.10574496241936966, "astra_move_grip_clean": true, "astra_move_gold_palm_faces": 3434}, "blue_material_override": [{"material": "Astra Round2 royal blue undersleeves", "status": "override added"}, {"material": "Astra Round2 royal blue and continuous gold trim", "status": "override added"}], "source_files_unchanged": true, "blender_version": "5.2.1 LTS"}
00:58.248  blend            | Read blend: "/Users/aaron_7nh0yzm/godwyn-boss-fight/models/astra_move_character_base_v2.blend"
HILT ENVELOPE 0.029374360874295236
GRIP MATERIAL FACES 3434 SLIVER 613
Info: Saved as "astra_move_rising_spin_v2_wip.blend"
REHOST TRANSFER COMPLETE rising_spin {"name": "rising_spin", "method": "complete source staging scene retained; old character replaced by full published char2 assembly; action copied without retargeting", "base": "models/astra_move_character_base_v2.blend", "base_sha256": "c5a691c624a67ff299f2bb2822fd04346e4bb6184e0273a2fa8dba9869a86386", "action_source": "models/astra_move_rising_spin_wip.blend", "action_source_sha256": "f2436e5fcb3d7070593da1ea58a582adaaf5183b9d732430f6d803e2748e6304", "output": "models/astra_move_rising_spin_v2_wip.blend", "output_sha256": "8e8f09e7dd00d550a8e68201bd26da3cd514848698f876d3850ab595929532a8", "bone_count": 121, "rest_matrix_max_error": 0.0, "quarter_frame_pose_matrix_max_error": 0.0, "action_digest": "084f7c7eda459c48e56a1a3b6912ac8cf4dbd85e60be47d34b6ae6c8dd51d6c0", "action_data_identical": true, "action_fcurves": 847, "action_keys": 390467, "samples_end": 116, "render_frame_end": 116, "character_objects_retained": 139, "final_scene_objects": 162, "grip_repair": {"astra_move_palm_sliver_faces": 613, "astra_move_hilt_envelope_m": 0.029374360874295236, "astra_move_closed_finger_vertices": 2563, "astra_move_max_finger_adjustment_m": 0.10574496241936966, "astra_move_grip_clean": true, "astra_move_gold_palm_faces": 3434}, "blue_material_override": [{"material": "Astra Round2 royal blue undersleeves", "status": "override added"}, {"material": "Astra Round2 royal blue and continuous gold trim", "status": "override added"}], "source_files_unchanged": true, "blender_version": "5.2.1 LTS"}
01:26.196  blend            | Read blend: "/Users/aaron_7nh0yzm/godwyn-boss-fight/models/astra_move_character_base_v2.blend"
HILT ENVELOPE 0.029374360874295236
GRIP MATERIAL FACES 3434 SLIVER 613
Info: Saved as "astra_xslash_v2_final_on_char2_wip.blend"
REHOST TRANSFER COMPLETE xslash {"name": "xslash", "method": "complete source staging scene retained; old character replaced by full published char2 assembly; action copied without retargeting", "base": "models/astra_move_character_base_v2.blend", "base_sha256": "c5a691c624a67ff299f2bb2822fd04346e4bb6184e0273a2fa8dba9869a86386", "action_source": "models/astra_xslash_v2_final_wip.blend", "action_source_sha256": "0c6746a55fb56b2bb8ca1adecc4a8891f5790e18dd773a28d8b3b02fef7b7425", "output": "models/astra_xslash_v2_final_on_char2_wip.blend", "output_sha256": "23ac6ae2e6305c471847b432a16770340802e30c93a482ee27f0480154b75bbf", "bone_count": 121, "rest_matrix_max_error": 0.0, "quarter_frame_pose_matrix_max_error": 0.0, "action_digest": "4e67baced997e08ce26c4b9f7ea6ae297c0ceb682a093f1e0f4604e36408d426", "action_data_identical": true, "action_fcurves": 847, "action_keys": 307643, "samples_end": 90, "render_frame_end": 90, "character_objects_retained": 139, "final_scene_objects": 159, "grip_repair": {"astra_move_palm_sliver_faces": 613, "astra_move_hilt_envelope_m": 0.029374360874295236, "astra_move_closed_finger_vertices": 2563, "astra_move_max_finger_adjustment_m": 0.10574496241936966, "astra_move_grip_clean": true, "astra_move_gold_palm_faces": 3434}, "blue_material_override": [{"material": "Astra Round2 royal blue and continuous gold trim", "status": "override added"}, {"material": "Astra Round2 royal blue undersleeves", "status": "override added"}], "source_files_unchanged": true, "blender_version": "5.2.1 LTS"}
Blender 5.2.1 LTS (hash 9e2066aef7ef built 2026-08-25 01:35:57)

Blender quit
