00:00.564  blend            | Read blend: "/Users/aaron_7nh0yzm/godwyn-boss-fight/models/astra_xslash_v2_final_wip.blend"
00:03.026  render           | Saved: '/Users/aaron_7nh0yzm/godwyn-boss-fight/renders/astra/v2_final_on_char/front_pose_f27.png'
ASTRA FINAL FRAME front_pose_f27.png
00:03.692  render           | Saved: '/Users/aaron_7nh0yzm/godwyn-boss-fight/renders/astra/v2_final_on_char/front_pose_f36.png'
ASTRA FINAL FRAME front_pose_f36.png
00:04.437  render           | Saved: '/Users/aaron_7nh0yzm/godwyn-boss-fight/renders/astra/v2_final_on_char/front_pose_f40.png'
ASTRA FINAL FRAME front_pose_f40.png
00:05.258  render           | Saved: '/Users/aaron_7nh0yzm/godwyn-boss-fight/renders/astra/v2_final_on_char/front_pose_f46.png'
ASTRA FINAL FRAME front_pose_f46.png
00:06.075  render           | Saved: '/Users/aaron_7nh0yzm/godwyn-boss-fight/renders/astra/v2_final_on_char/front_pose_f53.png'
ASTRA FINAL FRAME front_pose_f53.png
00:06.976  render           | Saved: '/Users/aaron_7nh0yzm/godwyn-boss-fight/renders/astra/v2_final_on_char/front_pose_f57.png'
ASTRA FINAL FRAME front_pose_f57.png
00:07.691  render           | Saved: '/Users/aaron_7nh0yzm/godwyn-boss-fight/renders/astra/v2_final_on_char/front_pose_f64.png'
ASTRA FINAL FRAME front_pose_f64.png
00:08.334  render           | Saved: '/Users/aaron_7nh0yzm/godwyn-boss-fight/renders/astra/v2_final_on_char/front_pose_f90.png'
ASTRA FINAL FRAME front_pose_f90.png
00:08.807  render           | Saved: '/Users/aaron_7nh0yzm/godwyn-boss-fight/renders/astra/v2_final_on_char/contact_front/001.png'
ASTRA FINAL FRAME contact_front/001.png
00:09.229  render           | Saved: '/Users/aaron_7nh0yzm/godwyn-boss-fight/renders/astra/v2_final_on_char/contact_front/013.png'
ASTRA FINAL FRAME contact_front/013.png
00:09.672  render           | Saved: '/Users/aaron_7nh0yzm/godwyn-boss-fight/renders/astra/v2_final_on_char/contact_front/025.png'
ASTRA FINAL FRAME contact_front/025.png
00:10.097  render           | Saved: '/Users/aaron_7nh0yzm/godwyn-boss-fight/renders/astra/v2_final_on_char/contact_front/031.png'
ASTRA FINAL FRAME contact_front/031.png
00:10.534  render           | Saved: '/Users/aaron_7nh0yzm/godwyn-boss-fight/renders/astra/v2_final_on_char/contact_front/033.png'
ASTRA FINAL FRAME contact_front/033.png
00:10.986  render           | Saved: '/Users/aaron_7nh0yzm/godwyn-boss-fight/renders/astra/v2_final_on_char/contact_front/035.png'
ASTRA FINAL FRAME contact_front/035.png
00:11.398  render           | Saved: '/Users/aaron_7nh0yzm/godwyn-boss-fight/renders/astra/v2_final_on_char/contact_front/036.png'
ASTRA FINAL FRAME contact_front/036.png
00:11.810  render           | Saved: '/Users/aaron_7nh0yzm/godwyn-boss-fight/renders/astra/v2_final_on_char/contact_front/037.png'
ASTRA FINAL FRAME contact_front/037.png
00:12.344  render           | Saved: '/Users/aaron_7nh0yzm/godwyn-boss-fight/renders/astra/v2_final_on_char/contact_front/039.png'
ASTRA FINAL FRAME contact_front/039.png
00:12.894  render           | Saved: '/Users/aaron_7nh0yzm/godwyn-boss-fight/renders/astra/v2_final_on_char/contact_front/040.png'
ASTRA FINAL FRAME contact_front/040.png
00:13.549  render           | Saved: '/Users/aaron_7nh0yzm/godwyn-boss-fight/renders/astra/v2_final_on_char/contact_front/041.png'
ASTRA FINAL FRAME contact_front/041.png
00:14.231  render           | Saved: '/Users/aaron_7nh0yzm/godwyn-boss-fight/renders/astra/v2_final_on_char/contact_front/043.png'
ASTRA FINAL FRAME contact_front/043.png
00:14.737  render           | Saved: '/Users/aaron_7nh0yzm/godwyn-boss-fight/renders/astra/v2_final_on_char/contact_front/045.png'
ASTRA FINAL FRAME contact_front/045.png
00:15.200  render           | Saved: '/Users/aaron_7nh0yzm/godwyn-boss-fight/renders/astra/v2_final_on_char/contact_front/046.png'
ASTRA FINAL FRAME contact_front/046.png
00:15.659  render           | Saved: '/Users/aaron_7nh0yzm/godwyn-boss-fight/renders/astra/v2_final_on_char/contact_front/048.png'
ASTRA FINAL FRAME contact_front/048.png
00:16.122  render           | Saved: '/Users/aaron_7nh0yzm/godwyn-boss-fight/renders/astra/v2_final_on_char/contact_front/050.png'
ASTRA FINAL FRAME contact_front/050.png
00:16.561  render           | Saved: '/Users/aaron_7nh0yzm/godwyn-boss-fight/renders/astra/v2_final_on_char/contact_front/052.png'
ASTRA FINAL FRAME contact_front/052.png
00:17.046  render           | Saved: '/Users/aaron_7nh0yzm/godwyn-boss-fight/renders/astra/v2_final_on_char/contact_front/054.png'
ASTRA FINAL FRAME contact_front/054.png
00:17.624  render           | Saved: '/Users/aaron_7nh0yzm/godwyn-boss-fight/renders/astra/v2_final_on_char/contact_front/056.png'
ASTRA FINAL FRAME contact_front/056.png
00:18.220  render           | Saved: '/Users/aaron_7nh0yzm/godwyn-boss-fight/renders/astra/v2_final_on_char/contact_front/057.png'
ASTRA FINAL FRAME contact_front/057.png
00:18.820  render           | Saved: '/Users/aaron_7nh0yzm/godwyn-boss-fight/renders/astra/v2_final_on_char/contact_front/058.png'
ASTRA FINAL FRAME contact_front/058.png
00:19.397  render           | Saved: '/Users/aaron_7nh0yzm/godwyn-boss-fight/renders/astra/v2_final_on_char/contact_front/060.png'
ASTRA FINAL FRAME contact_front/060.png
00:19.897  render           | Saved: '/Users/aaron_7nh0yzm/godwyn-boss-fight/renders/astra/v2_final_on_char/contact_front/064.png'
ASTRA FINAL FRAME contact_front/064.png
00:20.412  render           | Saved: '/Users/aaron_7nh0yzm/godwyn-boss-fight/renders/astra/v2_final_on_char/contact_front/070.png'
ASTRA FINAL FRAME contact_front/070.png
00:20.893  render           | Saved: '/Users/aaron_7nh0yzm/godwyn-boss-fight/renders/astra/v2_final_on_char/contact_front/080.png'
ASTRA FINAL FRAME contact_front/080.png
00:21.360  render           | Saved: '/Users/aaron_7nh0yzm/godwyn-boss-fight/renders/astra/v2_final_on_char/contact_front/090.png'
ASTRA FINAL FRAME contact_front/090.png
00:22.035  render           | Saved: '/Users/aaron_7nh0yzm/godwyn-boss-fight/renders/astra/v2_final_on_char/three_quarter_pose_f27.png'
ASTRA FINAL FRAME three_quarter_pose_f27.png
00:22.733  render           | Saved: '/Users/aaron_7nh0yzm/godwyn-boss-fight/renders/astra/v2_final_on_char/three_quarter_pose_f36.png'
ASTRA FINAL FRAME three_quarter_pose_f36.png
00:23.519  render           | Saved: '/Users/aaron_7nh0yzm/godwyn-boss-fight/renders/astra/v2_final_on_char/three_quarter_pose_f40.png'
ASTRA FINAL FRAME three_quarter_pose_f40.png
00:24.162  render           | Saved: '/Users/aaron_7nh0yzm/godwyn-boss-fight/renders/astra/v2_final_on_char/three_quarter_pose_f46.png'
ASTRA FINAL FRAME three_quarter_pose_f46.png
00:24.759  render           | Saved: '/Users/aaron_7nh0yzm/godwyn-boss-fight/renders/astra/v2_final_on_char/three_quarter_pose_f53.png'
ASTRA FINAL FRAME three_quarter_pose_f53.png
00:25.564  render           | Saved: '/Users/aaron_7nh0yzm/godwyn-boss-fight/renders/astra/v2_final_on_char/three_quarter_pose_f57.png'
ASTRA FINAL FRAME three_quarter_pose_f57.png
00:26.300  render           | Saved: '/Users/aaron_7nh0yzm/godwyn-boss-fight/renders/astra/v2_final_on_char/three_quarter_pose_f64.png'
ASTRA FINAL FRAME three_quarter_pose_f64.png
00:27.154  render           | Saved: '/Users/aaron_7nh0yzm/godwyn-boss-fight/renders/astra/v2_final_on_char/three_quarter_pose_f90.png'
ASTRA FINAL FRAME three_quarter_pose_f90.png
00:27.690  render           | Saved: '/Users/aaron_7nh0yzm/godwyn-boss-fight/renders/astra/v2_final_on_char/contact_three_quarter/001.png'
ASTRA FINAL FRAME contact_three_quarter/001.png
00:28.265  render           | Saved: '/Users/aaron_7nh0yzm/godwyn-boss-fight/renders/astra/v2_final_on_char/contact_three_quarter/013.png'
ASTRA FINAL FRAME contact_three_quarter/013.png
00:28.774  render           | Saved: '/Users/aaron_7nh0yzm/godwyn-boss-fight/renders/astra/v2_final_on_char/contact_three_quarter/025.png'
ASTRA FINAL FRAME contact_three_quarter/025.png
00:29.296  render           | Saved: '/Users/aaron_7nh0yzm/godwyn-boss-fight/renders/astra/v2_final_on_char/contact_three_quarter/031.png'
ASTRA FINAL FRAME contact_three_quarter/031.png
00:29.806  render           | Saved: '/Users/aaron_7nh0yzm/godwyn-boss-fight/renders/astra/v2_final_on_char/contact_three_quarter/033.png'
ASTRA FINAL FRAME contact_three_quarter/033.png
00:30.365  render           | Saved: '/Users/aaron_7nh0yzm/godwyn-boss-fight/renders/astra/v2_final_on_char/contact_three_quarter/035.png'
ASTRA FINAL FRAME contact_three_quarter/035.png
00:30.853  render           | Saved: '/Users/aaron_7nh0yzm/godwyn-boss-fight/renders/astra/v2_final_on_char/contact_three_quarter/036.png'
ASTRA FINAL FRAME contact_three_quarter/036.png
00:31.374  render           | Saved: '/Users/aaron_7nh0yzm/godwyn-boss-fight/renders/astra/v2_final_on_char/contact_three_quarter/037.png'
ASTRA FINAL FRAME contact_three_quarter/037.png
00:32.070  render           | Saved: '/Users/aaron_7nh0yzm/godwyn-boss-fight/renders/astra/v2_final_on_char/contact_three_quarter/039.png'
ASTRA FINAL FRAME contact_three_quarter/039.png
00:32.757  render           | Saved: '/Users/aaron_7nh0yzm/godwyn-boss-fight/renders/astra/v2_final_on_char/contact_three_quarter/040.png'
ASTRA FINAL FRAME contact_three_quarter/040.png
00:33.509  render           | Saved: '/Users/aaron_7nh0yzm/godwyn-boss-fight/renders/astra/v2_final_on_char/contact_three_quarter/041.png'
ASTRA FINAL FRAME contact_three_quarter/041.png
00:34.228  render           | Saved: '/Users/aaron_7nh0yzm/godwyn-boss-fight/renders/astra/v2_final_on_char/contact_three_quarter/043.png'
ASTRA FINAL FRAME contact_three_quarter/043.png
00:34.785  render           | Saved: '/Users/aaron_7nh0yzm/godwyn-boss-fight/renders/astra/v2_final_on_char/contact_three_quarter/045.png'
ASTRA FINAL FRAME contact_three_quarter/045.png
00:35.387  render           | Saved: '/Users/aaron_7nh0yzm/godwyn-boss-fight/renders/astra/v2_final_on_char/contact_three_quarter/046.png'
ASTRA FINAL FRAME contact_three_quarter/046.png
00:36.159  render           | Saved: '/Users/aaron_7nh0yzm/godwyn-boss-fight/renders/astra/v2_final_on_char/contact_three_quarter/048.png'
ASTRA FINAL FRAME contact_three_quarter/048.png
00:36.761  render           | Saved: '/Users/aaron_7nh0yzm/godwyn-boss-fight/renders/astra/v2_final_on_char/contact_three_quarter/050.png'
ASTRA FINAL FRAME contact_three_quarter/050.png
00:37.306  render           | Saved: '/Users/aaron_7nh0yzm/godwyn-boss-fight/renders/astra/v2_final_on_char/contact_three_quarter/052.png'
ASTRA FINAL FRAME contact_three_quarter/052.png
00:37.838  render           | Saved: '/Users/aaron_7nh0yzm/godwyn-boss-fight/renders/astra/v2_final_on_char/contact_three_quarter/054.png'
ASTRA FINAL FRAME contact_three_quarter/054.png
00:38.502  render           | Saved: '/Users/aaron_7nh0yzm/godwyn-boss-fight/renders/astra/v2_final_on_char/contact_three_quarter/056.png'
ASTRA FINAL FRAME contact_three_quarter/056.png
00:39.209  render           | Saved: '/Users/aaron_7nh0yzm/godwyn-boss-fight/renders/astra/v2_final_on_char/contact_three_quarter/057.png'
ASTRA FINAL FRAME contact_three_quarter/057.png
00:39.881  render           | Saved: '/Users/aaron_7nh0yzm/godwyn-boss-fight/renders/astra/v2_final_on_char/contact_three_quarter/058.png'
ASTRA FINAL FRAME contact_three_quarter/058.png
00:40.653  render           | Saved: '/Users/aaron_7nh0yzm/godwyn-boss-fight/renders/astra/v2_final_on_char/contact_three_quarter/060.png'
ASTRA FINAL FRAME contact_three_quarter/060.png
00:41.305  render           | Saved: '/Users/aaron_7nh0yzm/godwyn-boss-fight/renders/astra/v2_final_on_char/contact_three_quarter/064.png'
ASTRA FINAL FRAME contact_three_quarter/064.png
00:41.867  render           | Saved: '/Users/aaron_7nh0yzm/godwyn-boss-fight/renders/astra/v2_final_on_char/contact_three_quarter/070.png'
ASTRA FINAL FRAME contact_three_quarter/070.png
00:42.526  render           | Saved: '/Users/aaron_7nh0yzm/godwyn-boss-fight/renders/astra/v2_final_on_char/contact_three_quarter/080.png'
ASTRA FINAL FRAME contact_three_quarter/080.png
00:43.186  render           | Saved: '/Users/aaron_7nh0yzm/godwyn-boss-fight/renders/astra/v2_final_on_char/contact_three_quarter/090.png'
ASTRA FINAL FRAME contact_three_quarter/090.png
00:44.357  render           | Saved: '/Users/aaron_7nh0yzm/godwyn-boss-fight/renders/astra/v2_final_on_char/video_frames/001.png'
ASTRA FINAL FRAME video_frames/001.png
00:45.521  render           | Saved: '/Users/aaron_7nh0yzm/godwyn-boss-fight/renders/astra/v2_final_on_char/video_frames/002.png'
ASTRA FINAL FRAME video_frames/002.png
00:46.609  render           | Saved: '/Users/aaron_7nh0yzm/godwyn-boss-fight/renders/astra/v2_final_on_char/video_frames/003.png'
ASTRA FINAL FRAME video_frames/003.png
00:47.555  render           | Saved: '/Users/aaron_7nh0yzm/godwyn-boss-fight/renders/astra/v2_final_on_char/video_frames/004.png'
ASTRA FINAL FRAME video_frames/004.png
00:48.460  render           | Saved: '/Users/aaron_7nh0yzm/godwyn-boss-fight/renders/astra/v2_final_on_char/video_frames/005.png'
ASTRA FINAL FRAME video_frames/005.png
00:49.350  render           | Saved: '/Users/aaron_7nh0yzm/godwyn-boss-fight/renders/astra/v2_final_on_char/video_frames/006.png'
ASTRA FINAL FRAME video_frames/006.png
00:50.272  render           | Saved: '/Users/aaron_7nh0yzm/godwyn-boss-fight/renders/astra/v2_final_on_char/video_frames/007.png'
ASTRA FINAL FRAME video_frames/007.png
00:51.210  render           | Saved: '/Users/aaron_7nh0yzm/godwyn-boss-fight/renders/astra/v2_final_on_char/video_frames/008.png'
ASTRA FINAL FRAME video_frames/008.png
00:52.216  render           | Saved: '/Users/aaron_7nh0yzm/godwyn-boss-fight/renders/astra/v2_final_on_char/video_frames/009.png'
ASTRA FINAL FRAME video_frames/009.png
00:53.302  render           | Saved: '/Users/aaron_7nh0yzm/godwyn-boss-fight/renders/astra/v2_final_on_char/video_frames/010.png'
ASTRA FINAL FRAME video_frames/010.png
00:54.873  render           | Saved: '/Users/aaron_7nh0yzm/godwyn-boss-fight/renders/astra/v2_final_on_char/video_frames/011.png'
ASTRA FINAL FRAME video_frames/011.png
00:56.637  render           | Saved: '/Users/aaron_7nh0yzm/godwyn-boss-fight/renders/astra/v2_final_on_char/video_frames/012.png'
ASTRA FINAL FRAME video_frames/012.png
00:57.853  render           | Saved: '/Users/aaron_7nh0yzm/godwyn-boss-fight/renders/astra/v2_final_on_char/video_frames/013.png'
ASTRA FINAL FRAME video_frames/013.png
00:59.231  render           | Saved: '/Users/aaron_7nh0yzm/godwyn-boss-fight/renders/astra/v2_final_on_char/video_frames/014.png'
ASTRA FINAL FRAME video_frames/014.png
01:00.647  render           | Saved: '/Users/aaron_7nh0yzm/godwyn-boss-fight/renders/astra/v2_final_on_char/video_frames/015.png'
ASTRA FINAL FRAME video_frames/015.png
01:01.948  render           | Saved: '/Users/aaron_7nh0yzm/godwyn-boss-fight/renders/astra/v2_final_on_char/video_frames/016.png'
ASTRA FINAL FRAME video_frames/016.png
01:03.259  render           | Saved: '/Users/aaron_7nh0yzm/godwyn-boss-fight/renders/astra/v2_final_on_char/video_frames/017.png'
ASTRA FINAL FRAME video_frames/017.png
01:04.967  render           | Saved: '/Users/aaron_7nh0yzm/godwyn-boss-fight/renders/astra/v2_final_on_char/video_frames/018.png'
ASTRA FINAL FRAME video_frames/018.png
01:06.667  render           | Saved: '/Users/aaron_7nh0yzm/godwyn-boss-fight/renders/astra/v2_final_on_char/video_frames/019.png'
ASTRA FINAL FRAME video_frames/019.png
01:08.840  render           | Saved: '/Users/aaron_7nh0yzm/godwyn-boss-fight/renders/astra/v2_final_on_char/video_frames/020.png'
ASTRA FINAL FRAME video_frames/020.png
01:11.778  render           | Saved: '/Users/aaron_7nh0yzm/godwyn-boss-fight/renders/astra/v2_final_on_char/video_frames/021.png'
ASTRA FINAL FRAME video_frames/021.png
01:14.543  render           | Saved: '/Users/aaron_7nh0yzm/godwyn-boss-fight/renders/astra/v2_final_on_char/video_frames/022.png'
ASTRA FINAL FRAME video_frames/022.png
01:16.548  render           | Saved: '/Users/aaron_7nh0yzm/godwyn-boss-fight/renders/astra/v2_final_on_char/video_frames/023.png'
ASTRA FINAL FRAME video_frames/023.png
01:19.647  render           | Saved: '/Users/aaron_7nh0yzm/godwyn-boss-fight/renders/astra/v2_final_on_char/video_frames/024.png'
ASTRA FINAL FRAME video_frames/024.png
01:21.503  render           | Saved: '/Users/aaron_7nh0yzm/godwyn-boss-fight/renders/astra/v2_final_on_char/video_frames/025.png'
ASTRA FINAL FRAME video_frames/025.png
01:23.384  render           | Saved: '/Users/aaron_7nh0yzm/godwyn-boss-fight/renders/astra/v2_final_on_char/video_frames/026.png'
ASTRA FINAL FRAME video_frames/026.png
01:25.293  render           | Saved: '/Users/aaron_7nh0yzm/godwyn-boss-fight/renders/astra/v2_final_on_char/video_frames/027.png'
ASTRA FINAL FRAME video_frames/027.png
01:27.263  render           | Saved: '/Users/aaron_7nh0yzm/godwyn-boss-fight/renders/astra/v2_final_on_char/video_frames/028.png'
ASTRA FINAL FRAME video_frames/028.png
01:28.954  render           | Saved: '/Users/aaron_7nh0yzm/godwyn-boss-fight/renders/astra/v2_final_on_char/video_frames/029.png'
ASTRA FINAL FRAME video_frames/029.png
01:30.474  render           | Saved: '/Users/aaron_7nh0yzm/godwyn-boss-fight/renders/astra/v2_final_on_char/video_frames/030.png'
ASTRA FINAL FRAME video_frames/030.png
01:32.041  render           | Saved: '/Users/aaron_7nh0yzm/godwyn-boss-fight/renders/astra/v2_final_on_char/video_frames/031.png'
ASTRA FINAL FRAME video_frames/031.png
01:33.418  render           | Saved: '/Users/aaron_7nh0yzm/godwyn-boss-fight/renders/astra/v2_final_on_char/video_frames/032.png'
ASTRA FINAL FRAME video_frames/032.png
01:35.104  render           | Saved: '/Users/aaron_7nh0yzm/godwyn-boss-fight/renders/astra/v2_final_on_char/video_frames/033.png'
ASTRA FINAL FRAME video_frames/033.png
01:36.608  render           | Saved: '/Users/aaron_7nh0yzm/godwyn-boss-fight/renders/astra/v2_final_on_char/video_frames/034.png'
ASTRA FINAL FRAME video_frames/034.png
01:37.962  render           | Saved: '/Users/aaron_7nh0yzm/godwyn-boss-fight/renders/astra/v2_final_on_char/video_frames/035.png'
ASTRA FINAL FRAME video_frames/035.png
01:39.206  render           | Saved: '/Users/aaron_7nh0yzm/godwyn-boss-fight/renders/astra/v2_final_on_char/video_frames/036.png'
ASTRA FINAL FRAME video_frames/036.png
01:40.346  render           | Saved: '/Users/aaron_7nh0yzm/godwyn-boss-fight/renders/astra/v2_final_on_char/video_frames/037.png'
ASTRA FINAL FRAME video_frames/037.png
01:41.994  render           | Saved: '/Users/aaron_7nh0yzm/godwyn-boss-fight/renders/astra/v2_final_on_char/video_frames/038.png'
ASTRA FINAL FRAME video_frames/038.png
01:43.618  render           | Saved: '/Users/aaron_7nh0yzm/godwyn-boss-fight/renders/astra/v2_final_on_char/video_frames/039.png'
ASTRA FINAL FRAME video_frames/039.png
01:45.645  render           | Saved: '/Users/aaron_7nh0yzm/godwyn-boss-fight/renders/astra/v2_final_on_char/video_frames/040.png'
ASTRA FINAL FRAME video_frames/040.png
01:47.228  render           | Saved: '/Users/aaron_7nh0yzm/godwyn-boss-fight/renders/astra/v2_final_on_char/video_frames/041.png'
ASTRA FINAL FRAME video_frames/041.png
01:48.774  render           | Saved: '/Users/aaron_7nh0yzm/godwyn-boss-fight/renders/astra/v2_final_on_char/video_frames/042.png'
ASTRA FINAL FRAME video_frames/042.png
01:50.320  render           | Saved: '/Users/aaron_7nh0yzm/godwyn-boss-fight/renders/astra/v2_final_on_char/video_frames/043.png'
ASTRA FINAL FRAME video_frames/043.png
01:52.054  render           | Saved: '/Users/aaron_7nh0yzm/godwyn-boss-fight/renders/astra/v2_final_on_char/video_frames/044.png'
ASTRA FINAL FRAME video_frames/044.png
01:53.535  render           | Saved: '/Users/aaron_7nh0yzm/godwyn-boss-fight/renders/astra/v2_final_on_char/video_frames/045.png'
ASTRA FINAL FRAME video_frames/045.png
01:56.899  render           | Saved: '/Users/aaron_7nh0yzm/godwyn-boss-fight/renders/astra/v2_final_on_char/video_frames/046.png'
ASTRA FINAL FRAME video_frames/046.png
01:59.097  render           | Saved: '/Users/aaron_7nh0yzm/godwyn-boss-fight/renders/astra/v2_final_on_char/video_frames/047.png'
ASTRA FINAL FRAME video_frames/047.png
02:00.789  render           | Saved: '/Users/aaron_7nh0yzm/godwyn-boss-fight/renders/astra/v2_final_on_char/video_frames/048.png'
ASTRA FINAL FRAME video_frames/048.png
02:02.691  render           | Saved: '/Users/aaron_7nh0yzm/godwyn-boss-fight/renders/astra/v2_final_on_char/video_frames/049.png'
ASTRA FINAL FRAME video_frames/049.png
02:07.046  render           | Saved: '/Users/aaron_7nh0yzm/godwyn-boss-fight/renders/astra/v2_final_on_char/video_frames/050.png'
ASTRA FINAL FRAME video_frames/050.png
02:09.353  render           | Saved: '/Users/aaron_7nh0yzm/godwyn-boss-fight/renders/astra/v2_final_on_char/video_frames/051.png'
ASTRA FINAL FRAME video_frames/051.png
02:15.831  render           | Saved: '/Users/aaron_7nh0yzm/godwyn-boss-fight/renders/astra/v2_final_on_char/video_frames/052.png'
ASTRA FINAL FRAME video_frames/052.png
02:23.378  render           | Saved: '/Users/aaron_7nh0yzm/godwyn-boss-fight/renders/astra/v2_final_on_char/video_frames/053.png'
ASTRA FINAL FRAME video_frames/053.png
02:25.429  render           | Saved: '/Users/aaron_7nh0yzm/godwyn-boss-fight/renders/astra/v2_final_on_char/video_frames/054.png'
ASTRA FINAL FRAME video_frames/054.png
02:27.671  render           | Saved: '/Users/aaron_7nh0yzm/godwyn-boss-fight/renders/astra/v2_final_on_char/video_frames/055.png'
ASTRA FINAL FRAME video_frames/055.png
02:30.665  render           | Saved: '/Users/aaron_7nh0yzm/godwyn-boss-fight/renders/astra/v2_final_on_char/video_frames/056.png'
ASTRA FINAL FRAME video_frames/056.png
02:33.435  render           | Saved: '/Users/aaron_7nh0yzm/godwyn-boss-fight/renders/astra/v2_final_on_char/video_frames/057.png'
ASTRA FINAL FRAME video_frames/057.png
02:37.045  render           | Saved: '/Users/aaron_7nh0yzm/godwyn-boss-fight/renders/astra/v2_final_on_char/video_frames/058.png'
ASTRA FINAL FRAME video_frames/058.png
02:39.571  render           | Saved: '/Users/aaron_7nh0yzm/godwyn-boss-fight/renders/astra/v2_final_on_char/video_frames/059.png'
ASTRA FINAL FRAME video_frames/059.png
02:41.092  render           | Saved: '/Users/aaron_7nh0yzm/godwyn-boss-fight/renders/astra/v2_final_on_char/video_frames/060.png'
ASTRA FINAL FRAME video_frames/060.png
02:42.889  render           | Saved: '/Users/aaron_7nh0yzm/godwyn-boss-fight/renders/astra/v2_final_on_char/video_frames/061.png'
ASTRA FINAL FRAME video_frames/061.png
02:45.663  render           | Saved: '/Users/aaron_7nh0yzm/godwyn-boss-fight/renders/astra/v2_final_on_char/video_frames/062.png'
ASTRA FINAL FRAME video_frames/062.png
02:48.029  render           | Saved: '/Users/aaron_7nh0yzm/godwyn-boss-fight/renders/astra/v2_final_on_char/video_frames/063.png'
ASTRA FINAL FRAME video_frames/063.png
02:51.087  render           | Saved: '/Users/aaron_7nh0yzm/godwyn-boss-fight/renders/astra/v2_final_on_char/video_frames/064.png'
ASTRA FINAL FRAME video_frames/064.png
02:52.217  render           | Saved: '/Users/aaron_7nh0yzm/godwyn-boss-fight/renders/astra/v2_final_on_char/video_frames/065.png'
ASTRA FINAL FRAME video_frames/065.png
02:53.311  render           | Saved: '/Users/aaron_7nh0yzm/godwyn-boss-fight/renders/astra/v2_final_on_char/video_frames/066.png'
ASTRA FINAL FRAME video_frames/066.png
02:54.374  render           | Saved: '/Users/aaron_7nh0yzm/godwyn-boss-fight/renders/astra/v2_final_on_char/video_frames/067.png'
ASTRA FINAL FRAME video_frames/067.png
02:55.499  render           | Saved: '/Users/aaron_7nh0yzm/godwyn-boss-fight/renders/astra/v2_final_on_char/video_frames/068.png'
ASTRA FINAL FRAME video_frames/068.png
02:56.536  render           | Saved: '/Users/aaron_7nh0yzm/godwyn-boss-fight/renders/astra/v2_final_on_char/video_frames/069.png'
ASTRA FINAL FRAME video_frames/069.png
02:57.685  render           | Saved: '/Users/aaron_7nh0yzm/godwyn-boss-fight/renders/astra/v2_final_on_char/video_frames/070.png'
ASTRA FINAL FRAME video_frames/070.png
02:59.263  render           | Saved: '/Users/aaron_7nh0yzm/godwyn-boss-fight/renders/astra/v2_final_on_char/video_frames/071.png'
ASTRA FINAL FRAME video_frames/071.png
03:01.262  render           | Saved: '/Users/aaron_7nh0yzm/godwyn-boss-fight/renders/astra/v2_final_on_char/video_frames/072.png'
ASTRA FINAL FRAME video_frames/072.png
03:02.581  render           | Saved: '/Users/aaron_7nh0yzm/godwyn-boss-fight/renders/astra/v2_final_on_char/video_frames/073.png'
ASTRA FINAL FRAME video_frames/073.png
03:04.075  render           | Saved: '/Users/aaron_7nh0yzm/godwyn-boss-fight/renders/astra/v2_final_on_char/video_frames/074.png'
ASTRA FINAL FRAME video_frames/074.png
03:05.323  render           | Saved: '/Users/aaron_7nh0yzm/godwyn-boss-fight/renders/astra/v2_final_on_char/video_frames/075.png'
ASTRA FINAL FRAME video_frames/075.png
03:06.569  render           | Saved: '/Users/aaron_7nh0yzm/godwyn-boss-fight/renders/astra/v2_final_on_char/video_frames/076.png'
ASTRA FINAL FRAME video_frames/076.png
03:07.832  render           | Saved: '/Users/aaron_7nh0yzm/godwyn-boss-fight/renders/astra/v2_final_on_char/video_frames/077.png'
ASTRA FINAL FRAME video_frames/077.png
03:08.855  render           | Saved: '/Users/aaron_7nh0yzm/godwyn-boss-fight/renders/astra/v2_final_on_char/video_frames/078.png'
ASTRA FINAL FRAME video_frames/078.png
03:09.870  render           | Saved: '/Users/aaron_7nh0yzm/godwyn-boss-fight/renders/astra/v2_final_on_char/video_frames/079.png'
ASTRA FINAL FRAME video_frames/079.png
03:10.886  render           | Saved: '/Users/aaron_7nh0yzm/godwyn-boss-fight/renders/astra/v2_final_on_char/video_frames/080.png'
ASTRA FINAL FRAME video_frames/080.png
03:11.895  render           | Saved: '/Users/aaron_7nh0yzm/godwyn-boss-fight/renders/astra/v2_final_on_char/video_frames/081.png'
ASTRA FINAL FRAME video_frames/081.png
03:13.012  render           | Saved: '/Users/aaron_7nh0yzm/godwyn-boss-fight/renders/astra/v2_final_on_char/video_frames/082.png'
ASTRA FINAL FRAME video_frames/082.png
03:14.035  render           | Saved: '/Users/aaron_7nh0yzm/godwyn-boss-fight/renders/astra/v2_final_on_char/video_frames/083.png'
ASTRA FINAL FRAME video_frames/083.png
03:15.087  render           | Saved: '/Users/aaron_7nh0yzm/godwyn-boss-fight/renders/astra/v2_final_on_char/video_frames/084.png'
ASTRA FINAL FRAME video_frames/084.png
03:16.139  render           | Saved: '/Users/aaron_7nh0yzm/godwyn-boss-fight/renders/astra/v2_final_on_char/video_frames/085.png'
ASTRA FINAL FRAME video_frames/085.png
03:17.123  render           | Saved: '/Users/aaron_7nh0yzm/godwyn-boss-fight/renders/astra/v2_final_on_char/video_frames/086.png'
ASTRA FINAL FRAME video_frames/086.png
03:18.161  render           | Saved: '/Users/aaron_7nh0yzm/godwyn-boss-fight/renders/astra/v2_final_on_char/video_frames/087.png'
ASTRA FINAL FRAME video_frames/087.png
03:19.203  render           | Saved: '/Users/aaron_7nh0yzm/godwyn-boss-fight/renders/astra/v2_final_on_char/video_frames/088.png'
ASTRA FINAL FRAME video_frames/088.png
03:20.275  render           | Saved: '/Users/aaron_7nh0yzm/godwyn-boss-fight/renders/astra/v2_final_on_char/video_frames/089.png'
ASTRA FINAL FRAME video_frames/089.png
03:21.284  render           | Saved: '/Users/aaron_7nh0yzm/godwyn-boss-fight/renders/astra/v2_final_on_char/video_frames/090.png'
ASTRA FINAL FRAME video_frames/090.png
ASTRA FINAL RENDER COMPLETE /Users/aaron_7nh0yzm/godwyn-boss-fight/renders/astra/v2_final_on_char
Blender 5.2.1 LTS (hash 9e2066aef7ef built 2026-08-25 01:35:57)

Blender quit
