00:00.748  blend            | Read blend: "/Users/aaron_7nh0yzm/godwyn-boss-fight/models/astra_xslash_v2_final_wip.blend"
00:03.579  render           | Saved: '/Users/aaron_7nh0yzm/godwyn-boss-fight/renders/astra/v2_final_on_char/video_frames/001.png'
[INFO ] services.locationservice ...............: Not adding link to MakeHuman user data, since neither explicit path nor auto-discovery is set in preferences.
[INFO ] mpfb.init ..............................: Build info FROM_SOURCE
[INFO ] mpfb.init ..............................: Online access preference is not enabled. Not checking if MakeHuman is online.
[INFO ] mpfb.init ..............................: MPFB initialization has finished.
NATURALNESS FRAME after 1
00:04.644  render           | Saved: '/Users/aaron_7nh0yzm/godwyn-boss-fight/renders/astra/v2_final_on_char/video_frames/002.png'
NATURALNESS FRAME after 2
00:05.607  render           | Saved: '/Users/aaron_7nh0yzm/godwyn-boss-fight/renders/astra/v2_final_on_char/video_frames/003.png'
NATURALNESS FRAME after 3
00:06.583  render           | Saved: '/Users/aaron_7nh0yzm/godwyn-boss-fight/renders/astra/v2_final_on_char/video_frames/004.png'
NATURALNESS FRAME after 4
00:07.656  render           | Saved: '/Users/aaron_7nh0yzm/godwyn-boss-fight/renders/astra/v2_final_on_char/video_frames/005.png'
NATURALNESS FRAME after 5
00:08.820  render           | Saved: '/Users/aaron_7nh0yzm/godwyn-boss-fight/renders/astra/v2_final_on_char/video_frames/006.png'
NATURALNESS FRAME after 6
00:09.962  render           | Saved: '/Users/aaron_7nh0yzm/godwyn-boss-fight/renders/astra/v2_final_on_char/video_frames/007.png'
NATURALNESS FRAME after 7
00:11.159  render           | Saved: '/Users/aaron_7nh0yzm/godwyn-boss-fight/renders/astra/v2_final_on_char/video_frames/008.png'
NATURALNESS FRAME after 8
00:12.474  render           | Saved: '/Users/aaron_7nh0yzm/godwyn-boss-fight/renders/astra/v2_final_on_char/video_frames/009.png'
NATURALNESS FRAME after 9
00:13.739  render           | Saved: '/Users/aaron_7nh0yzm/godwyn-boss-fight/renders/astra/v2_final_on_char/video_frames/010.png'
NATURALNESS FRAME after 10
00:14.975  render           | Saved: '/Users/aaron_7nh0yzm/godwyn-boss-fight/renders/astra/v2_final_on_char/video_frames/011.png'
NATURALNESS FRAME after 11
00:16.008  render           | Saved: '/Users/aaron_7nh0yzm/godwyn-boss-fight/renders/astra/v2_final_on_char/video_frames/012.png'
NATURALNESS FRAME after 12
00:16.967  render           | Saved: '/Users/aaron_7nh0yzm/godwyn-boss-fight/renders/astra/v2_final_on_char/video_frames/013.png'
NATURALNESS FRAME after 13
00:17.974  render           | Saved: '/Users/aaron_7nh0yzm/godwyn-boss-fight/renders/astra/v2_final_on_char/video_frames/014.png'
NATURALNESS FRAME after 14
00:18.981  render           | Saved: '/Users/aaron_7nh0yzm/godwyn-boss-fight/renders/astra/v2_final_on_char/video_frames/015.png'
NATURALNESS FRAME after 15
00:19.967  render           | Saved: '/Users/aaron_7nh0yzm/godwyn-boss-fight/renders/astra/v2_final_on_char/video_frames/016.png'
NATURALNESS FRAME after 16
00:20.947  render           | Saved: '/Users/aaron_7nh0yzm/godwyn-boss-fight/renders/astra/v2_final_on_char/video_frames/017.png'
NATURALNESS FRAME after 17
00:21.927  render           | Saved: '/Users/aaron_7nh0yzm/godwyn-boss-fight/renders/astra/v2_final_on_char/video_frames/018.png'
NATURALNESS FRAME after 18
00:22.907  render           | Saved: '/Users/aaron_7nh0yzm/godwyn-boss-fight/renders/astra/v2_final_on_char/video_frames/019.png'
NATURALNESS FRAME after 19
00:23.885  render           | Saved: '/Users/aaron_7nh0yzm/godwyn-boss-fight/renders/astra/v2_final_on_char/video_frames/020.png'
NATURALNESS FRAME after 20
00:24.905  render           | Saved: '/Users/aaron_7nh0yzm/godwyn-boss-fight/renders/astra/v2_final_on_char/video_frames/021.png'
NATURALNESS FRAME after 21
00:25.886  render           | Saved: '/Users/aaron_7nh0yzm/godwyn-boss-fight/renders/astra/v2_final_on_char/video_frames/022.png'
NATURALNESS FRAME after 22
00:26.856  render           | Saved: '/Users/aaron_7nh0yzm/godwyn-boss-fight/renders/astra/v2_final_on_char/video_frames/023.png'
NATURALNESS FRAME after 23
00:27.970  render           | Saved: '/Users/aaron_7nh0yzm/godwyn-boss-fight/renders/astra/v2_final_on_char/video_frames/024.png'
NATURALNESS FRAME after 24
00:29.139  render           | Saved: '/Users/aaron_7nh0yzm/godwyn-boss-fight/renders/astra/v2_final_on_char/video_frames/025.png'
NATURALNESS FRAME after 25
00:30.305  render           | Saved: '/Users/aaron_7nh0yzm/godwyn-boss-fight/renders/astra/v2_final_on_char/video_frames/026.png'
NATURALNESS FRAME after 26
00:31.551  render           | Saved: '/Users/aaron_7nh0yzm/godwyn-boss-fight/renders/astra/v2_final_on_char/video_frames/027.png'
NATURALNESS FRAME after 27
00:32.739  render           | Saved: '/Users/aaron_7nh0yzm/godwyn-boss-fight/renders/astra/v2_final_on_char/video_frames/028.png'
NATURALNESS FRAME after 28
00:33.884  render           | Saved: '/Users/aaron_7nh0yzm/godwyn-boss-fight/renders/astra/v2_final_on_char/video_frames/029.png'
NATURALNESS FRAME after 29
00:34.976  render           | Saved: '/Users/aaron_7nh0yzm/godwyn-boss-fight/renders/astra/v2_final_on_char/video_frames/030.png'
NATURALNESS FRAME after 30
00:36.119  render           | Saved: '/Users/aaron_7nh0yzm/godwyn-boss-fight/renders/astra/v2_final_on_char/video_frames/031.png'
NATURALNESS FRAME after 31
00:37.188  render           | Saved: '/Users/aaron_7nh0yzm/godwyn-boss-fight/renders/astra/v2_final_on_char/video_frames/032.png'
NATURALNESS FRAME after 32
00:38.156  render           | Saved: '/Users/aaron_7nh0yzm/godwyn-boss-fight/renders/astra/v2_final_on_char/video_frames/033.png'
NATURALNESS FRAME after 33
00:39.156  render           | Saved: '/Users/aaron_7nh0yzm/godwyn-boss-fight/renders/astra/v2_final_on_char/video_frames/034.png'
NATURALNESS FRAME after 34
00:40.148  render           | Saved: '/Users/aaron_7nh0yzm/godwyn-boss-fight/renders/astra/v2_final_on_char/video_frames/035.png'
NATURALNESS FRAME after 35
00:41.143  render           | Saved: '/Users/aaron_7nh0yzm/godwyn-boss-fight/renders/astra/v2_final_on_char/video_frames/036.png'
NATURALNESS FRAME after 36
00:42.146  render           | Saved: '/Users/aaron_7nh0yzm/godwyn-boss-fight/renders/astra/v2_final_on_char/video_frames/037.png'
NATURALNESS FRAME after 37
00:43.349  render           | Saved: '/Users/aaron_7nh0yzm/godwyn-boss-fight/renders/astra/v2_final_on_char/video_frames/038.png'
NATURALNESS FRAME after 38
00:44.764  render           | Saved: '/Users/aaron_7nh0yzm/godwyn-boss-fight/renders/astra/v2_final_on_char/video_frames/039.png'
NATURALNESS FRAME after 39
00:46.181  render           | Saved: '/Users/aaron_7nh0yzm/godwyn-boss-fight/renders/astra/v2_final_on_char/video_frames/040.png'
NATURALNESS FRAME after 40
00:47.608  render           | Saved: '/Users/aaron_7nh0yzm/godwyn-boss-fight/renders/astra/v2_final_on_char/video_frames/041.png'
NATURALNESS FRAME after 41
00:49.107  render           | Saved: '/Users/aaron_7nh0yzm/godwyn-boss-fight/renders/astra/v2_final_on_char/video_frames/042.png'
NATURALNESS FRAME after 42
00:50.535  render           | Saved: '/Users/aaron_7nh0yzm/godwyn-boss-fight/renders/astra/v2_final_on_char/video_frames/043.png'
NATURALNESS FRAME after 43
00:51.962  render           | Saved: '/Users/aaron_7nh0yzm/godwyn-boss-fight/renders/astra/v2_final_on_char/video_frames/044.png'
NATURALNESS FRAME after 44
00:53.076  render           | Saved: '/Users/aaron_7nh0yzm/godwyn-boss-fight/renders/astra/v2_final_on_char/video_frames/045.png'
NATURALNESS FRAME after 45
00:54.144  render           | Saved: '/Users/aaron_7nh0yzm/godwyn-boss-fight/renders/astra/v2_final_on_char/video_frames/046.png'
NATURALNESS FRAME after 46
00:55.231  render           | Saved: '/Users/aaron_7nh0yzm/godwyn-boss-fight/renders/astra/v2_final_on_char/video_frames/047.png'
NATURALNESS FRAME after 47
00:56.307  render           | Saved: '/Users/aaron_7nh0yzm/godwyn-boss-fight/renders/astra/v2_final_on_char/video_frames/048.png'
NATURALNESS FRAME after 48
00:57.374  render           | Saved: '/Users/aaron_7nh0yzm/godwyn-boss-fight/renders/astra/v2_final_on_char/video_frames/049.png'
NATURALNESS FRAME after 49
00:58.442  render           | Saved: '/Users/aaron_7nh0yzm/godwyn-boss-fight/renders/astra/v2_final_on_char/video_frames/050.png'
NATURALNESS FRAME after 50
00:59.582  render           | Saved: '/Users/aaron_7nh0yzm/godwyn-boss-fight/renders/astra/v2_final_on_char/video_frames/051.png'
NATURALNESS FRAME after 51
01:00.739  render           | Saved: '/Users/aaron_7nh0yzm/godwyn-boss-fight/renders/astra/v2_final_on_char/video_frames/052.png'
NATURALNESS FRAME after 52
01:01.874  render           | Saved: '/Users/aaron_7nh0yzm/godwyn-boss-fight/renders/astra/v2_final_on_char/video_frames/053.png'
NATURALNESS FRAME after 53
01:03.133  render           | Saved: '/Users/aaron_7nh0yzm/godwyn-boss-fight/renders/astra/v2_final_on_char/video_frames/054.png'
NATURALNESS FRAME after 54
01:04.735  render           | Saved: '/Users/aaron_7nh0yzm/godwyn-boss-fight/renders/astra/v2_final_on_char/video_frames/055.png'
NATURALNESS FRAME after 55
01:06.427  render           | Saved: '/Users/aaron_7nh0yzm/godwyn-boss-fight/renders/astra/v2_final_on_char/video_frames/056.png'
NATURALNESS FRAME after 56
01:07.959  render           | Saved: '/Users/aaron_7nh0yzm/godwyn-boss-fight/renders/astra/v2_final_on_char/video_frames/057.png'
NATURALNESS FRAME after 57
01:09.560  render           | Saved: '/Users/aaron_7nh0yzm/godwyn-boss-fight/renders/astra/v2_final_on_char/video_frames/058.png'
NATURALNESS FRAME after 58
01:11.065  render           | Saved: '/Users/aaron_7nh0yzm/godwyn-boss-fight/renders/astra/v2_final_on_char/video_frames/059.png'
NATURALNESS FRAME after 59
01:12.730  render           | Saved: '/Users/aaron_7nh0yzm/godwyn-boss-fight/renders/astra/v2_final_on_char/video_frames/060.png'
NATURALNESS FRAME after 60
01:14.580  render           | Saved: '/Users/aaron_7nh0yzm/godwyn-boss-fight/renders/astra/v2_final_on_char/video_frames/061.png'
NATURALNESS FRAME after 61
01:15.811  render           | Saved: '/Users/aaron_7nh0yzm/godwyn-boss-fight/renders/astra/v2_final_on_char/video_frames/062.png'
NATURALNESS FRAME after 62
01:17.115  render           | Saved: '/Users/aaron_7nh0yzm/godwyn-boss-fight/renders/astra/v2_final_on_char/video_frames/063.png'
NATURALNESS FRAME after 63
01:18.211  render           | Saved: '/Users/aaron_7nh0yzm/godwyn-boss-fight/renders/astra/v2_final_on_char/video_frames/064.png'
NATURALNESS FRAME after 64
01:19.305  render           | Saved: '/Users/aaron_7nh0yzm/godwyn-boss-fight/renders/astra/v2_final_on_char/video_frames/065.png'
NATURALNESS FRAME after 65
01:20.477  render           | Saved: '/Users/aaron_7nh0yzm/godwyn-boss-fight/renders/astra/v2_final_on_char/video_frames/066.png'
NATURALNESS FRAME after 66
01:21.717  render           | Saved: '/Users/aaron_7nh0yzm/godwyn-boss-fight/renders/astra/v2_final_on_char/video_frames/067.png'
NATURALNESS FRAME after 67
01:23.317  render           | Saved: '/Users/aaron_7nh0yzm/godwyn-boss-fight/renders/astra/v2_final_on_char/video_frames/068.png'
NATURALNESS FRAME after 68
01:24.975  render           | Saved: '/Users/aaron_7nh0yzm/godwyn-boss-fight/renders/astra/v2_final_on_char/video_frames/069.png'
NATURALNESS FRAME after 69
01:26.068  render           | Saved: '/Users/aaron_7nh0yzm/godwyn-boss-fight/renders/astra/v2_final_on_char/video_frames/070.png'
NATURALNESS FRAME after 70
01:27.244  render           | Saved: '/Users/aaron_7nh0yzm/godwyn-boss-fight/renders/astra/v2_final_on_char/video_frames/071.png'
NATURALNESS FRAME after 71
01:28.687  render           | Saved: '/Users/aaron_7nh0yzm/godwyn-boss-fight/renders/astra/v2_final_on_char/video_frames/072.png'
NATURALNESS FRAME after 72
01:29.907  render           | Saved: '/Users/aaron_7nh0yzm/godwyn-boss-fight/renders/astra/v2_final_on_char/video_frames/073.png'
NATURALNESS FRAME after 73
01:31.154  render           | Saved: '/Users/aaron_7nh0yzm/godwyn-boss-fight/renders/astra/v2_final_on_char/video_frames/074.png'
NATURALNESS FRAME after 74
01:32.553  render           | Saved: '/Users/aaron_7nh0yzm/godwyn-boss-fight/renders/astra/v2_final_on_char/video_frames/075.png'
NATURALNESS FRAME after 75
01:34.299  render           | Saved: '/Users/aaron_7nh0yzm/godwyn-boss-fight/renders/astra/v2_final_on_char/video_frames/076.png'
NATURALNESS FRAME after 76
01:35.790  render           | Saved: '/Users/aaron_7nh0yzm/godwyn-boss-fight/renders/astra/v2_final_on_char/video_frames/077.png'
NATURALNESS FRAME after 77
01:38.514  render           | Saved: '/Users/aaron_7nh0yzm/godwyn-boss-fight/renders/astra/v2_final_on_char/video_frames/078.png'
NATURALNESS FRAME after 78
01:42.064  render           | Saved: '/Users/aaron_7nh0yzm/godwyn-boss-fight/renders/astra/v2_final_on_char/video_frames/079.png'
NATURALNESS FRAME after 79
01:44.685  render           | Saved: '/Users/aaron_7nh0yzm/godwyn-boss-fight/renders/astra/v2_final_on_char/video_frames/080.png'
NATURALNESS FRAME after 80
01:46.083  render           | Saved: '/Users/aaron_7nh0yzm/godwyn-boss-fight/renders/astra/v2_final_on_char/video_frames/081.png'
NATURALNESS FRAME after 81
01:47.557  render           | Saved: '/Users/aaron_7nh0yzm/godwyn-boss-fight/renders/astra/v2_final_on_char/video_frames/082.png'
NATURALNESS FRAME after 82
01:48.990  render           | Saved: '/Users/aaron_7nh0yzm/godwyn-boss-fight/renders/astra/v2_final_on_char/video_frames/083.png'
NATURALNESS FRAME after 83
01:50.583  render           | Saved: '/Users/aaron_7nh0yzm/godwyn-boss-fight/renders/astra/v2_final_on_char/video_frames/084.png'
NATURALNESS FRAME after 84
01:51.842  render           | Saved: '/Users/aaron_7nh0yzm/godwyn-boss-fight/renders/astra/v2_final_on_char/video_frames/085.png'
NATURALNESS FRAME after 85
01:53.389  render           | Saved: '/Users/aaron_7nh0yzm/godwyn-boss-fight/renders/astra/v2_final_on_char/video_frames/086.png'
NATURALNESS FRAME after 86
01:55.260  render           | Saved: '/Users/aaron_7nh0yzm/godwyn-boss-fight/renders/astra/v2_final_on_char/video_frames/087.png'
NATURALNESS FRAME after 87
01:56.440  render           | Saved: '/Users/aaron_7nh0yzm/godwyn-boss-fight/renders/astra/v2_final_on_char/video_frames/088.png'
NATURALNESS FRAME after 88
01:58.211  render           | Saved: '/Users/aaron_7nh0yzm/godwyn-boss-fight/renders/astra/v2_final_on_char/video_frames/089.png'
NATURALNESS FRAME after 89
02:01.319  render           | Saved: '/Users/aaron_7nh0yzm/godwyn-boss-fight/renders/astra/v2_final_on_char/video_frames/090.png'
NATURALNESS FRAME after 90
NATURALNESS RENDER COMPLETE after
Blender 5.2.1 LTS (hash 9e2066aef7ef built 2026-08-25 01:35:57)

Blender quit
