00:01.257  blend            | Read blend: "/Users/aaron_7nh0yzm/godwyn-boss-fight/models/astra_xslash_v2_final_wip.blend"
00:08.340  render           | Saved: '/Users/aaron_7nh0yzm/godwyn-boss-fight/renders/astra/v2_final_on_char/naturalness_after/001.png'
NATURALNESS FRAME after 1
00:11.626  render           | Saved: '/Users/aaron_7nh0yzm/godwyn-boss-fight/renders/astra/v2_final_on_char/naturalness_after/013.png'
NATURALNESS FRAME after 13
00:13.953  render           | Saved: '/Users/aaron_7nh0yzm/godwyn-boss-fight/renders/astra/v2_final_on_char/naturalness_after/027.png'
NATURALNESS FRAME after 27
00:15.650  render           | Saved: '/Users/aaron_7nh0yzm/godwyn-boss-fight/renders/astra/v2_final_on_char/naturalness_after/031.png'
NATURALNESS FRAME after 31
00:17.184  render           | Saved: '/Users/aaron_7nh0yzm/godwyn-boss-fight/renders/astra/v2_final_on_char/naturalness_after/034.png'
NATURALNESS FRAME after 34
00:19.477  render           | Saved: '/Users/aaron_7nh0yzm/godwyn-boss-fight/renders/astra/v2_final_on_char/naturalness_after/036.png'
NATURALNESS FRAME after 36
00:22.844  render           | Saved: '/Users/aaron_7nh0yzm/godwyn-boss-fight/renders/astra/v2_final_on_char/naturalness_after/038.png'
NATURALNESS FRAME after 38
00:28.383  render           | Saved: '/Users/aaron_7nh0yzm/godwyn-boss-fight/renders/astra/v2_final_on_char/naturalness_after/039.png'
NATURALNESS FRAME after 39
00:31.293  render           | Saved: '/Users/aaron_7nh0yzm/godwyn-boss-fight/renders/astra/v2_final_on_char/naturalness_after/040.png'
NATURALNESS FRAME after 40
00:33.249  render           | Saved: '/Users/aaron_7nh0yzm/godwyn-boss-fight/renders/astra/v2_final_on_char/naturalness_after/043.png'
NATURALNESS FRAME after 43
00:35.173  render           | Saved: '/Users/aaron_7nh0yzm/godwyn-boss-fight/renders/astra/v2_final_on_char/naturalness_after/046.png'
NATURALNESS FRAME after 46
00:36.978  render           | Saved: '/Users/aaron_7nh0yzm/godwyn-boss-fight/renders/astra/v2_final_on_char/naturalness_after/053.png'
NATURALNESS FRAME after 53
00:39.167  render           | Saved: '/Users/aaron_7nh0yzm/godwyn-boss-fight/renders/astra/v2_final_on_char/naturalness_after/054.png'
NATURALNESS FRAME after 54
00:44.783  render           | Saved: '/Users/aaron_7nh0yzm/godwyn-boss-fight/renders/astra/v2_final_on_char/naturalness_after/057.png'
NATURALNESS FRAME after 57
00:47.841  render           | Saved: '/Users/aaron_7nh0yzm/godwyn-boss-fight/renders/astra/v2_final_on_char/naturalness_after/061.png'
NATURALNESS FRAME after 61
00:51.774  render           | Saved: '/Users/aaron_7nh0yzm/godwyn-boss-fight/renders/astra/v2_final_on_char/naturalness_after/079.png'
NATURALNESS FRAME after 79
00:53.159  render           | Saved: '/Users/aaron_7nh0yzm/godwyn-boss-fight/renders/astra/v2_final_on_char/naturalness_after/080.png'
NATURALNESS FRAME after 80
00:54.449  render           | Saved: '/Users/aaron_7nh0yzm/godwyn-boss-fight/renders/astra/v2_final_on_char/naturalness_after/084.png'
NATURALNESS FRAME after 84
00:55.542  render           | Saved: '/Users/aaron_7nh0yzm/godwyn-boss-fight/renders/astra/v2_final_on_char/naturalness_after/086.png'
NATURALNESS FRAME after 86
00:56.684  render           | Saved: '/Users/aaron_7nh0yzm/godwyn-boss-fight/renders/astra/v2_final_on_char/naturalness_after/090.png'
NATURALNESS FRAME after 90
NATURALNESS RENDER COMPLETE after
Blender 5.2.1 LTS (hash 9e2066aef7ef built 2026-08-25 01:35:57)

Blender quit
