00:00.835  blend            | Read blend: "/Users/aaron_7nh0yzm/godwyn-boss-fight/models/astra_xslash_v2_final_wip.blend"
00:04.842  render           | Saved: '/Users/aaron_7nh0yzm/godwyn-boss-fight/renders/astra/v2_final_on_char/video_frames/001.png'
NATURALNESS FRAME after 1
00:05.918  render           | Saved: '/Users/aaron_7nh0yzm/godwyn-boss-fight/renders/astra/v2_final_on_char/video_frames/002.png'
NATURALNESS FRAME after 2
00:06.987  render           | Saved: '/Users/aaron_7nh0yzm/godwyn-boss-fight/renders/astra/v2_final_on_char/video_frames/003.png'
NATURALNESS FRAME after 3
00:08.028  render           | Saved: '/Users/aaron_7nh0yzm/godwyn-boss-fight/renders/astra/v2_final_on_char/video_frames/004.png'
NATURALNESS FRAME after 4
00:09.035  render           | Saved: '/Users/aaron_7nh0yzm/godwyn-boss-fight/renders/astra/v2_final_on_char/video_frames/005.png'
NATURALNESS FRAME after 5
00:10.049  render           | Saved: '/Users/aaron_7nh0yzm/godwyn-boss-fight/renders/astra/v2_final_on_char/video_frames/006.png'
NATURALNESS FRAME after 6
00:11.086  render           | Saved: '/Users/aaron_7nh0yzm/godwyn-boss-fight/renders/astra/v2_final_on_char/video_frames/007.png'
NATURALNESS FRAME after 7
00:12.134  render           | Saved: '/Users/aaron_7nh0yzm/godwyn-boss-fight/renders/astra/v2_final_on_char/video_frames/008.png'
NATURALNESS FRAME after 8
00:13.169  render           | Saved: '/Users/aaron_7nh0yzm/godwyn-boss-fight/renders/astra/v2_final_on_char/video_frames/009.png'
NATURALNESS FRAME after 9
00:14.190  render           | Saved: '/Users/aaron_7nh0yzm/godwyn-boss-fight/renders/astra/v2_final_on_char/video_frames/010.png'
NATURALNESS FRAME after 10
00:15.276  render           | Saved: '/Users/aaron_7nh0yzm/godwyn-boss-fight/renders/astra/v2_final_on_char/video_frames/011.png'
NATURALNESS FRAME after 11
00:16.393  render           | Saved: '/Users/aaron_7nh0yzm/godwyn-boss-fight/renders/astra/v2_final_on_char/video_frames/012.png'
NATURALNESS FRAME after 12
00:17.677  render           | Saved: '/Users/aaron_7nh0yzm/godwyn-boss-fight/renders/astra/v2_final_on_char/video_frames/013.png'
NATURALNESS FRAME after 13
00:19.201  render           | Saved: '/Users/aaron_7nh0yzm/godwyn-boss-fight/renders/astra/v2_final_on_char/video_frames/014.png'
NATURALNESS FRAME after 14
00:20.642  render           | Saved: '/Users/aaron_7nh0yzm/godwyn-boss-fight/renders/astra/v2_final_on_char/video_frames/015.png'
NATURALNESS FRAME after 15
00:22.599  render           | Saved: '/Users/aaron_7nh0yzm/godwyn-boss-fight/renders/astra/v2_final_on_char/video_frames/016.png'
NATURALNESS FRAME after 16
00:24.197  render           | Saved: '/Users/aaron_7nh0yzm/godwyn-boss-fight/renders/astra/v2_final_on_char/video_frames/017.png'
NATURALNESS FRAME after 17
00:25.346  render           | Saved: '/Users/aaron_7nh0yzm/godwyn-boss-fight/renders/astra/v2_final_on_char/video_frames/018.png'
NATURALNESS FRAME after 18
00:26.412  render           | Saved: '/Users/aaron_7nh0yzm/godwyn-boss-fight/renders/astra/v2_final_on_char/video_frames/019.png'
NATURALNESS FRAME after 19
00:27.604  render           | Saved: '/Users/aaron_7nh0yzm/godwyn-boss-fight/renders/astra/v2_final_on_char/video_frames/020.png'
NATURALNESS FRAME after 20
00:28.644  render           | Saved: '/Users/aaron_7nh0yzm/godwyn-boss-fight/renders/astra/v2_final_on_char/video_frames/021.png'
NATURALNESS FRAME after 21
00:29.766  render           | Saved: '/Users/aaron_7nh0yzm/godwyn-boss-fight/renders/astra/v2_final_on_char/video_frames/022.png'
NATURALNESS FRAME after 22
00:30.931  render           | Saved: '/Users/aaron_7nh0yzm/godwyn-boss-fight/renders/astra/v2_final_on_char/video_frames/023.png'
NATURALNESS FRAME after 23
00:32.084  render           | Saved: '/Users/aaron_7nh0yzm/godwyn-boss-fight/renders/astra/v2_final_on_char/video_frames/024.png'
NATURALNESS FRAME after 24
00:33.302  render           | Saved: '/Users/aaron_7nh0yzm/godwyn-boss-fight/renders/astra/v2_final_on_char/video_frames/025.png'
NATURALNESS FRAME after 25
00:34.400  render           | Saved: '/Users/aaron_7nh0yzm/godwyn-boss-fight/renders/astra/v2_final_on_char/video_frames/026.png'
NATURALNESS FRAME after 26
00:35.447  render           | Saved: '/Users/aaron_7nh0yzm/godwyn-boss-fight/renders/astra/v2_final_on_char/video_frames/027.png'
NATURALNESS FRAME after 27
00:36.519  render           | Saved: '/Users/aaron_7nh0yzm/godwyn-boss-fight/renders/astra/v2_final_on_char/video_frames/028.png'
NATURALNESS FRAME after 28
00:37.587  render           | Saved: '/Users/aaron_7nh0yzm/godwyn-boss-fight/renders/astra/v2_final_on_char/video_frames/029.png'
NATURALNESS FRAME after 29
00:38.730  render           | Saved: '/Users/aaron_7nh0yzm/godwyn-boss-fight/renders/astra/v2_final_on_char/video_frames/030.png'
NATURALNESS FRAME after 30
00:40.009  render           | Saved: '/Users/aaron_7nh0yzm/godwyn-boss-fight/renders/astra/v2_final_on_char/video_frames/031.png'
NATURALNESS FRAME after 31
00:41.086  render           | Saved: '/Users/aaron_7nh0yzm/godwyn-boss-fight/renders/astra/v2_final_on_char/video_frames/032.png'
NATURALNESS FRAME after 32
00:42.166  render           | Saved: '/Users/aaron_7nh0yzm/godwyn-boss-fight/renders/astra/v2_final_on_char/video_frames/033.png'
NATURALNESS FRAME after 33
00:43.271  render           | Saved: '/Users/aaron_7nh0yzm/godwyn-boss-fight/renders/astra/v2_final_on_char/video_frames/034.png'
NATURALNESS FRAME after 34
00:44.354  render           | Saved: '/Users/aaron_7nh0yzm/godwyn-boss-fight/renders/astra/v2_final_on_char/video_frames/035.png'
NATURALNESS FRAME after 35
00:45.398  render           | Saved: '/Users/aaron_7nh0yzm/godwyn-boss-fight/renders/astra/v2_final_on_char/video_frames/036.png'
NATURALNESS FRAME after 36
00:46.473  render           | Saved: '/Users/aaron_7nh0yzm/godwyn-boss-fight/renders/astra/v2_final_on_char/video_frames/037.png'
NATURALNESS FRAME after 37
00:47.661  render           | Saved: '/Users/aaron_7nh0yzm/godwyn-boss-fight/renders/astra/v2_final_on_char/video_frames/038.png'
NATURALNESS FRAME after 38
00:49.122  render           | Saved: '/Users/aaron_7nh0yzm/godwyn-boss-fight/renders/astra/v2_final_on_char/video_frames/039.png'
NATURALNESS FRAME after 39
00:50.614  render           | Saved: '/Users/aaron_7nh0yzm/godwyn-boss-fight/renders/astra/v2_final_on_char/video_frames/040.png'
NATURALNESS FRAME after 40
00:52.034  render           | Saved: '/Users/aaron_7nh0yzm/godwyn-boss-fight/renders/astra/v2_final_on_char/video_frames/041.png'
NATURALNESS FRAME after 41
00:53.453  render           | Saved: '/Users/aaron_7nh0yzm/godwyn-boss-fight/renders/astra/v2_final_on_char/video_frames/042.png'
NATURALNESS FRAME after 42
00:55.014  render           | Saved: '/Users/aaron_7nh0yzm/godwyn-boss-fight/renders/astra/v2_final_on_char/video_frames/043.png'
NATURALNESS FRAME after 43
00:56.518  render           | Saved: '/Users/aaron_7nh0yzm/godwyn-boss-fight/renders/astra/v2_final_on_char/video_frames/044.png'
NATURALNESS FRAME after 44
00:57.746  render           | Saved: '/Users/aaron_7nh0yzm/godwyn-boss-fight/renders/astra/v2_final_on_char/video_frames/045.png'
NATURALNESS FRAME after 45
00:59.094  render           | Saved: '/Users/aaron_7nh0yzm/godwyn-boss-fight/renders/astra/v2_final_on_char/video_frames/046.png'
NATURALNESS FRAME after 46
01:00.447  render           | Saved: '/Users/aaron_7nh0yzm/godwyn-boss-fight/renders/astra/v2_final_on_char/video_frames/047.png'
NATURALNESS FRAME after 47
01:01.568  render           | Saved: '/Users/aaron_7nh0yzm/godwyn-boss-fight/renders/astra/v2_final_on_char/video_frames/048.png'
NATURALNESS FRAME after 48
01:02.670  render           | Saved: '/Users/aaron_7nh0yzm/godwyn-boss-fight/renders/astra/v2_final_on_char/video_frames/049.png'
NATURALNESS FRAME after 49
01:04.159  render           | Saved: '/Users/aaron_7nh0yzm/godwyn-boss-fight/renders/astra/v2_final_on_char/video_frames/050.png'
NATURALNESS FRAME after 50
01:06.897  render           | Saved: '/Users/aaron_7nh0yzm/godwyn-boss-fight/renders/astra/v2_final_on_char/video_frames/051.png'
NATURALNESS FRAME after 51
01:08.284  render           | Saved: '/Users/aaron_7nh0yzm/godwyn-boss-fight/renders/astra/v2_final_on_char/video_frames/052.png'
NATURALNESS FRAME after 52
01:09.781  render           | Saved: '/Users/aaron_7nh0yzm/godwyn-boss-fight/renders/astra/v2_final_on_char/video_frames/053.png'
NATURALNESS FRAME after 53
01:11.162  render           | Saved: '/Users/aaron_7nh0yzm/godwyn-boss-fight/renders/astra/v2_final_on_char/video_frames/054.png'
NATURALNESS FRAME after 54
01:12.909  render           | Saved: '/Users/aaron_7nh0yzm/godwyn-boss-fight/renders/astra/v2_final_on_char/video_frames/055.png'
NATURALNESS FRAME after 55
01:15.752  render           | Saved: '/Users/aaron_7nh0yzm/godwyn-boss-fight/renders/astra/v2_final_on_char/video_frames/056.png'
NATURALNESS FRAME after 56
01:18.362  render           | Saved: '/Users/aaron_7nh0yzm/godwyn-boss-fight/renders/astra/v2_final_on_char/video_frames/057.png'
NATURALNESS FRAME after 57
01:21.057  render           | Saved: '/Users/aaron_7nh0yzm/godwyn-boss-fight/renders/astra/v2_final_on_char/video_frames/058.png'
NATURALNESS FRAME after 58
01:24.103  render           | Saved: '/Users/aaron_7nh0yzm/godwyn-boss-fight/renders/astra/v2_final_on_char/video_frames/059.png'
NATURALNESS FRAME after 59
01:27.514  render           | Saved: '/Users/aaron_7nh0yzm/godwyn-boss-fight/renders/astra/v2_final_on_char/video_frames/060.png'
NATURALNESS FRAME after 60
01:30.675  render           | Saved: '/Users/aaron_7nh0yzm/godwyn-boss-fight/renders/astra/v2_final_on_char/video_frames/061.png'
NATURALNESS FRAME after 61
01:32.542  render           | Saved: '/Users/aaron_7nh0yzm/godwyn-boss-fight/renders/astra/v2_final_on_char/video_frames/062.png'
NATURALNESS FRAME after 62
01:34.511  render           | Saved: '/Users/aaron_7nh0yzm/godwyn-boss-fight/renders/astra/v2_final_on_char/video_frames/063.png'
NATURALNESS FRAME after 63
01:37.397  render           | Saved: '/Users/aaron_7nh0yzm/godwyn-boss-fight/renders/astra/v2_final_on_char/video_frames/064.png'
NATURALNESS FRAME after 64
01:39.330  render           | Saved: '/Users/aaron_7nh0yzm/godwyn-boss-fight/renders/astra/v2_final_on_char/video_frames/065.png'
NATURALNESS FRAME after 65
01:41.170  render           | Saved: '/Users/aaron_7nh0yzm/godwyn-boss-fight/renders/astra/v2_final_on_char/video_frames/066.png'
NATURALNESS FRAME after 66
01:43.088  render           | Saved: '/Users/aaron_7nh0yzm/godwyn-boss-fight/renders/astra/v2_final_on_char/video_frames/067.png'
NATURALNESS FRAME after 67
01:44.664  render           | Saved: '/Users/aaron_7nh0yzm/godwyn-boss-fight/renders/astra/v2_final_on_char/video_frames/068.png'
NATURALNESS FRAME after 68
01:46.388  render           | Saved: '/Users/aaron_7nh0yzm/godwyn-boss-fight/renders/astra/v2_final_on_char/video_frames/069.png'
NATURALNESS FRAME after 69
01:48.762  render           | Saved: '/Users/aaron_7nh0yzm/godwyn-boss-fight/renders/astra/v2_final_on_char/video_frames/070.png'
NATURALNESS FRAME after 70
01:50.448  render           | Saved: '/Users/aaron_7nh0yzm/godwyn-boss-fight/renders/astra/v2_final_on_char/video_frames/071.png'
NATURALNESS FRAME after 71
01:51.912  render           | Saved: '/Users/aaron_7nh0yzm/godwyn-boss-fight/renders/astra/v2_final_on_char/video_frames/072.png'
NATURALNESS FRAME after 72
01:53.485  render           | Saved: '/Users/aaron_7nh0yzm/godwyn-boss-fight/renders/astra/v2_final_on_char/video_frames/073.png'
NATURALNESS FRAME after 73
01:54.827  render           | Saved: '/Users/aaron_7nh0yzm/godwyn-boss-fight/renders/astra/v2_final_on_char/video_frames/074.png'
NATURALNESS FRAME after 74
01:56.235  render           | Saved: '/Users/aaron_7nh0yzm/godwyn-boss-fight/renders/astra/v2_final_on_char/video_frames/075.png'
NATURALNESS FRAME after 75
01:57.591  render           | Saved: '/Users/aaron_7nh0yzm/godwyn-boss-fight/renders/astra/v2_final_on_char/video_frames/076.png'
NATURALNESS FRAME after 76
01:58.952  render           | Saved: '/Users/aaron_7nh0yzm/godwyn-boss-fight/renders/astra/v2_final_on_char/video_frames/077.png'
NATURALNESS FRAME after 77
02:00.227  render           | Saved: '/Users/aaron_7nh0yzm/godwyn-boss-fight/renders/astra/v2_final_on_char/video_frames/078.png'
NATURALNESS FRAME after 78
02:01.397  render           | Saved: '/Users/aaron_7nh0yzm/godwyn-boss-fight/renders/astra/v2_final_on_char/video_frames/079.png'
NATURALNESS FRAME after 79
02:02.722  render           | Saved: '/Users/aaron_7nh0yzm/godwyn-boss-fight/renders/astra/v2_final_on_char/video_frames/080.png'
NATURALNESS FRAME after 80
02:04.425  render           | Saved: '/Users/aaron_7nh0yzm/godwyn-boss-fight/renders/astra/v2_final_on_char/video_frames/081.png'
NATURALNESS FRAME after 81
02:05.597  render           | Saved: '/Users/aaron_7nh0yzm/godwyn-boss-fight/renders/astra/v2_final_on_char/video_frames/082.png'
NATURALNESS FRAME after 82
02:06.819  render           | Saved: '/Users/aaron_7nh0yzm/godwyn-boss-fight/renders/astra/v2_final_on_char/video_frames/083.png'
NATURALNESS FRAME after 83
02:07.975  render           | Saved: '/Users/aaron_7nh0yzm/godwyn-boss-fight/renders/astra/v2_final_on_char/video_frames/084.png'
NATURALNESS FRAME after 84
02:09.200  render           | Saved: '/Users/aaron_7nh0yzm/godwyn-boss-fight/renders/astra/v2_final_on_char/video_frames/085.png'
NATURALNESS FRAME after 85
02:10.460  render           | Saved: '/Users/aaron_7nh0yzm/godwyn-boss-fight/renders/astra/v2_final_on_char/video_frames/086.png'
NATURALNESS FRAME after 86
02:11.670  render           | Saved: '/Users/aaron_7nh0yzm/godwyn-boss-fight/renders/astra/v2_final_on_char/video_frames/087.png'
NATURALNESS FRAME after 87
02:12.832  render           | Saved: '/Users/aaron_7nh0yzm/godwyn-boss-fight/renders/astra/v2_final_on_char/video_frames/088.png'
NATURALNESS FRAME after 88
02:14.011  render           | Saved: '/Users/aaron_7nh0yzm/godwyn-boss-fight/renders/astra/v2_final_on_char/video_frames/089.png'
NATURALNESS FRAME after 89
02:15.850  render           | Saved: '/Users/aaron_7nh0yzm/godwyn-boss-fight/renders/astra/v2_final_on_char/video_frames/090.png'
NATURALNESS FRAME after 90
NATURALNESS RENDER COMPLETE after
Blender 5.2.1 LTS (hash 9e2066aef7ef built 2026-08-25 01:35:57)

Blender quit
