00:00.681  blend            | Read blend: "/Users/aaron_7nh0yzm/godwyn-boss-fight/models/astra_xslash_v2_final_prefix.blend"
00:09.312  render           | Saved: '/Users/aaron_7nh0yzm/godwyn-boss-fight/renders/astra/v2_final_on_char/naturalness_before/001.png'
NATURALNESS FRAME before 1
00:11.730  render           | Saved: '/Users/aaron_7nh0yzm/godwyn-boss-fight/renders/astra/v2_final_on_char/naturalness_before/013.png'
NATURALNESS FRAME before 13
00:12.969  render           | Saved: '/Users/aaron_7nh0yzm/godwyn-boss-fight/renders/astra/v2_final_on_char/naturalness_before/027.png'
NATURALNESS FRAME before 27
00:14.184  render           | Saved: '/Users/aaron_7nh0yzm/godwyn-boss-fight/renders/astra/v2_final_on_char/naturalness_before/031.png'
NATURALNESS FRAME before 31
00:15.297  render           | Saved: '/Users/aaron_7nh0yzm/godwyn-boss-fight/renders/astra/v2_final_on_char/naturalness_before/034.png'
NATURALNESS FRAME before 34
00:16.416  render           | Saved: '/Users/aaron_7nh0yzm/godwyn-boss-fight/renders/astra/v2_final_on_char/naturalness_before/036.png'
NATURALNESS FRAME before 36
00:17.755  render           | Saved: '/Users/aaron_7nh0yzm/godwyn-boss-fight/renders/astra/v2_final_on_char/naturalness_before/038.png'
NATURALNESS FRAME before 38
00:19.264  render           | Saved: '/Users/aaron_7nh0yzm/godwyn-boss-fight/renders/astra/v2_final_on_char/naturalness_before/039.png'
NATURALNESS FRAME before 39
00:20.710  render           | Saved: '/Users/aaron_7nh0yzm/godwyn-boss-fight/renders/astra/v2_final_on_char/naturalness_before/040.png'
NATURALNESS FRAME before 40
00:22.279  render           | Saved: '/Users/aaron_7nh0yzm/godwyn-boss-fight/renders/astra/v2_final_on_char/naturalness_before/043.png'
NATURALNESS FRAME before 43
00:23.402  render           | Saved: '/Users/aaron_7nh0yzm/godwyn-boss-fight/renders/astra/v2_final_on_char/naturalness_before/046.png'
NATURALNESS FRAME before 46
00:24.494  render           | Saved: '/Users/aaron_7nh0yzm/godwyn-boss-fight/renders/astra/v2_final_on_char/naturalness_before/053.png'
NATURALNESS FRAME before 53
00:25.614  render           | Saved: '/Users/aaron_7nh0yzm/godwyn-boss-fight/renders/astra/v2_final_on_char/naturalness_before/054.png'
NATURALNESS FRAME before 54
00:27.033  render           | Saved: '/Users/aaron_7nh0yzm/godwyn-boss-fight/renders/astra/v2_final_on_char/naturalness_before/057.png'
NATURALNESS FRAME before 57
00:28.618  render           | Saved: '/Users/aaron_7nh0yzm/godwyn-boss-fight/renders/astra/v2_final_on_char/naturalness_before/061.png'
NATURALNESS FRAME before 61
00:30.049  render           | Saved: '/Users/aaron_7nh0yzm/godwyn-boss-fight/renders/astra/v2_final_on_char/naturalness_before/079.png'
NATURALNESS FRAME before 79
00:31.297  render           | Saved: '/Users/aaron_7nh0yzm/godwyn-boss-fight/renders/astra/v2_final_on_char/naturalness_before/080.png'
NATURALNESS FRAME before 80
00:32.459  render           | Saved: '/Users/aaron_7nh0yzm/godwyn-boss-fight/renders/astra/v2_final_on_char/naturalness_before/084.png'
NATURALNESS FRAME before 84
00:33.549  render           | Saved: '/Users/aaron_7nh0yzm/godwyn-boss-fight/renders/astra/v2_final_on_char/naturalness_before/086.png'
NATURALNESS FRAME before 86
00:34.640  render           | Saved: '/Users/aaron_7nh0yzm/godwyn-boss-fight/renders/astra/v2_final_on_char/naturalness_before/090.png'
NATURALNESS FRAME before 90
NATURALNESS RENDER COMPLETE before
Blender 5.2.1 LTS (hash 9e2066aef7ef built 2026-08-25 01:35:57)

Blender quit
