17:36:44 | INFO: Data are loaded, start creating Blender stuff
17:36:44 | INFO: Blender create Mesh node char1
17:36:45 | INFO: Blender create Mesh node Godwyn_Sword.001
17:36:45 | INFO: glTF import finished in 1.26s
BONE Hips HEAD (0.006, -0.1625, 1.8073) TAIL (0.654, 2.9724, 25.9479)
BONE LeftUpLeg HEAD (0.2016, -0.1642, 1.6277) TAIL (7.8995, -0.8383, -70.1995)
BONE LeftLeg HEAD (0.2785, -0.1709, 0.9095) TAIL (5.1033, -3.9175, -73.1525)
BONE LeftFoot HEAD (0.3268, -0.2084, 0.1688) TAIL (9.1675, -24.5789, -9.6329)
BONE LeftToeBase HEAD (0.4152, -0.4521, 0.0708) TAIL (9.8667, -26.5063, 0.0708)
BONE RightUpLeg HEAD (-0.1915, -0.1665, 1.6344) TAIL (-7.9458, -1.7767, -67.5417)
BONE RightLeg HEAD (-0.2691, -0.1826, 0.9426) TAIL (-5.697, -0.7495, -73.7014)
BONE RightFoot HEAD (-0.3234, -0.1883, 0.1962) TAIL (-9.3728, -21.5027, -12.3251)
BONE RightToeBase HEAD (-0.4139, -0.4014, 0.071) TAIL (-10.7016, -24.6324, 0.0709)
BONE Spine02 HEAD (0.005, -0.171, 2.0507) TAIL (-0.0946, -1.0173, 26.3878)
BONE Spine01 HEAD (0.004, -0.1794, 2.2941) TAIL (-0.0956, -1.0257, 26.6312)
BONE Spine HEAD (0.003, -0.1879, 2.5374) TAIL (-0.0436, -0.2632, 12.3176)
BONE LeftShoulder HEAD (0.0654, -0.1877, 2.6128) TAIL (25.0126, -0.1683, 2.6128)
BONE LeftArm HEAD (0.3148, -0.1875, 2.6128) TAIL (15.7443, 2.4419, -40.1645)
BONE LeftForeArm HEAD (0.4691, -0.1612, 2.185) TAIL (10.4079, -34.4657, -20.4499)
BONE LeftHand HEAD (0.5685, -0.5043, 1.9586) TAIL (8.2899, -25.7961, -31.0355)
BONE neck HEAD (0.0012, -0.1943, 2.7223) TAIL (-0.1209, -0.6394, 15.5218)
BONE Head HEAD (-0.0, -0.1988, 2.8503) TAIL (-0.137, -14.4343, 17.1094)
BONE head_end HEAD (-0.0034, -0.3066, 3.2071) TAIL (-0.1887, -6.1348, 22.4941)
BONE headfront HEAD (-0.0, -0.4471, 2.8503) TAIL (-0.0, -20.5963, 2.8503)
BONE RightShoulder HEAD (-0.0592, -0.1843, 2.615) TAIL (-24.9448, 0.1792, 2.615)
BONE RightArm HEAD (-0.3081, -0.1806, 2.615) TAIL (-14.4276, 4.0543, -45.9046)
BONE RightForeArm HEAD (-0.4493, -0.1383, 2.1297) TAIL (-2.2773, -8.7659, -44.7243)
BONE RightHand HEAD (-0.4676, -0.2246, 1.6612) TAIL (4.7138, -0.4088, -45.7328)
SWORD {"parent": "Armature", "parent_type": "BONE", "parent_bone": "RightHand", "modifiers": [], "groups": [], "bbox": [[4.14614725112915, -0.9503834843635559, -46.90909957885742], [4.551588535308838, -0.4446426331996918, -44.84664535522461], [4.590292930603027, -0.020795218646526337, -44.958187103271484], [4.184852123260498, -0.5265360474586487, -47.0206413269043], [4.5173726081848145, -1.0002683401107788, -46.96984100341797], [4.922813892364502, -0.4945274591445923, -44.90739059448242], [4.96151876449585, -0.07068006694316864, -45.0189323425293], [4.556077480316162, -0.5764209032058716, -47.081382751464844]]}
00:05.564  render           | Saved: '/Users/aaron_7nh0yzm/godwyn-boss-fight/renders/astra/rest_front.png'
00:06.533  render           | Saved: '/Users/aaron_7nh0yzm/godwyn-boss-fight/renders/astra/rest_side.png'
Blender 5.2.1 LTS (hash 9e2066aef7ef built 2026-08-25 01:35:57)

Blender quit
