00:01.672  blend            | Read blend: "/Users/aaron_7nh0yzm/godwyn-boss-fight/models/astra_xslash_wip.blend"
00:07.791  render           | Saved: '/Users/aaron_7nh0yzm/godwyn-boss-fight/renders/astra/r1/front_windup_f10.png'
00:09.130  render           | Saved: '/Users/aaron_7nh0yzm/godwyn-boss-fight/renders/astra/r1/front_cut1_f17.png'
00:09.997  render           | Saved: '/Users/aaron_7nh0yzm/godwyn-boss-fight/renders/astra/r1/front_cross_f20.png'
00:10.949  render           | Saved: '/Users/aaron_7nh0yzm/godwyn-boss-fight/renders/astra/r1/front_windup2_f33.png'
00:11.815  render           | Saved: '/Users/aaron_7nh0yzm/godwyn-boss-fight/renders/astra/r1/front_cut2_f40.png'
00:12.994  render           | Saved: '/Users/aaron_7nh0yzm/godwyn-boss-fight/renders/astra/r1/front_cross2_f43.png'
00:14.204  render           | Saved: '/Users/aaron_7nh0yzm/godwyn-boss-fight/renders/astra/r1/front_recovery_f61.png'
00:15.108  render           | Saved: '/Users/aaron_7nh0yzm/godwyn-boss-fight/renders/astra/r1/contact_front/000.png'
00:15.925  render           | Saved: '/Users/aaron_7nh0yzm/godwyn-boss-fight/renders/astra/r1/contact_front/001.png'
00:16.902  render           | Saved: '/Users/aaron_7nh0yzm/godwyn-boss-fight/renders/astra/r1/contact_front/002.png'
00:17.499  render           | Saved: '/Users/aaron_7nh0yzm/godwyn-boss-fight/renders/astra/r1/contact_front/003.png'
00:18.317  render           | Saved: '/Users/aaron_7nh0yzm/godwyn-boss-fight/renders/astra/r1/contact_front/004.png'
00:19.567  render           | Saved: '/Users/aaron_7nh0yzm/godwyn-boss-fight/renders/astra/r1/contact_front/005.png'
00:20.483  render           | Saved: '/Users/aaron_7nh0yzm/godwyn-boss-fight/renders/astra/r1/contact_front/006.png'
00:21.313  render           | Saved: '/Users/aaron_7nh0yzm/godwyn-boss-fight/renders/astra/r1/contact_front/007.png'
00:22.023  render           | Saved: '/Users/aaron_7nh0yzm/godwyn-boss-fight/renders/astra/r1/contact_front/008.png'
00:22.725  render           | Saved: '/Users/aaron_7nh0yzm/godwyn-boss-fight/renders/astra/r1/contact_front/009.png'
00:23.393  render           | Saved: '/Users/aaron_7nh0yzm/godwyn-boss-fight/renders/astra/r1/contact_front/010.png'
00:24.101  render           | Saved: '/Users/aaron_7nh0yzm/godwyn-boss-fight/renders/astra/r1/contact_front/011.png'
00:25.243  render           | Saved: '/Users/aaron_7nh0yzm/godwyn-boss-fight/renders/astra/r1/contact_front/012.png'
00:26.586  render           | Saved: '/Users/aaron_7nh0yzm/godwyn-boss-fight/renders/astra/r1/contact_front/013.png'
00:27.543  render           | Saved: '/Users/aaron_7nh0yzm/godwyn-boss-fight/renders/astra/r1/contact_front/014.png'
00:28.482  render           | Saved: '/Users/aaron_7nh0yzm/godwyn-boss-fight/renders/astra/r1/contact_front/015.png'
00:29.982  render           | Saved: '/Users/aaron_7nh0yzm/godwyn-boss-fight/renders/astra/r1/contact_front/016.png'
00:31.199  render           | Saved: '/Users/aaron_7nh0yzm/godwyn-boss-fight/renders/astra/r1/contact_front/017.png'
00:32.174  render           | Saved: '/Users/aaron_7nh0yzm/godwyn-boss-fight/renders/astra/r1/contact_front/018.png'
00:32.953  render           | Saved: '/Users/aaron_7nh0yzm/godwyn-boss-fight/renders/astra/r1/contact_front/019.png'
00:33.628  render           | Saved: '/Users/aaron_7nh0yzm/godwyn-boss-fight/renders/astra/r1/contact_front/020.png'
00:34.723  render           | Saved: '/Users/aaron_7nh0yzm/godwyn-boss-fight/renders/astra/r1/three_quarter_windup_f10.png'
00:35.709  render           | Saved: '/Users/aaron_7nh0yzm/godwyn-boss-fight/renders/astra/r1/three_quarter_cut1_f17.png'
00:36.796  render           | Saved: '/Users/aaron_7nh0yzm/godwyn-boss-fight/renders/astra/r1/three_quarter_cross_f20.png'
00:37.773  render           | Saved: '/Users/aaron_7nh0yzm/godwyn-boss-fight/renders/astra/r1/three_quarter_windup2_f33.png'
00:38.798  render           | Saved: '/Users/aaron_7nh0yzm/godwyn-boss-fight/renders/astra/r1/three_quarter_cut2_f40.png'
00:40.054  render           | Saved: '/Users/aaron_7nh0yzm/godwyn-boss-fight/renders/astra/r1/three_quarter_cross2_f43.png'
00:41.476  render           | Saved: '/Users/aaron_7nh0yzm/godwyn-boss-fight/renders/astra/r1/three_quarter_recovery_f61.png'
00:42.636  render           | Saved: '/Users/aaron_7nh0yzm/godwyn-boss-fight/renders/astra/r1/contact_three_quarter/000.png'
00:43.462  render           | Saved: '/Users/aaron_7nh0yzm/godwyn-boss-fight/renders/astra/r1/contact_three_quarter/001.png'
00:44.331  render           | Saved: '/Users/aaron_7nh0yzm/godwyn-boss-fight/renders/astra/r1/contact_three_quarter/002.png'
00:45.153  render           | Saved: '/Users/aaron_7nh0yzm/godwyn-boss-fight/renders/astra/r1/contact_three_quarter/003.png'
00:46.024  render           | Saved: '/Users/aaron_7nh0yzm/godwyn-boss-fight/renders/astra/r1/contact_three_quarter/004.png'
00:46.877  render           | Saved: '/Users/aaron_7nh0yzm/godwyn-boss-fight/renders/astra/r1/contact_three_quarter/005.png'
00:47.610  render           | Saved: '/Users/aaron_7nh0yzm/godwyn-boss-fight/renders/astra/r1/contact_three_quarter/006.png'
00:48.392  render           | Saved: '/Users/aaron_7nh0yzm/godwyn-boss-fight/renders/astra/r1/contact_three_quarter/007.png'
00:49.329  render           | Saved: '/Users/aaron_7nh0yzm/godwyn-boss-fight/renders/astra/r1/contact_three_quarter/008.png'
00:50.481  render           | Saved: '/Users/aaron_7nh0yzm/godwyn-boss-fight/renders/astra/r1/contact_three_quarter/009.png'
00:51.633  render           | Saved: '/Users/aaron_7nh0yzm/godwyn-boss-fight/renders/astra/r1/contact_three_quarter/010.png'
00:52.664  render           | Saved: '/Users/aaron_7nh0yzm/godwyn-boss-fight/renders/astra/r1/contact_three_quarter/011.png'
00:53.720  render           | Saved: '/Users/aaron_7nh0yzm/godwyn-boss-fight/renders/astra/r1/contact_three_quarter/012.png'
00:54.472  render           | Saved: '/Users/aaron_7nh0yzm/godwyn-boss-fight/renders/astra/r1/contact_three_quarter/013.png'
00:55.215  render           | Saved: '/Users/aaron_7nh0yzm/godwyn-boss-fight/renders/astra/r1/contact_three_quarter/014.png'
00:55.954  render           | Saved: '/Users/aaron_7nh0yzm/godwyn-boss-fight/renders/astra/r1/contact_three_quarter/015.png'
00:56.681  render           | Saved: '/Users/aaron_7nh0yzm/godwyn-boss-fight/renders/astra/r1/contact_three_quarter/016.png'
00:57.526  render           | Saved: '/Users/aaron_7nh0yzm/godwyn-boss-fight/renders/astra/r1/contact_three_quarter/017.png'
00:58.428  render           | Saved: '/Users/aaron_7nh0yzm/godwyn-boss-fight/renders/astra/r1/contact_three_quarter/018.png'
00:59.718  render           | Saved: '/Users/aaron_7nh0yzm/godwyn-boss-fight/renders/astra/r1/contact_three_quarter/019.png'
01:00.547  render           | Saved: '/Users/aaron_7nh0yzm/godwyn-boss-fight/renders/astra/r1/contact_three_quarter/020.png'
ASTRA RENDER COMPLETE /Users/aaron_7nh0yzm/godwyn-boss-fight/renders/astra/r1
Blender 5.2.1 LTS (hash 9e2066aef7ef built 2026-08-25 01:35:57)

Blender quit
