00:01.279  blend            | Read blend: "/Users/aaron_7nh0yzm/godwyn-boss-fight/models/astra_xslash_wip.blend"
00:03.630  render           | Saved: '/Users/aaron_7nh0yzm/godwyn-boss-fight/renders/astra/r2/front_windup_f10.png'
00:04.527  render           | Saved: '/Users/aaron_7nh0yzm/godwyn-boss-fight/renders/astra/r2/front_cut1_f17.png'
00:05.793  render           | Saved: '/Users/aaron_7nh0yzm/godwyn-boss-fight/renders/astra/r2/front_cross_f18.png'
00:06.842  render           | Saved: '/Users/aaron_7nh0yzm/godwyn-boss-fight/renders/astra/r2/front_windup2_f33.png'
00:07.745  render           | Saved: '/Users/aaron_7nh0yzm/godwyn-boss-fight/renders/astra/r2/front_cut2_f40.png'
00:08.580  render           | Saved: '/Users/aaron_7nh0yzm/godwyn-boss-fight/renders/astra/r2/front_cross2_f41.png'
00:09.392  render           | Saved: '/Users/aaron_7nh0yzm/godwyn-boss-fight/renders/astra/r2/front_recovery_f61.png'
00:09.900  render           | Saved: '/Users/aaron_7nh0yzm/godwyn-boss-fight/renders/astra/r2/contact_front/000.png'
00:10.407  render           | Saved: '/Users/aaron_7nh0yzm/godwyn-boss-fight/renders/astra/r2/contact_front/001.png'
00:10.934  render           | Saved: '/Users/aaron_7nh0yzm/godwyn-boss-fight/renders/astra/r2/contact_front/002.png'
00:11.450  render           | Saved: '/Users/aaron_7nh0yzm/godwyn-boss-fight/renders/astra/r2/contact_front/003.png'
00:11.984  render           | Saved: '/Users/aaron_7nh0yzm/godwyn-boss-fight/renders/astra/r2/contact_front/004.png'
00:12.525  render           | Saved: '/Users/aaron_7nh0yzm/godwyn-boss-fight/renders/astra/r2/contact_front/005.png'
00:13.168  render           | Saved: '/Users/aaron_7nh0yzm/godwyn-boss-fight/renders/astra/r2/contact_front/006.png'
00:13.885  render           | Saved: '/Users/aaron_7nh0yzm/godwyn-boss-fight/renders/astra/r2/contact_front/007.png'
00:14.936  render           | Saved: '/Users/aaron_7nh0yzm/godwyn-boss-fight/renders/astra/r2/contact_front/008.png'
00:16.021  render           | Saved: '/Users/aaron_7nh0yzm/godwyn-boss-fight/renders/astra/r2/contact_front/009.png'
00:17.178  render           | Saved: '/Users/aaron_7nh0yzm/godwyn-boss-fight/renders/astra/r2/contact_front/010.png'
00:18.138  render           | Saved: '/Users/aaron_7nh0yzm/godwyn-boss-fight/renders/astra/r2/contact_front/011.png'
00:18.791  render           | Saved: '/Users/aaron_7nh0yzm/godwyn-boss-fight/renders/astra/r2/contact_front/012.png'
00:19.332  render           | Saved: '/Users/aaron_7nh0yzm/godwyn-boss-fight/renders/astra/r2/contact_front/013.png'
00:19.932  render           | Saved: '/Users/aaron_7nh0yzm/godwyn-boss-fight/renders/astra/r2/contact_front/014.png'
00:20.491  render           | Saved: '/Users/aaron_7nh0yzm/godwyn-boss-fight/renders/astra/r2/contact_front/015.png'
00:21.044  render           | Saved: '/Users/aaron_7nh0yzm/godwyn-boss-fight/renders/astra/r2/contact_front/016.png'
00:21.604  render           | Saved: '/Users/aaron_7nh0yzm/godwyn-boss-fight/renders/astra/r2/contact_front/017.png'
00:22.160  render           | Saved: '/Users/aaron_7nh0yzm/godwyn-boss-fight/renders/astra/r2/contact_front/018.png'
00:22.735  render           | Saved: '/Users/aaron_7nh0yzm/godwyn-boss-fight/renders/astra/r2/contact_front/019.png'
00:23.347  render           | Saved: '/Users/aaron_7nh0yzm/godwyn-boss-fight/renders/astra/r2/contact_front/020.png'
00:24.687  render           | Saved: '/Users/aaron_7nh0yzm/godwyn-boss-fight/renders/astra/r2/three_quarter_windup_f10.png'
00:26.427  render           | Saved: '/Users/aaron_7nh0yzm/godwyn-boss-fight/renders/astra/r2/three_quarter_cut1_f17.png'
00:29.064  render           | Saved: '/Users/aaron_7nh0yzm/godwyn-boss-fight/renders/astra/r2/three_quarter_cross_f18.png'
00:31.337  render           | Saved: '/Users/aaron_7nh0yzm/godwyn-boss-fight/renders/astra/r2/three_quarter_windup2_f33.png'
00:34.863  render           | Saved: '/Users/aaron_7nh0yzm/godwyn-boss-fight/renders/astra/r2/three_quarter_cut2_f40.png'
00:37.172  render           | Saved: '/Users/aaron_7nh0yzm/godwyn-boss-fight/renders/astra/r2/three_quarter_cross2_f41.png'
00:38.498  render           | Saved: '/Users/aaron_7nh0yzm/godwyn-boss-fight/renders/astra/r2/three_quarter_recovery_f61.png'
00:39.319  render           | Saved: '/Users/aaron_7nh0yzm/godwyn-boss-fight/renders/astra/r2/contact_three_quarter/000.png'
00:40.039  render           | Saved: '/Users/aaron_7nh0yzm/godwyn-boss-fight/renders/astra/r2/contact_three_quarter/001.png'
00:40.680  render           | Saved: '/Users/aaron_7nh0yzm/godwyn-boss-fight/renders/astra/r2/contact_three_quarter/002.png'
00:41.300  render           | Saved: '/Users/aaron_7nh0yzm/godwyn-boss-fight/renders/astra/r2/contact_three_quarter/003.png'
00:41.982  render           | Saved: '/Users/aaron_7nh0yzm/godwyn-boss-fight/renders/astra/r2/contact_three_quarter/004.png'
00:42.706  render           | Saved: '/Users/aaron_7nh0yzm/godwyn-boss-fight/renders/astra/r2/contact_three_quarter/005.png'
00:43.477  render           | Saved: '/Users/aaron_7nh0yzm/godwyn-boss-fight/renders/astra/r2/contact_three_quarter/006.png'
00:44.350  render           | Saved: '/Users/aaron_7nh0yzm/godwyn-boss-fight/renders/astra/r2/contact_three_quarter/007.png'
00:45.225  render           | Saved: '/Users/aaron_7nh0yzm/godwyn-boss-fight/renders/astra/r2/contact_three_quarter/008.png'
00:45.878  render           | Saved: '/Users/aaron_7nh0yzm/godwyn-boss-fight/renders/astra/r2/contact_three_quarter/009.png'
00:46.571  render           | Saved: '/Users/aaron_7nh0yzm/godwyn-boss-fight/renders/astra/r2/contact_three_quarter/010.png'
00:47.267  render           | Saved: '/Users/aaron_7nh0yzm/godwyn-boss-fight/renders/astra/r2/contact_three_quarter/011.png'
00:48.063  render           | Saved: '/Users/aaron_7nh0yzm/godwyn-boss-fight/renders/astra/r2/contact_three_quarter/012.png'
00:48.709  render           | Saved: '/Users/aaron_7nh0yzm/godwyn-boss-fight/renders/astra/r2/contact_three_quarter/013.png'
00:49.341  render           | Saved: '/Users/aaron_7nh0yzm/godwyn-boss-fight/renders/astra/r2/contact_three_quarter/014.png'
00:50.013  render           | Saved: '/Users/aaron_7nh0yzm/godwyn-boss-fight/renders/astra/r2/contact_three_quarter/015.png'
00:50.629  render           | Saved: '/Users/aaron_7nh0yzm/godwyn-boss-fight/renders/astra/r2/contact_three_quarter/016.png'
00:51.241  render           | Saved: '/Users/aaron_7nh0yzm/godwyn-boss-fight/renders/astra/r2/contact_three_quarter/017.png'
00:51.859  render           | Saved: '/Users/aaron_7nh0yzm/godwyn-boss-fight/renders/astra/r2/contact_three_quarter/018.png'
00:52.510  render           | Saved: '/Users/aaron_7nh0yzm/godwyn-boss-fight/renders/astra/r2/contact_three_quarter/019.png'
00:53.304  render           | Saved: '/Users/aaron_7nh0yzm/godwyn-boss-fight/renders/astra/r2/contact_three_quarter/020.png'
ASTRA RENDER COMPLETE /Users/aaron_7nh0yzm/godwyn-boss-fight/renders/astra/r2
Blender 5.2.1 LTS (hash 9e2066aef7ef built 2026-08-25 01:35:57)

Blender quit
