00:00.911  blend            | Read blend: "/Users/aaron_7nh0yzm/godwyn-boss-fight/models/astra_xslash_wip.blend"
00:02.737  render           | Saved: '/Users/aaron_7nh0yzm/godwyn-boss-fight/renders/astra/final/front_windup_f10.png'
00:03.523  render           | Saved: '/Users/aaron_7nh0yzm/godwyn-boss-fight/renders/astra/final/front_cut1_f17.png'
00:04.268  render           | Saved: '/Users/aaron_7nh0yzm/godwyn-boss-fight/renders/astra/final/front_cross_f18.png'
00:05.075  render           | Saved: '/Users/aaron_7nh0yzm/godwyn-boss-fight/renders/astra/final/front_windup2_f33.png'
00:06.070  render           | Saved: '/Users/aaron_7nh0yzm/godwyn-boss-fight/renders/astra/final/front_cut2_f40.png'
00:07.122  render           | Saved: '/Users/aaron_7nh0yzm/godwyn-boss-fight/renders/astra/final/front_cross2_f41.png'
00:07.971  render           | Saved: '/Users/aaron_7nh0yzm/godwyn-boss-fight/renders/astra/final/front_recovery_f61.png'
00:08.515  render           | Saved: '/Users/aaron_7nh0yzm/godwyn-boss-fight/renders/astra/final/contact_front/000.png'
00:09.054  render           | Saved: '/Users/aaron_7nh0yzm/godwyn-boss-fight/renders/astra/final/contact_front/001.png'
00:09.662  render           | Saved: '/Users/aaron_7nh0yzm/godwyn-boss-fight/renders/astra/final/contact_front/002.png'
00:10.222  render           | Saved: '/Users/aaron_7nh0yzm/godwyn-boss-fight/renders/astra/final/contact_front/003.png'
00:10.903  render           | Saved: '/Users/aaron_7nh0yzm/godwyn-boss-fight/renders/astra/final/contact_front/004.png'
00:11.420  render           | Saved: '/Users/aaron_7nh0yzm/godwyn-boss-fight/renders/astra/final/contact_front/005.png'
00:11.917  render           | Saved: '/Users/aaron_7nh0yzm/godwyn-boss-fight/renders/astra/final/contact_front/006.png'
00:12.420  render           | Saved: '/Users/aaron_7nh0yzm/godwyn-boss-fight/renders/astra/final/contact_front/007.png'
00:12.928  render           | Saved: '/Users/aaron_7nh0yzm/godwyn-boss-fight/renders/astra/final/contact_front/008.png'
00:13.482  render           | Saved: '/Users/aaron_7nh0yzm/godwyn-boss-fight/renders/astra/final/contact_front/009.png'
00:14.013  render           | Saved: '/Users/aaron_7nh0yzm/godwyn-boss-fight/renders/astra/final/contact_front/010.png'
00:14.513  render           | Saved: '/Users/aaron_7nh0yzm/godwyn-boss-fight/renders/astra/final/contact_front/011.png'
00:14.993  render           | Saved: '/Users/aaron_7nh0yzm/godwyn-boss-fight/renders/astra/final/contact_front/012.png'
00:15.471  render           | Saved: '/Users/aaron_7nh0yzm/godwyn-boss-fight/renders/astra/final/contact_front/013.png'
00:15.959  render           | Saved: '/Users/aaron_7nh0yzm/godwyn-boss-fight/renders/astra/final/contact_front/014.png'
00:16.452  render           | Saved: '/Users/aaron_7nh0yzm/godwyn-boss-fight/renders/astra/final/contact_front/015.png'
00:16.938  render           | Saved: '/Users/aaron_7nh0yzm/godwyn-boss-fight/renders/astra/final/contact_front/016.png'
00:17.442  render           | Saved: '/Users/aaron_7nh0yzm/godwyn-boss-fight/renders/astra/final/contact_front/017.png'
00:17.939  render           | Saved: '/Users/aaron_7nh0yzm/godwyn-boss-fight/renders/astra/final/contact_front/018.png'
00:18.457  render           | Saved: '/Users/aaron_7nh0yzm/godwyn-boss-fight/renders/astra/final/contact_front/019.png'
00:18.938  render           | Saved: '/Users/aaron_7nh0yzm/godwyn-boss-fight/renders/astra/final/contact_front/020.png'
00:19.818  render           | Saved: '/Users/aaron_7nh0yzm/godwyn-boss-fight/renders/astra/final/three_quarter_windup_f10.png'
00:20.705  render           | Saved: '/Users/aaron_7nh0yzm/godwyn-boss-fight/renders/astra/final/three_quarter_cut1_f17.png'
00:21.593  render           | Saved: '/Users/aaron_7nh0yzm/godwyn-boss-fight/renders/astra/final/three_quarter_cross_f18.png'
00:22.492  render           | Saved: '/Users/aaron_7nh0yzm/godwyn-boss-fight/renders/astra/final/three_quarter_windup2_f33.png'
00:23.379  render           | Saved: '/Users/aaron_7nh0yzm/godwyn-boss-fight/renders/astra/final/three_quarter_cut2_f40.png'
00:24.254  render           | Saved: '/Users/aaron_7nh0yzm/godwyn-boss-fight/renders/astra/final/three_quarter_cross2_f41.png'
00:25.247  render           | Saved: '/Users/aaron_7nh0yzm/godwyn-boss-fight/renders/astra/final/three_quarter_recovery_f61.png'
00:25.813  render           | Saved: '/Users/aaron_7nh0yzm/godwyn-boss-fight/renders/astra/final/contact_three_quarter/000.png'
00:26.398  render           | Saved: '/Users/aaron_7nh0yzm/godwyn-boss-fight/renders/astra/final/contact_three_quarter/001.png'
00:27.087  render           | Saved: '/Users/aaron_7nh0yzm/godwyn-boss-fight/renders/astra/final/contact_three_quarter/002.png'
00:27.692  render           | Saved: '/Users/aaron_7nh0yzm/godwyn-boss-fight/renders/astra/final/contact_three_quarter/003.png'
00:28.256  render           | Saved: '/Users/aaron_7nh0yzm/godwyn-boss-fight/renders/astra/final/contact_three_quarter/004.png'
00:28.831  render           | Saved: '/Users/aaron_7nh0yzm/godwyn-boss-fight/renders/astra/final/contact_three_quarter/005.png'
00:29.441  render           | Saved: '/Users/aaron_7nh0yzm/godwyn-boss-fight/renders/astra/final/contact_three_quarter/006.png'
00:30.015  render           | Saved: '/Users/aaron_7nh0yzm/godwyn-boss-fight/renders/astra/final/contact_three_quarter/007.png'
00:30.573  render           | Saved: '/Users/aaron_7nh0yzm/godwyn-boss-fight/renders/astra/final/contact_three_quarter/008.png'
00:31.124  render           | Saved: '/Users/aaron_7nh0yzm/godwyn-boss-fight/renders/astra/final/contact_three_quarter/009.png'
00:31.696  render           | Saved: '/Users/aaron_7nh0yzm/godwyn-boss-fight/renders/astra/final/contact_three_quarter/010.png'
00:32.286  render           | Saved: '/Users/aaron_7nh0yzm/godwyn-boss-fight/renders/astra/final/contact_three_quarter/011.png'
00:33.052  render           | Saved: '/Users/aaron_7nh0yzm/godwyn-boss-fight/renders/astra/final/contact_three_quarter/012.png'
00:33.644  render           | Saved: '/Users/aaron_7nh0yzm/godwyn-boss-fight/renders/astra/final/contact_three_quarter/013.png'
00:34.243  render           | Saved: '/Users/aaron_7nh0yzm/godwyn-boss-fight/renders/astra/final/contact_three_quarter/014.png'
00:34.918  render           | Saved: '/Users/aaron_7nh0yzm/godwyn-boss-fight/renders/astra/final/contact_three_quarter/015.png'
00:35.560  render           | Saved: '/Users/aaron_7nh0yzm/godwyn-boss-fight/renders/astra/final/contact_three_quarter/016.png'
00:36.170  render           | Saved: '/Users/aaron_7nh0yzm/godwyn-boss-fight/renders/astra/final/contact_three_quarter/017.png'
00:36.774  render           | Saved: '/Users/aaron_7nh0yzm/godwyn-boss-fight/renders/astra/final/contact_three_quarter/018.png'
00:37.434  render           | Saved: '/Users/aaron_7nh0yzm/godwyn-boss-fight/renders/astra/final/contact_three_quarter/019.png'
00:38.184  render           | Saved: '/Users/aaron_7nh0yzm/godwyn-boss-fight/renders/astra/final/contact_three_quarter/020.png'
/Users/aaron_7nh0yzm/godwyn-boss-fight/scripts/astra_xslash_render.py:39: DeprecationWarning: 'Material.use_nodes' is expected to be removed in Blender 6.0
  mat=bpy.data.materials.new('Astra path diagnostic');mat.diffuse_color=color;mat.use_nodes=True
00:39.118  render           | Saved: '/Users/aaron_7nh0yzm/godwyn-boss-fight/renders/astra/final/measured_X_paths_front.png'
00:40.083  render           | Saved: '/Users/aaron_7nh0yzm/godwyn-boss-fight/renders/astra/final/measured_X_paths_three_quarter.png'
00:40.864  render           | Saved: '/Users/aaron_7nh0yzm/godwyn-boss-fight/renders/astra/final/video_frames/001.png'
00:41.641  render           | Saved: '/Users/aaron_7nh0yzm/godwyn-boss-fight/renders/astra/final/video_frames/002.png'
00:42.440  render           | Saved: '/Users/aaron_7nh0yzm/godwyn-boss-fight/renders/astra/final/video_frames/003.png'
00:43.226  render           | Saved: '/Users/aaron_7nh0yzm/godwyn-boss-fight/renders/astra/final/video_frames/004.png'
00:43.990  render           | Saved: '/Users/aaron_7nh0yzm/godwyn-boss-fight/renders/astra/final/video_frames/005.png'
00:44.777  render           | Saved: '/Users/aaron_7nh0yzm/godwyn-boss-fight/renders/astra/final/video_frames/006.png'
00:45.548  render           | Saved: '/Users/aaron_7nh0yzm/godwyn-boss-fight/renders/astra/final/video_frames/007.png'
00:46.318  render           | Saved: '/Users/aaron_7nh0yzm/godwyn-boss-fight/renders/astra/final/video_frames/008.png'
00:47.164  render           | Saved: '/Users/aaron_7nh0yzm/godwyn-boss-fight/renders/astra/final/video_frames/009.png'
00:48.054  render           | Saved: '/Users/aaron_7nh0yzm/godwyn-boss-fight/renders/astra/final/video_frames/010.png'
00:48.878  render           | Saved: '/Users/aaron_7nh0yzm/godwyn-boss-fight/renders/astra/final/video_frames/011.png'
00:49.692  render           | Saved: '/Users/aaron_7nh0yzm/godwyn-boss-fight/renders/astra/final/video_frames/012.png'
00:50.519  render           | Saved: '/Users/aaron_7nh0yzm/godwyn-boss-fight/renders/astra/final/video_frames/013.png'
00:51.343  render           | Saved: '/Users/aaron_7nh0yzm/godwyn-boss-fight/renders/astra/final/video_frames/014.png'
00:52.274  render           | Saved: '/Users/aaron_7nh0yzm/godwyn-boss-fight/renders/astra/final/video_frames/015.png'
00:53.185  render           | Saved: '/Users/aaron_7nh0yzm/godwyn-boss-fight/renders/astra/final/video_frames/016.png'
00:53.970  render           | Saved: '/Users/aaron_7nh0yzm/godwyn-boss-fight/renders/astra/final/video_frames/017.png'
00:54.749  render           | Saved: '/Users/aaron_7nh0yzm/godwyn-boss-fight/renders/astra/final/video_frames/018.png'
00:55.545  render           | Saved: '/Users/aaron_7nh0yzm/godwyn-boss-fight/renders/astra/final/video_frames/019.png'
00:56.335  render           | Saved: '/Users/aaron_7nh0yzm/godwyn-boss-fight/renders/astra/final/video_frames/020.png'
00:57.110  render           | Saved: '/Users/aaron_7nh0yzm/godwyn-boss-fight/renders/astra/final/video_frames/021.png'
00:58.021  render           | Saved: '/Users/aaron_7nh0yzm/godwyn-boss-fight/renders/astra/final/video_frames/022.png'
00:58.860  render           | Saved: '/Users/aaron_7nh0yzm/godwyn-boss-fight/renders/astra/final/video_frames/023.png'
00:59.646  render           | Saved: '/Users/aaron_7nh0yzm/godwyn-boss-fight/renders/astra/final/video_frames/024.png'
01:00.443  render           | Saved: '/Users/aaron_7nh0yzm/godwyn-boss-fight/renders/astra/final/video_frames/025.png'
01:01.244  render           | Saved: '/Users/aaron_7nh0yzm/godwyn-boss-fight/renders/astra/final/video_frames/026.png'
01:01.985  render           | Saved: '/Users/aaron_7nh0yzm/godwyn-boss-fight/renders/astra/final/video_frames/027.png'
01:02.772  render           | Saved: '/Users/aaron_7nh0yzm/godwyn-boss-fight/renders/astra/final/video_frames/028.png'
01:03.541  render           | Saved: '/Users/aaron_7nh0yzm/godwyn-boss-fight/renders/astra/final/video_frames/029.png'
01:04.323  render           | Saved: '/Users/aaron_7nh0yzm/godwyn-boss-fight/renders/astra/final/video_frames/030.png'
01:05.120  render           | Saved: '/Users/aaron_7nh0yzm/godwyn-boss-fight/renders/astra/final/video_frames/031.png'
01:05.912  render           | Saved: '/Users/aaron_7nh0yzm/godwyn-boss-fight/renders/astra/final/video_frames/032.png'
01:06.687  render           | Saved: '/Users/aaron_7nh0yzm/godwyn-boss-fight/renders/astra/final/video_frames/033.png'
01:07.489  render           | Saved: '/Users/aaron_7nh0yzm/godwyn-boss-fight/renders/astra/final/video_frames/034.png'
01:08.267  render           | Saved: '/Users/aaron_7nh0yzm/godwyn-boss-fight/renders/astra/final/video_frames/035.png'
01:09.099  render           | Saved: '/Users/aaron_7nh0yzm/godwyn-boss-fight/renders/astra/final/video_frames/036.png'
01:09.866  render           | Saved: '/Users/aaron_7nh0yzm/godwyn-boss-fight/renders/astra/final/video_frames/037.png'
01:10.690  render           | Saved: '/Users/aaron_7nh0yzm/godwyn-boss-fight/renders/astra/final/video_frames/038.png'
01:11.455  render           | Saved: '/Users/aaron_7nh0yzm/godwyn-boss-fight/renders/astra/final/video_frames/039.png'
01:12.211  render           | Saved: '/Users/aaron_7nh0yzm/godwyn-boss-fight/renders/astra/final/video_frames/040.png'
01:13.000  render           | Saved: '/Users/aaron_7nh0yzm/godwyn-boss-fight/renders/astra/final/video_frames/041.png'
01:13.928  render           | Saved: '/Users/aaron_7nh0yzm/godwyn-boss-fight/renders/astra/final/video_frames/042.png'
01:14.752  render           | Saved: '/Users/aaron_7nh0yzm/godwyn-boss-fight/renders/astra/final/video_frames/043.png'
01:15.533  render           | Saved: '/Users/aaron_7nh0yzm/godwyn-boss-fight/renders/astra/final/video_frames/044.png'
01:16.317  render           | Saved: '/Users/aaron_7nh0yzm/godwyn-boss-fight/renders/astra/final/video_frames/045.png'
01:17.096  render           | Saved: '/Users/aaron_7nh0yzm/godwyn-boss-fight/renders/astra/final/video_frames/046.png'
01:17.981  render           | Saved: '/Users/aaron_7nh0yzm/godwyn-boss-fight/renders/astra/final/video_frames/047.png'
01:18.864  render           | Saved: '/Users/aaron_7nh0yzm/godwyn-boss-fight/renders/astra/final/video_frames/048.png'
01:19.667  render           | Saved: '/Users/aaron_7nh0yzm/godwyn-boss-fight/renders/astra/final/video_frames/049.png'
01:20.462  render           | Saved: '/Users/aaron_7nh0yzm/godwyn-boss-fight/renders/astra/final/video_frames/050.png'
01:21.260  render           | Saved: '/Users/aaron_7nh0yzm/godwyn-boss-fight/renders/astra/final/video_frames/051.png'
01:22.058  render           | Saved: '/Users/aaron_7nh0yzm/godwyn-boss-fight/renders/astra/final/video_frames/052.png'
01:22.890  render           | Saved: '/Users/aaron_7nh0yzm/godwyn-boss-fight/renders/astra/final/video_frames/053.png'
01:23.692  render           | Saved: '/Users/aaron_7nh0yzm/godwyn-boss-fight/renders/astra/final/video_frames/054.png'
01:24.473  render           | Saved: '/Users/aaron_7nh0yzm/godwyn-boss-fight/renders/astra/final/video_frames/055.png'
01:25.248  render           | Saved: '/Users/aaron_7nh0yzm/godwyn-boss-fight/renders/astra/final/video_frames/056.png'
01:26.088  render           | Saved: '/Users/aaron_7nh0yzm/godwyn-boss-fight/renders/astra/final/video_frames/057.png'
01:26.890  render           | Saved: '/Users/aaron_7nh0yzm/godwyn-boss-fight/renders/astra/final/video_frames/058.png'
01:27.684  render           | Saved: '/Users/aaron_7nh0yzm/godwyn-boss-fight/renders/astra/final/video_frames/059.png'
01:28.534  render           | Saved: '/Users/aaron_7nh0yzm/godwyn-boss-fight/renders/astra/final/video_frames/060.png'
01:29.298  render           | Saved: '/Users/aaron_7nh0yzm/godwyn-boss-fight/renders/astra/final/video_frames/061.png'
ASTRA RENDER COMPLETE /Users/aaron_7nh0yzm/godwyn-boss-fight/renders/astra/final
Blender 5.2.1 LTS (hash 9e2066aef7ef built 2026-08-25 01:35:57)

Blender quit
