00:00.902  blend            | Read blend: "/Users/aaron_7nh0yzm/godwyn-boss-fight/models/astra_xslash_wip.blend"
00:03.604  render           | Saved: '/Users/aaron_7nh0yzm/godwyn-boss-fight/renders/astra/r3/front_windup_f10.png'
00:04.572  render           | Saved: '/Users/aaron_7nh0yzm/godwyn-boss-fight/renders/astra/r3/front_cut1_f17.png'
00:05.509  render           | Saved: '/Users/aaron_7nh0yzm/godwyn-boss-fight/renders/astra/r3/front_cross_f18.png'
00:06.452  render           | Saved: '/Users/aaron_7nh0yzm/godwyn-boss-fight/renders/astra/r3/front_windup2_f33.png'
00:07.370  render           | Saved: '/Users/aaron_7nh0yzm/godwyn-boss-fight/renders/astra/r3/front_cut2_f40.png'
00:08.310  render           | Saved: '/Users/aaron_7nh0yzm/godwyn-boss-fight/renders/astra/r3/front_cross2_f41.png'
00:09.218  render           | Saved: '/Users/aaron_7nh0yzm/godwyn-boss-fight/renders/astra/r3/front_recovery_f61.png'
00:09.800  render           | Saved: '/Users/aaron_7nh0yzm/godwyn-boss-fight/renders/astra/r3/contact_front/000.png'
00:10.402  render           | Saved: '/Users/aaron_7nh0yzm/godwyn-boss-fight/renders/astra/r3/contact_front/001.png'
00:11.002  render           | Saved: '/Users/aaron_7nh0yzm/godwyn-boss-fight/renders/astra/r3/contact_front/002.png'
00:11.585  render           | Saved: '/Users/aaron_7nh0yzm/godwyn-boss-fight/renders/astra/r3/contact_front/003.png'
00:12.162  render           | Saved: '/Users/aaron_7nh0yzm/godwyn-boss-fight/renders/astra/r3/contact_front/004.png'
00:12.727  render           | Saved: '/Users/aaron_7nh0yzm/godwyn-boss-fight/renders/astra/r3/contact_front/005.png'
00:13.292  render           | Saved: '/Users/aaron_7nh0yzm/godwyn-boss-fight/renders/astra/r3/contact_front/006.png'
00:13.848  render           | Saved: '/Users/aaron_7nh0yzm/godwyn-boss-fight/renders/astra/r3/contact_front/007.png'
00:14.438  render           | Saved: '/Users/aaron_7nh0yzm/godwyn-boss-fight/renders/astra/r3/contact_front/008.png'
00:15.041  render           | Saved: '/Users/aaron_7nh0yzm/godwyn-boss-fight/renders/astra/r3/contact_front/009.png'
00:15.720  render           | Saved: '/Users/aaron_7nh0yzm/godwyn-boss-fight/renders/astra/r3/contact_front/010.png'
00:16.370  render           | Saved: '/Users/aaron_7nh0yzm/godwyn-boss-fight/renders/astra/r3/contact_front/011.png'
00:17.029  render           | Saved: '/Users/aaron_7nh0yzm/godwyn-boss-fight/renders/astra/r3/contact_front/012.png'
00:17.599  render           | Saved: '/Users/aaron_7nh0yzm/godwyn-boss-fight/renders/astra/r3/contact_front/013.png'
00:18.199  render           | Saved: '/Users/aaron_7nh0yzm/godwyn-boss-fight/renders/astra/r3/contact_front/014.png'
00:18.902  render           | Saved: '/Users/aaron_7nh0yzm/godwyn-boss-fight/renders/astra/r3/contact_front/015.png'
00:19.558  render           | Saved: '/Users/aaron_7nh0yzm/godwyn-boss-fight/renders/astra/r3/contact_front/016.png'
00:20.195  render           | Saved: '/Users/aaron_7nh0yzm/godwyn-boss-fight/renders/astra/r3/contact_front/017.png'
00:20.929  render           | Saved: '/Users/aaron_7nh0yzm/godwyn-boss-fight/renders/astra/r3/contact_front/018.png'
00:21.631  render           | Saved: '/Users/aaron_7nh0yzm/godwyn-boss-fight/renders/astra/r3/contact_front/019.png'
00:22.211  render           | Saved: '/Users/aaron_7nh0yzm/godwyn-boss-fight/renders/astra/r3/contact_front/020.png'
00:23.117  render           | Saved: '/Users/aaron_7nh0yzm/godwyn-boss-fight/renders/astra/r3/three_quarter_windup_f10.png'
00:24.053  render           | Saved: '/Users/aaron_7nh0yzm/godwyn-boss-fight/renders/astra/r3/three_quarter_cut1_f17.png'
00:24.944  render           | Saved: '/Users/aaron_7nh0yzm/godwyn-boss-fight/renders/astra/r3/three_quarter_cross_f18.png'
00:25.844  render           | Saved: '/Users/aaron_7nh0yzm/godwyn-boss-fight/renders/astra/r3/three_quarter_windup2_f33.png'
00:26.737  render           | Saved: '/Users/aaron_7nh0yzm/godwyn-boss-fight/renders/astra/r3/three_quarter_cut2_f40.png'
00:27.652  render           | Saved: '/Users/aaron_7nh0yzm/godwyn-boss-fight/renders/astra/r3/three_quarter_cross2_f41.png'
00:28.566  render           | Saved: '/Users/aaron_7nh0yzm/godwyn-boss-fight/renders/astra/r3/three_quarter_recovery_f61.png'
00:29.126  render           | Saved: '/Users/aaron_7nh0yzm/godwyn-boss-fight/renders/astra/r3/contact_three_quarter/000.png'
00:29.678  render           | Saved: '/Users/aaron_7nh0yzm/godwyn-boss-fight/renders/astra/r3/contact_three_quarter/001.png'
00:30.260  render           | Saved: '/Users/aaron_7nh0yzm/godwyn-boss-fight/renders/astra/r3/contact_three_quarter/002.png'
00:30.828  render           | Saved: '/Users/aaron_7nh0yzm/godwyn-boss-fight/renders/astra/r3/contact_three_quarter/003.png'
00:31.395  render           | Saved: '/Users/aaron_7nh0yzm/godwyn-boss-fight/renders/astra/r3/contact_three_quarter/004.png'
00:31.949  render           | Saved: '/Users/aaron_7nh0yzm/godwyn-boss-fight/renders/astra/r3/contact_three_quarter/005.png'
00:32.540  render           | Saved: '/Users/aaron_7nh0yzm/godwyn-boss-fight/renders/astra/r3/contact_three_quarter/006.png'
00:33.189  render           | Saved: '/Users/aaron_7nh0yzm/godwyn-boss-fight/renders/astra/r3/contact_three_quarter/007.png'
00:33.758  render           | Saved: '/Users/aaron_7nh0yzm/godwyn-boss-fight/renders/astra/r3/contact_three_quarter/008.png'
00:34.338  render           | Saved: '/Users/aaron_7nh0yzm/godwyn-boss-fight/renders/astra/r3/contact_three_quarter/009.png'
00:34.895  render           | Saved: '/Users/aaron_7nh0yzm/godwyn-boss-fight/renders/astra/r3/contact_three_quarter/010.png'
00:35.473  render           | Saved: '/Users/aaron_7nh0yzm/godwyn-boss-fight/renders/astra/r3/contact_three_quarter/011.png'
00:36.051  render           | Saved: '/Users/aaron_7nh0yzm/godwyn-boss-fight/renders/astra/r3/contact_three_quarter/012.png'
00:36.628  render           | Saved: '/Users/aaron_7nh0yzm/godwyn-boss-fight/renders/astra/r3/contact_three_quarter/013.png'
00:37.197  render           | Saved: '/Users/aaron_7nh0yzm/godwyn-boss-fight/renders/astra/r3/contact_three_quarter/014.png'
00:37.755  render           | Saved: '/Users/aaron_7nh0yzm/godwyn-boss-fight/renders/astra/r3/contact_three_quarter/015.png'
00:38.325  render           | Saved: '/Users/aaron_7nh0yzm/godwyn-boss-fight/renders/astra/r3/contact_three_quarter/016.png'
00:38.880  render           | Saved: '/Users/aaron_7nh0yzm/godwyn-boss-fight/renders/astra/r3/contact_three_quarter/017.png'
00:39.457  render           | Saved: '/Users/aaron_7nh0yzm/godwyn-boss-fight/renders/astra/r3/contact_three_quarter/018.png'
00:40.005  render           | Saved: '/Users/aaron_7nh0yzm/godwyn-boss-fight/renders/astra/r3/contact_three_quarter/019.png'
00:40.558  render           | Saved: '/Users/aaron_7nh0yzm/godwyn-boss-fight/renders/astra/r3/contact_three_quarter/020.png'
ASTRA RENDER COMPLETE /Users/aaron_7nh0yzm/godwyn-boss-fight/renders/astra/r3
Blender 5.2.1 LTS (hash 9e2066aef7ef built 2026-08-25 01:35:57)

Blender quit
