00:00.689  blend            | Read blend: "/Users/aaron_7nh0yzm/godwyn-boss-fight/models/astra_xslash_v2_on_char_wip.blend"
00:03.462  render           | Saved: '/Users/aaron_7nh0yzm/godwyn-boss-fight/renders/astra/v2_on_char/front_pose_f27.png'
00:04.208  render           | Saved: '/Users/aaron_7nh0yzm/godwyn-boss-fight/renders/astra/v2_on_char/front_pose_f36.png'
00:04.961  render           | Saved: '/Users/aaron_7nh0yzm/godwyn-boss-fight/renders/astra/v2_on_char/front_pose_f40.png'
00:05.615  render           | Saved: '/Users/aaron_7nh0yzm/godwyn-boss-fight/renders/astra/v2_on_char/front_pose_f46.png'
00:06.244  render           | Saved: '/Users/aaron_7nh0yzm/godwyn-boss-fight/renders/astra/v2_on_char/front_pose_f53.png'
00:06.990  render           | Saved: '/Users/aaron_7nh0yzm/godwyn-boss-fight/renders/astra/v2_on_char/front_pose_f57.png'
00:07.625  render           | Saved: '/Users/aaron_7nh0yzm/godwyn-boss-fight/renders/astra/v2_on_char/front_pose_f64.png'
00:08.310  render           | Saved: '/Users/aaron_7nh0yzm/godwyn-boss-fight/renders/astra/v2_on_char/front_pose_f90.png'
00:08.778  render           | Saved: '/Users/aaron_7nh0yzm/godwyn-boss-fight/renders/astra/v2_on_char/contact_front/001.png'
00:09.462  render           | Saved: '/Users/aaron_7nh0yzm/godwyn-boss-fight/renders/astra/v2_on_char/contact_front/013.png'
00:10.007  render           | Saved: '/Users/aaron_7nh0yzm/godwyn-boss-fight/renders/astra/v2_on_char/contact_front/025.png'
00:10.494  render           | Saved: '/Users/aaron_7nh0yzm/godwyn-boss-fight/renders/astra/v2_on_char/contact_front/031.png'
00:11.058  render           | Saved: '/Users/aaron_7nh0yzm/godwyn-boss-fight/renders/astra/v2_on_char/contact_front/033.png'
00:11.665  render           | Saved: '/Users/aaron_7nh0yzm/godwyn-boss-fight/renders/astra/v2_on_char/contact_front/035.png'
00:12.225  render           | Saved: '/Users/aaron_7nh0yzm/godwyn-boss-fight/renders/astra/v2_on_char/contact_front/036.png'
00:12.690  render           | Saved: '/Users/aaron_7nh0yzm/godwyn-boss-fight/renders/astra/v2_on_char/contact_front/037.png'
00:13.255  render           | Saved: '/Users/aaron_7nh0yzm/godwyn-boss-fight/renders/astra/v2_on_char/contact_front/039.png'
00:13.891  render           | Saved: '/Users/aaron_7nh0yzm/godwyn-boss-fight/renders/astra/v2_on_char/contact_front/040.png'
00:14.656  render           | Saved: '/Users/aaron_7nh0yzm/godwyn-boss-fight/renders/astra/v2_on_char/contact_front/041.png'
00:15.371  render           | Saved: '/Users/aaron_7nh0yzm/godwyn-boss-fight/renders/astra/v2_on_char/contact_front/043.png'
00:15.886  render           | Saved: '/Users/aaron_7nh0yzm/godwyn-boss-fight/renders/astra/v2_on_char/contact_front/045.png'
00:16.516  render           | Saved: '/Users/aaron_7nh0yzm/godwyn-boss-fight/renders/astra/v2_on_char/contact_front/046.png'
00:17.148  render           | Saved: '/Users/aaron_7nh0yzm/godwyn-boss-fight/renders/astra/v2_on_char/contact_front/048.png'
00:17.768  render           | Saved: '/Users/aaron_7nh0yzm/godwyn-boss-fight/renders/astra/v2_on_char/contact_front/050.png'
00:18.588  render           | Saved: '/Users/aaron_7nh0yzm/godwyn-boss-fight/renders/astra/v2_on_char/contact_front/052.png'
00:19.770  render           | Saved: '/Users/aaron_7nh0yzm/godwyn-boss-fight/renders/astra/v2_on_char/contact_front/054.png'
00:20.629  render           | Saved: '/Users/aaron_7nh0yzm/godwyn-boss-fight/renders/astra/v2_on_char/contact_front/056.png'
00:21.302  render           | Saved: '/Users/aaron_7nh0yzm/godwyn-boss-fight/renders/astra/v2_on_char/contact_front/057.png'
00:21.998  render           | Saved: '/Users/aaron_7nh0yzm/godwyn-boss-fight/renders/astra/v2_on_char/contact_front/058.png'
00:22.724  render           | Saved: '/Users/aaron_7nh0yzm/godwyn-boss-fight/renders/astra/v2_on_char/contact_front/060.png'
00:23.664  render           | Saved: '/Users/aaron_7nh0yzm/godwyn-boss-fight/renders/astra/v2_on_char/contact_front/064.png'
00:24.580  render           | Saved: '/Users/aaron_7nh0yzm/godwyn-boss-fight/renders/astra/v2_on_char/contact_front/070.png'
00:25.304  render           | Saved: '/Users/aaron_7nh0yzm/godwyn-boss-fight/renders/astra/v2_on_char/contact_front/080.png'
00:25.853  render           | Saved: '/Users/aaron_7nh0yzm/godwyn-boss-fight/renders/astra/v2_on_char/contact_front/090.png'
00:26.720  render           | Saved: '/Users/aaron_7nh0yzm/godwyn-boss-fight/renders/astra/v2_on_char/three_quarter_pose_f27.png'
00:27.553  render           | Saved: '/Users/aaron_7nh0yzm/godwyn-boss-fight/renders/astra/v2_on_char/three_quarter_pose_f36.png'
00:28.785  render           | Saved: '/Users/aaron_7nh0yzm/godwyn-boss-fight/renders/astra/v2_on_char/three_quarter_pose_f40.png'
00:29.859  render           | Saved: '/Users/aaron_7nh0yzm/godwyn-boss-fight/renders/astra/v2_on_char/three_quarter_pose_f46.png'
00:31.296  render           | Saved: '/Users/aaron_7nh0yzm/godwyn-boss-fight/renders/astra/v2_on_char/three_quarter_pose_f53.png'
00:32.756  render           | Saved: '/Users/aaron_7nh0yzm/godwyn-boss-fight/renders/astra/v2_on_char/three_quarter_pose_f57.png'
00:33.909  render           | Saved: '/Users/aaron_7nh0yzm/godwyn-boss-fight/renders/astra/v2_on_char/three_quarter_pose_f64.png'
00:34.584  render           | Saved: '/Users/aaron_7nh0yzm/godwyn-boss-fight/renders/astra/v2_on_char/three_quarter_pose_f90.png'
00:35.015  render           | Saved: '/Users/aaron_7nh0yzm/godwyn-boss-fight/renders/astra/v2_on_char/contact_three_quarter/001.png'
00:35.486  render           | Saved: '/Users/aaron_7nh0yzm/godwyn-boss-fight/renders/astra/v2_on_char/contact_three_quarter/013.png'
00:36.121  render           | Saved: '/Users/aaron_7nh0yzm/godwyn-boss-fight/renders/astra/v2_on_char/contact_three_quarter/025.png'
00:36.919  render           | Saved: '/Users/aaron_7nh0yzm/godwyn-boss-fight/renders/astra/v2_on_char/contact_three_quarter/031.png'
00:37.778  render           | Saved: '/Users/aaron_7nh0yzm/godwyn-boss-fight/renders/astra/v2_on_char/contact_three_quarter/033.png'
00:38.431  render           | Saved: '/Users/aaron_7nh0yzm/godwyn-boss-fight/renders/astra/v2_on_char/contact_three_quarter/035.png'
00:39.147  render           | Saved: '/Users/aaron_7nh0yzm/godwyn-boss-fight/renders/astra/v2_on_char/contact_three_quarter/036.png'
00:39.846  render           | Saved: '/Users/aaron_7nh0yzm/godwyn-boss-fight/renders/astra/v2_on_char/contact_three_quarter/037.png'
00:40.790  render           | Saved: '/Users/aaron_7nh0yzm/godwyn-boss-fight/renders/astra/v2_on_char/contact_three_quarter/039.png'
00:41.789  render           | Saved: '/Users/aaron_7nh0yzm/godwyn-boss-fight/renders/astra/v2_on_char/contact_three_quarter/040.png'
00:42.872  render           | Saved: '/Users/aaron_7nh0yzm/godwyn-boss-fight/renders/astra/v2_on_char/contact_three_quarter/041.png'
00:43.795  render           | Saved: '/Users/aaron_7nh0yzm/godwyn-boss-fight/renders/astra/v2_on_char/contact_three_quarter/043.png'
00:44.282  render           | Saved: '/Users/aaron_7nh0yzm/godwyn-boss-fight/renders/astra/v2_on_char/contact_three_quarter/045.png'
00:44.756  render           | Saved: '/Users/aaron_7nh0yzm/godwyn-boss-fight/renders/astra/v2_on_char/contact_three_quarter/046.png'
00:45.190  render           | Saved: '/Users/aaron_7nh0yzm/godwyn-boss-fight/renders/astra/v2_on_char/contact_three_quarter/048.png'
00:45.724  render           | Saved: '/Users/aaron_7nh0yzm/godwyn-boss-fight/renders/astra/v2_on_char/contact_three_quarter/050.png'
00:46.401  render           | Saved: '/Users/aaron_7nh0yzm/godwyn-boss-fight/renders/astra/v2_on_char/contact_three_quarter/052.png'
00:47.179  render           | Saved: '/Users/aaron_7nh0yzm/godwyn-boss-fight/renders/astra/v2_on_char/contact_three_quarter/054.png'
00:48.046  render           | Saved: '/Users/aaron_7nh0yzm/godwyn-boss-fight/renders/astra/v2_on_char/contact_three_quarter/056.png'
00:49.258  render           | Saved: '/Users/aaron_7nh0yzm/godwyn-boss-fight/renders/astra/v2_on_char/contact_three_quarter/057.png'
00:50.401  render           | Saved: '/Users/aaron_7nh0yzm/godwyn-boss-fight/renders/astra/v2_on_char/contact_three_quarter/058.png'
00:51.381  render           | Saved: '/Users/aaron_7nh0yzm/godwyn-boss-fight/renders/astra/v2_on_char/contact_three_quarter/060.png'
00:52.240  render           | Saved: '/Users/aaron_7nh0yzm/godwyn-boss-fight/renders/astra/v2_on_char/contact_three_quarter/064.png'
00:53.047  render           | Saved: '/Users/aaron_7nh0yzm/godwyn-boss-fight/renders/astra/v2_on_char/contact_three_quarter/070.png'
00:53.799  render           | Saved: '/Users/aaron_7nh0yzm/godwyn-boss-fight/renders/astra/v2_on_char/contact_three_quarter/080.png'
00:54.634  render           | Saved: '/Users/aaron_7nh0yzm/godwyn-boss-fight/renders/astra/v2_on_char/contact_three_quarter/090.png'
/Users/aaron_7nh0yzm/godwyn-boss-fight/scripts/astra_xslash_v2_on_char_render.py:45: DeprecationWarning: 'Material.use_nodes' is expected to be removed in Blender 6.0
  mat=bpy.data.materials.new('Astra V2 diagnostic');mat.diffuse_color=color;mat.use_nodes=True
00:57.364  render           | Saved: '/Users/aaron_7nh0yzm/godwyn-boss-fight/renders/astra/v2_on_char/curved_paths_front.png'
00:58.752  render           | Saved: '/Users/aaron_7nh0yzm/godwyn-boss-fight/renders/astra/v2_on_char/curved_paths_three_quarter.png'
01:01.088  render           | Saved: '/Users/aaron_7nh0yzm/godwyn-boss-fight/renders/astra/v2_on_char/video_frames/001.png'
01:02.673  render           | Saved: '/Users/aaron_7nh0yzm/godwyn-boss-fight/renders/astra/v2_on_char/video_frames/002.png'
01:06.258  render           | Saved: '/Users/aaron_7nh0yzm/godwyn-boss-fight/renders/astra/v2_on_char/video_frames/003.png'
01:08.974  render           | Saved: '/Users/aaron_7nh0yzm/godwyn-boss-fight/renders/astra/v2_on_char/video_frames/004.png'
01:11.051  render           | Saved: '/Users/aaron_7nh0yzm/godwyn-boss-fight/renders/astra/v2_on_char/video_frames/005.png'
01:12.153  render           | Saved: '/Users/aaron_7nh0yzm/godwyn-boss-fight/renders/astra/v2_on_char/video_frames/006.png'
01:13.198  render           | Saved: '/Users/aaron_7nh0yzm/godwyn-boss-fight/renders/astra/v2_on_char/video_frames/007.png'
01:14.458  render           | Saved: '/Users/aaron_7nh0yzm/godwyn-boss-fight/renders/astra/v2_on_char/video_frames/008.png'
01:15.870  render           | Saved: '/Users/aaron_7nh0yzm/godwyn-boss-fight/renders/astra/v2_on_char/video_frames/009.png'
01:17.188  render           | Saved: '/Users/aaron_7nh0yzm/godwyn-boss-fight/renders/astra/v2_on_char/video_frames/010.png'
01:18.666  render           | Saved: '/Users/aaron_7nh0yzm/godwyn-boss-fight/renders/astra/v2_on_char/video_frames/011.png'
01:20.330  render           | Saved: '/Users/aaron_7nh0yzm/godwyn-boss-fight/renders/astra/v2_on_char/video_frames/012.png'
01:21.976  render           | Saved: '/Users/aaron_7nh0yzm/godwyn-boss-fight/renders/astra/v2_on_char/video_frames/013.png'
01:23.145  render           | Saved: '/Users/aaron_7nh0yzm/godwyn-boss-fight/renders/astra/v2_on_char/video_frames/014.png'
01:24.215  render           | Saved: '/Users/aaron_7nh0yzm/godwyn-boss-fight/renders/astra/v2_on_char/video_frames/015.png'
01:25.652  render           | Saved: '/Users/aaron_7nh0yzm/godwyn-boss-fight/renders/astra/v2_on_char/video_frames/016.png'
01:27.189  render           | Saved: '/Users/aaron_7nh0yzm/godwyn-boss-fight/renders/astra/v2_on_char/video_frames/017.png'
01:28.544  render           | Saved: '/Users/aaron_7nh0yzm/godwyn-boss-fight/renders/astra/v2_on_char/video_frames/018.png'
01:30.208  render           | Saved: '/Users/aaron_7nh0yzm/godwyn-boss-fight/renders/astra/v2_on_char/video_frames/019.png'
01:32.020  render           | Saved: '/Users/aaron_7nh0yzm/godwyn-boss-fight/renders/astra/v2_on_char/video_frames/020.png'
01:33.819  render           | Saved: '/Users/aaron_7nh0yzm/godwyn-boss-fight/renders/astra/v2_on_char/video_frames/021.png'
01:35.160  render           | Saved: '/Users/aaron_7nh0yzm/godwyn-boss-fight/renders/astra/v2_on_char/video_frames/022.png'
01:36.479  render           | Saved: '/Users/aaron_7nh0yzm/godwyn-boss-fight/renders/astra/v2_on_char/video_frames/023.png'
01:37.963  render           | Saved: '/Users/aaron_7nh0yzm/godwyn-boss-fight/renders/astra/v2_on_char/video_frames/024.png'
01:39.382  render           | Saved: '/Users/aaron_7nh0yzm/godwyn-boss-fight/renders/astra/v2_on_char/video_frames/025.png'
01:40.713  render           | Saved: '/Users/aaron_7nh0yzm/godwyn-boss-fight/renders/astra/v2_on_char/video_frames/026.png'
01:42.005  render           | Saved: '/Users/aaron_7nh0yzm/godwyn-boss-fight/renders/astra/v2_on_char/video_frames/027.png'
01:43.468  render           | Saved: '/Users/aaron_7nh0yzm/godwyn-boss-fight/renders/astra/v2_on_char/video_frames/028.png'
01:45.075  render           | Saved: '/Users/aaron_7nh0yzm/godwyn-boss-fight/renders/astra/v2_on_char/video_frames/029.png'
01:46.714  render           | Saved: '/Users/aaron_7nh0yzm/godwyn-boss-fight/renders/astra/v2_on_char/video_frames/030.png'
01:48.243  render           | Saved: '/Users/aaron_7nh0yzm/godwyn-boss-fight/renders/astra/v2_on_char/video_frames/031.png'
01:52.267  render           | Saved: '/Users/aaron_7nh0yzm/godwyn-boss-fight/renders/astra/v2_on_char/video_frames/032.png'
01:55.865  render           | Saved: '/Users/aaron_7nh0yzm/godwyn-boss-fight/renders/astra/v2_on_char/video_frames/033.png'
01:57.352  render           | Saved: '/Users/aaron_7nh0yzm/godwyn-boss-fight/renders/astra/v2_on_char/video_frames/034.png'
01:58.815  render           | Saved: '/Users/aaron_7nh0yzm/godwyn-boss-fight/renders/astra/v2_on_char/video_frames/035.png'
01:59.894  render           | Saved: '/Users/aaron_7nh0yzm/godwyn-boss-fight/renders/astra/v2_on_char/video_frames/036.png'
02:00.844  render           | Saved: '/Users/aaron_7nh0yzm/godwyn-boss-fight/renders/astra/v2_on_char/video_frames/037.png'
02:02.082  render           | Saved: '/Users/aaron_7nh0yzm/godwyn-boss-fight/renders/astra/v2_on_char/video_frames/038.png'
02:03.668  render           | Saved: '/Users/aaron_7nh0yzm/godwyn-boss-fight/renders/astra/v2_on_char/video_frames/039.png'
02:05.033  render           | Saved: '/Users/aaron_7nh0yzm/godwyn-boss-fight/renders/astra/v2_on_char/video_frames/040.png'
02:06.442  render           | Saved: '/Users/aaron_7nh0yzm/godwyn-boss-fight/renders/astra/v2_on_char/video_frames/041.png'
02:07.945  render           | Saved: '/Users/aaron_7nh0yzm/godwyn-boss-fight/renders/astra/v2_on_char/video_frames/042.png'
02:09.367  render           | Saved: '/Users/aaron_7nh0yzm/godwyn-boss-fight/renders/astra/v2_on_char/video_frames/043.png'
02:10.537  render           | Saved: '/Users/aaron_7nh0yzm/godwyn-boss-fight/renders/astra/v2_on_char/video_frames/044.png'
02:11.505  render           | Saved: '/Users/aaron_7nh0yzm/godwyn-boss-fight/renders/astra/v2_on_char/video_frames/045.png'
02:12.580  render           | Saved: '/Users/aaron_7nh0yzm/godwyn-boss-fight/renders/astra/v2_on_char/video_frames/046.png'
02:14.347  render           | Saved: '/Users/aaron_7nh0yzm/godwyn-boss-fight/renders/astra/v2_on_char/video_frames/047.png'
02:15.701  render           | Saved: '/Users/aaron_7nh0yzm/godwyn-boss-fight/renders/astra/v2_on_char/video_frames/048.png'
02:16.717  render           | Saved: '/Users/aaron_7nh0yzm/godwyn-boss-fight/renders/astra/v2_on_char/video_frames/049.png'
02:18.275  render           | Saved: '/Users/aaron_7nh0yzm/godwyn-boss-fight/renders/astra/v2_on_char/video_frames/050.png'
02:19.870  render           | Saved: '/Users/aaron_7nh0yzm/godwyn-boss-fight/renders/astra/v2_on_char/video_frames/051.png'
02:21.959  render           | Saved: '/Users/aaron_7nh0yzm/godwyn-boss-fight/renders/astra/v2_on_char/video_frames/052.png'
02:23.959  render           | Saved: '/Users/aaron_7nh0yzm/godwyn-boss-fight/renders/astra/v2_on_char/video_frames/053.png'
02:24.890  render           | Saved: '/Users/aaron_7nh0yzm/godwyn-boss-fight/renders/astra/v2_on_char/video_frames/054.png'
02:26.048  render           | Saved: '/Users/aaron_7nh0yzm/godwyn-boss-fight/renders/astra/v2_on_char/video_frames/055.png'
02:27.203  render           | Saved: '/Users/aaron_7nh0yzm/godwyn-boss-fight/renders/astra/v2_on_char/video_frames/056.png'
02:28.383  render           | Saved: '/Users/aaron_7nh0yzm/godwyn-boss-fight/renders/astra/v2_on_char/video_frames/057.png'
02:29.571  render           | Saved: '/Users/aaron_7nh0yzm/godwyn-boss-fight/renders/astra/v2_on_char/video_frames/058.png'
02:30.770  render           | Saved: '/Users/aaron_7nh0yzm/godwyn-boss-fight/renders/astra/v2_on_char/video_frames/059.png'
02:31.939  render           | Saved: '/Users/aaron_7nh0yzm/godwyn-boss-fight/renders/astra/v2_on_char/video_frames/060.png'
02:33.103  render           | Saved: '/Users/aaron_7nh0yzm/godwyn-boss-fight/renders/astra/v2_on_char/video_frames/061.png'
02:33.940  render           | Saved: '/Users/aaron_7nh0yzm/godwyn-boss-fight/renders/astra/v2_on_char/video_frames/062.png'
02:34.773  render           | Saved: '/Users/aaron_7nh0yzm/godwyn-boss-fight/renders/astra/v2_on_char/video_frames/063.png'
02:35.674  render           | Saved: '/Users/aaron_7nh0yzm/godwyn-boss-fight/renders/astra/v2_on_char/video_frames/064.png'
02:36.530  render           | Saved: '/Users/aaron_7nh0yzm/godwyn-boss-fight/renders/astra/v2_on_char/video_frames/065.png'
02:37.351  render           | Saved: '/Users/aaron_7nh0yzm/godwyn-boss-fight/renders/astra/v2_on_char/video_frames/066.png'
02:38.301  render           | Saved: '/Users/aaron_7nh0yzm/godwyn-boss-fight/renders/astra/v2_on_char/video_frames/067.png'
02:39.185  render           | Saved: '/Users/aaron_7nh0yzm/godwyn-boss-fight/renders/astra/v2_on_char/video_frames/068.png'
02:40.045  render           | Saved: '/Users/aaron_7nh0yzm/godwyn-boss-fight/renders/astra/v2_on_char/video_frames/069.png'
02:40.901  render           | Saved: '/Users/aaron_7nh0yzm/godwyn-boss-fight/renders/astra/v2_on_char/video_frames/070.png'
02:41.795  render           | Saved: '/Users/aaron_7nh0yzm/godwyn-boss-fight/renders/astra/v2_on_char/video_frames/071.png'
02:42.650  render           | Saved: '/Users/aaron_7nh0yzm/godwyn-boss-fight/renders/astra/v2_on_char/video_frames/072.png'
02:43.510  render           | Saved: '/Users/aaron_7nh0yzm/godwyn-boss-fight/renders/astra/v2_on_char/video_frames/073.png'
02:44.352  render           | Saved: '/Users/aaron_7nh0yzm/godwyn-boss-fight/renders/astra/v2_on_char/video_frames/074.png'
02:45.168  render           | Saved: '/Users/aaron_7nh0yzm/godwyn-boss-fight/renders/astra/v2_on_char/video_frames/075.png'
02:46.035  render           | Saved: '/Users/aaron_7nh0yzm/godwyn-boss-fight/renders/astra/v2_on_char/video_frames/076.png'
02:46.923  render           | Saved: '/Users/aaron_7nh0yzm/godwyn-boss-fight/renders/astra/v2_on_char/video_frames/077.png'
02:47.770  render           | Saved: '/Users/aaron_7nh0yzm/godwyn-boss-fight/renders/astra/v2_on_char/video_frames/078.png'
02:48.724  render           | Saved: '/Users/aaron_7nh0yzm/godwyn-boss-fight/renders/astra/v2_on_char/video_frames/079.png'
02:49.936  render           | Saved: '/Users/aaron_7nh0yzm/godwyn-boss-fight/renders/astra/v2_on_char/video_frames/080.png'
02:51.568  render           | Saved: '/Users/aaron_7nh0yzm/godwyn-boss-fight/renders/astra/v2_on_char/video_frames/081.png'
02:52.745  render           | Saved: '/Users/aaron_7nh0yzm/godwyn-boss-fight/renders/astra/v2_on_char/video_frames/082.png'
02:53.962  render           | Saved: '/Users/aaron_7nh0yzm/godwyn-boss-fight/renders/astra/v2_on_char/video_frames/083.png'
02:55.020  render           | Saved: '/Users/aaron_7nh0yzm/godwyn-boss-fight/renders/astra/v2_on_char/video_frames/084.png'
02:55.952  render           | Saved: '/Users/aaron_7nh0yzm/godwyn-boss-fight/renders/astra/v2_on_char/video_frames/085.png'
02:56.953  render           | Saved: '/Users/aaron_7nh0yzm/godwyn-boss-fight/renders/astra/v2_on_char/video_frames/086.png'
02:57.883  render           | Saved: '/Users/aaron_7nh0yzm/godwyn-boss-fight/renders/astra/v2_on_char/video_frames/087.png'
02:58.839  render           | Saved: '/Users/aaron_7nh0yzm/godwyn-boss-fight/renders/astra/v2_on_char/video_frames/088.png'
02:59.842  render           | Saved: '/Users/aaron_7nh0yzm/godwyn-boss-fight/renders/astra/v2_on_char/video_frames/089.png'
03:00.762  render           | Saved: '/Users/aaron_7nh0yzm/godwyn-boss-fight/renders/astra/v2_on_char/video_frames/090.png'
ASTRA V2 RENDER COMPLETE /Users/aaron_7nh0yzm/godwyn-boss-fight/renders/astra/v2_on_char
Blender 5.2.1 LTS (hash 9e2066aef7ef built 2026-08-25 01:35:57)

Blender quit
