00:01.909  blend            | Read blend: "/Users/aaron_7nh0yzm/godwyn-boss-fight/models/astra_xslash_v2_wip.blend"
00:05.201  render           | Saved: '/Users/aaron_7nh0yzm/godwyn-boss-fight/renders/astra/v2_r2/front_pose_f27.png'
00:05.672  render           | Saved: '/Users/aaron_7nh0yzm/godwyn-boss-fight/renders/astra/v2_r2/front_pose_f36.png'
00:06.654  render           | Saved: '/Users/aaron_7nh0yzm/godwyn-boss-fight/renders/astra/v2_r2/front_pose_f40.png'
00:07.061  render           | Saved: '/Users/aaron_7nh0yzm/godwyn-boss-fight/renders/astra/v2_r2/front_pose_f46.png'
00:07.529  render           | Saved: '/Users/aaron_7nh0yzm/godwyn-boss-fight/renders/astra/v2_r2/front_pose_f53.png'
00:08.209  render           | Saved: '/Users/aaron_7nh0yzm/godwyn-boss-fight/renders/astra/v2_r2/front_pose_f57.png'
00:08.656  render           | Saved: '/Users/aaron_7nh0yzm/godwyn-boss-fight/renders/astra/v2_r2/front_pose_f64.png'
00:09.158  render           | Saved: '/Users/aaron_7nh0yzm/godwyn-boss-fight/renders/astra/v2_r2/front_pose_f90.png'
00:09.501  render           | Saved: '/Users/aaron_7nh0yzm/godwyn-boss-fight/renders/astra/v2_r2/contact_front/001.png'
00:09.811  render           | Saved: '/Users/aaron_7nh0yzm/godwyn-boss-fight/renders/astra/v2_r2/contact_front/013.png'
00:10.113  render           | Saved: '/Users/aaron_7nh0yzm/godwyn-boss-fight/renders/astra/v2_r2/contact_front/025.png'
00:10.426  render           | Saved: '/Users/aaron_7nh0yzm/godwyn-boss-fight/renders/astra/v2_r2/contact_front/031.png'
00:10.734  render           | Saved: '/Users/aaron_7nh0yzm/godwyn-boss-fight/renders/astra/v2_r2/contact_front/033.png'
00:11.048  render           | Saved: '/Users/aaron_7nh0yzm/godwyn-boss-fight/renders/astra/v2_r2/contact_front/035.png'
00:11.364  render           | Saved: '/Users/aaron_7nh0yzm/godwyn-boss-fight/renders/astra/v2_r2/contact_front/036.png'
00:11.670  render           | Saved: '/Users/aaron_7nh0yzm/godwyn-boss-fight/renders/astra/v2_r2/contact_front/037.png'
00:12.073  render           | Saved: '/Users/aaron_7nh0yzm/godwyn-boss-fight/renders/astra/v2_r2/contact_front/039.png'
00:12.492  render           | Saved: '/Users/aaron_7nh0yzm/godwyn-boss-fight/renders/astra/v2_r2/contact_front/040.png'
00:12.891  render           | Saved: '/Users/aaron_7nh0yzm/godwyn-boss-fight/renders/astra/v2_r2/contact_front/041.png'
00:13.304  render           | Saved: '/Users/aaron_7nh0yzm/godwyn-boss-fight/renders/astra/v2_r2/contact_front/043.png'
00:13.701  render           | Saved: '/Users/aaron_7nh0yzm/godwyn-boss-fight/renders/astra/v2_r2/contact_front/045.png'
00:14.061  render           | Saved: '/Users/aaron_7nh0yzm/godwyn-boss-fight/renders/astra/v2_r2/contact_front/046.png'
00:14.368  render           | Saved: '/Users/aaron_7nh0yzm/godwyn-boss-fight/renders/astra/v2_r2/contact_front/048.png'
00:14.673  render           | Saved: '/Users/aaron_7nh0yzm/godwyn-boss-fight/renders/astra/v2_r2/contact_front/050.png'
00:14.994  render           | Saved: '/Users/aaron_7nh0yzm/godwyn-boss-fight/renders/astra/v2_r2/contact_front/052.png'
00:15.303  render           | Saved: '/Users/aaron_7nh0yzm/godwyn-boss-fight/renders/astra/v2_r2/contact_front/054.png'
00:15.711  render           | Saved: '/Users/aaron_7nh0yzm/godwyn-boss-fight/renders/astra/v2_r2/contact_front/056.png'
00:16.132  render           | Saved: '/Users/aaron_7nh0yzm/godwyn-boss-fight/renders/astra/v2_r2/contact_front/057.png'
00:16.601  render           | Saved: '/Users/aaron_7nh0yzm/godwyn-boss-fight/renders/astra/v2_r2/contact_front/058.png'
00:17.120  render           | Saved: '/Users/aaron_7nh0yzm/godwyn-boss-fight/renders/astra/v2_r2/contact_front/060.png'
00:17.499  render           | Saved: '/Users/aaron_7nh0yzm/godwyn-boss-fight/renders/astra/v2_r2/contact_front/064.png'
00:18.084  render           | Saved: '/Users/aaron_7nh0yzm/godwyn-boss-fight/renders/astra/v2_r2/contact_front/070.png'
00:18.530  render           | Saved: '/Users/aaron_7nh0yzm/godwyn-boss-fight/renders/astra/v2_r2/contact_front/080.png'
00:18.870  render           | Saved: '/Users/aaron_7nh0yzm/godwyn-boss-fight/renders/astra/v2_r2/contact_front/090.png'
00:19.366  render           | Saved: '/Users/aaron_7nh0yzm/godwyn-boss-fight/renders/astra/v2_r2/three_quarter_pose_f27.png'
00:20.000  render           | Saved: '/Users/aaron_7nh0yzm/godwyn-boss-fight/renders/astra/v2_r2/three_quarter_pose_f36.png'
00:20.622  render           | Saved: '/Users/aaron_7nh0yzm/godwyn-boss-fight/renders/astra/v2_r2/three_quarter_pose_f40.png'
00:21.098  render           | Saved: '/Users/aaron_7nh0yzm/godwyn-boss-fight/renders/astra/v2_r2/three_quarter_pose_f46.png'
00:21.575  render           | Saved: '/Users/aaron_7nh0yzm/godwyn-boss-fight/renders/astra/v2_r2/three_quarter_pose_f53.png'
00:22.243  render           | Saved: '/Users/aaron_7nh0yzm/godwyn-boss-fight/renders/astra/v2_r2/three_quarter_pose_f57.png'
00:22.729  render           | Saved: '/Users/aaron_7nh0yzm/godwyn-boss-fight/renders/astra/v2_r2/three_quarter_pose_f64.png'
00:23.222  render           | Saved: '/Users/aaron_7nh0yzm/godwyn-boss-fight/renders/astra/v2_r2/three_quarter_pose_f90.png'
00:23.572  render           | Saved: '/Users/aaron_7nh0yzm/godwyn-boss-fight/renders/astra/v2_r2/contact_three_quarter/001.png'
00:23.915  render           | Saved: '/Users/aaron_7nh0yzm/godwyn-boss-fight/renders/astra/v2_r2/contact_three_quarter/013.png'
00:24.253  render           | Saved: '/Users/aaron_7nh0yzm/godwyn-boss-fight/renders/astra/v2_r2/contact_three_quarter/025.png'
00:24.728  render           | Saved: '/Users/aaron_7nh0yzm/godwyn-boss-fight/renders/astra/v2_r2/contact_three_quarter/031.png'
00:25.187  render           | Saved: '/Users/aaron_7nh0yzm/godwyn-boss-fight/renders/astra/v2_r2/contact_three_quarter/033.png'
00:25.570  render           | Saved: '/Users/aaron_7nh0yzm/godwyn-boss-fight/renders/astra/v2_r2/contact_three_quarter/035.png'
00:26.019  render           | Saved: '/Users/aaron_7nh0yzm/godwyn-boss-fight/renders/astra/v2_r2/contact_three_quarter/036.png'
00:26.474  render           | Saved: '/Users/aaron_7nh0yzm/godwyn-boss-fight/renders/astra/v2_r2/contact_three_quarter/037.png'
00:27.062  render           | Saved: '/Users/aaron_7nh0yzm/godwyn-boss-fight/renders/astra/v2_r2/contact_three_quarter/039.png'
00:27.591  render           | Saved: '/Users/aaron_7nh0yzm/godwyn-boss-fight/renders/astra/v2_r2/contact_three_quarter/040.png'
00:28.069  render           | Saved: '/Users/aaron_7nh0yzm/godwyn-boss-fight/renders/astra/v2_r2/contact_three_quarter/041.png'
00:28.583  render           | Saved: '/Users/aaron_7nh0yzm/godwyn-boss-fight/renders/astra/v2_r2/contact_three_quarter/043.png'
00:28.986  render           | Saved: '/Users/aaron_7nh0yzm/godwyn-boss-fight/renders/astra/v2_r2/contact_three_quarter/045.png'
00:29.396  render           | Saved: '/Users/aaron_7nh0yzm/godwyn-boss-fight/renders/astra/v2_r2/contact_three_quarter/046.png'
00:29.820  render           | Saved: '/Users/aaron_7nh0yzm/godwyn-boss-fight/renders/astra/v2_r2/contact_three_quarter/048.png'
00:30.168  render           | Saved: '/Users/aaron_7nh0yzm/godwyn-boss-fight/renders/astra/v2_r2/contact_three_quarter/050.png'
00:30.694  render           | Saved: '/Users/aaron_7nh0yzm/godwyn-boss-fight/renders/astra/v2_r2/contact_three_quarter/052.png'
00:31.125  render           | Saved: '/Users/aaron_7nh0yzm/godwyn-boss-fight/renders/astra/v2_r2/contact_three_quarter/054.png'
00:31.624  render           | Saved: '/Users/aaron_7nh0yzm/godwyn-boss-fight/renders/astra/v2_r2/contact_three_quarter/056.png'
00:32.188  render           | Saved: '/Users/aaron_7nh0yzm/godwyn-boss-fight/renders/astra/v2_r2/contact_three_quarter/057.png'
00:32.775  render           | Saved: '/Users/aaron_7nh0yzm/godwyn-boss-fight/renders/astra/v2_r2/contact_three_quarter/058.png'
00:33.430  render           | Saved: '/Users/aaron_7nh0yzm/godwyn-boss-fight/renders/astra/v2_r2/contact_three_quarter/060.png'
00:33.858  render           | Saved: '/Users/aaron_7nh0yzm/godwyn-boss-fight/renders/astra/v2_r2/contact_three_quarter/064.png'
00:34.284  render           | Saved: '/Users/aaron_7nh0yzm/godwyn-boss-fight/renders/astra/v2_r2/contact_three_quarter/070.png'
00:34.638  render           | Saved: '/Users/aaron_7nh0yzm/godwyn-boss-fight/renders/astra/v2_r2/contact_three_quarter/080.png'
00:34.988  render           | Saved: '/Users/aaron_7nh0yzm/godwyn-boss-fight/renders/astra/v2_r2/contact_three_quarter/090.png'
/Users/aaron_7nh0yzm/godwyn-boss-fight/scripts/astra_xslash_v2_render.py:41: DeprecationWarning: 'Material.use_nodes' is expected to be removed in Blender 6.0
  mat=bpy.data.materials.new('Astra V2 diagnostic');mat.diffuse_color=color;mat.use_nodes=True
00:35.995  render           | Saved: '/Users/aaron_7nh0yzm/godwyn-boss-fight/renders/astra/v2_r2/curved_paths_front.png'
00:36.673  render           | Saved: '/Users/aaron_7nh0yzm/godwyn-boss-fight/renders/astra/v2_r2/curved_paths_three_quarter.png'
ASTRA V2 RENDER COMPLETE /Users/aaron_7nh0yzm/godwyn-boss-fight/renders/astra/v2_r2
Blender 5.2.1 LTS (hash 9e2066aef7ef built 2026-08-25 01:35:57)

Blender quit
