00:01.142  blend            | Read blend: "/Users/aaron_7nh0yzm/godwyn-boss-fight/models/astra_xslash_v2_wip.blend"
00:04.392  render           | Saved: '/Users/aaron_7nh0yzm/godwyn-boss-fight/renders/astra/v2_r1/front_pose_f27.png'
00:04.970  render           | Saved: '/Users/aaron_7nh0yzm/godwyn-boss-fight/renders/astra/v2_r1/front_pose_f36.png'
00:06.353  render           | Saved: '/Users/aaron_7nh0yzm/godwyn-boss-fight/renders/astra/v2_r1/front_pose_f40.png'
00:06.900  render           | Saved: '/Users/aaron_7nh0yzm/godwyn-boss-fight/renders/astra/v2_r1/front_pose_f46.png'
00:07.350  render           | Saved: '/Users/aaron_7nh0yzm/godwyn-boss-fight/renders/astra/v2_r1/front_pose_f53.png'
00:07.916  render           | Saved: '/Users/aaron_7nh0yzm/godwyn-boss-fight/renders/astra/v2_r1/front_pose_f57.png'
00:08.402  render           | Saved: '/Users/aaron_7nh0yzm/godwyn-boss-fight/renders/astra/v2_r1/front_pose_f64.png'
00:08.895  render           | Saved: '/Users/aaron_7nh0yzm/godwyn-boss-fight/renders/astra/v2_r1/front_pose_f90.png'
00:09.225  render           | Saved: '/Users/aaron_7nh0yzm/godwyn-boss-fight/renders/astra/v2_r1/contact_front/001.png'
00:09.587  render           | Saved: '/Users/aaron_7nh0yzm/godwyn-boss-fight/renders/astra/v2_r1/contact_front/013.png'
00:09.927  render           | Saved: '/Users/aaron_7nh0yzm/godwyn-boss-fight/renders/astra/v2_r1/contact_front/025.png'
00:10.323  render           | Saved: '/Users/aaron_7nh0yzm/godwyn-boss-fight/renders/astra/v2_r1/contact_front/031.png'
00:10.701  render           | Saved: '/Users/aaron_7nh0yzm/godwyn-boss-fight/renders/astra/v2_r1/contact_front/033.png'
00:11.065  render           | Saved: '/Users/aaron_7nh0yzm/godwyn-boss-fight/renders/astra/v2_r1/contact_front/035.png'
00:11.465  render           | Saved: '/Users/aaron_7nh0yzm/godwyn-boss-fight/renders/astra/v2_r1/contact_front/036.png'
00:11.803  render           | Saved: '/Users/aaron_7nh0yzm/godwyn-boss-fight/renders/astra/v2_r1/contact_front/037.png'
00:12.264  render           | Saved: '/Users/aaron_7nh0yzm/godwyn-boss-fight/renders/astra/v2_r1/contact_front/039.png'
00:12.826  render           | Saved: '/Users/aaron_7nh0yzm/godwyn-boss-fight/renders/astra/v2_r1/contact_front/040.png'
00:13.282  render           | Saved: '/Users/aaron_7nh0yzm/godwyn-boss-fight/renders/astra/v2_r1/contact_front/041.png'
00:13.816  render           | Saved: '/Users/aaron_7nh0yzm/godwyn-boss-fight/renders/astra/v2_r1/contact_front/043.png'
00:14.133  render           | Saved: '/Users/aaron_7nh0yzm/godwyn-boss-fight/renders/astra/v2_r1/contact_front/045.png'
00:14.465  render           | Saved: '/Users/aaron_7nh0yzm/godwyn-boss-fight/renders/astra/v2_r1/contact_front/046.png'
00:14.875  render           | Saved: '/Users/aaron_7nh0yzm/godwyn-boss-fight/renders/astra/v2_r1/contact_front/048.png'
00:15.240  render           | Saved: '/Users/aaron_7nh0yzm/godwyn-boss-fight/renders/astra/v2_r1/contact_front/050.png'
00:15.682  render           | Saved: '/Users/aaron_7nh0yzm/godwyn-boss-fight/renders/astra/v2_r1/contact_front/052.png'
00:16.075  render           | Saved: '/Users/aaron_7nh0yzm/godwyn-boss-fight/renders/astra/v2_r1/contact_front/054.png'
00:16.548  render           | Saved: '/Users/aaron_7nh0yzm/godwyn-boss-fight/renders/astra/v2_r1/contact_front/056.png'
00:17.067  render           | Saved: '/Users/aaron_7nh0yzm/godwyn-boss-fight/renders/astra/v2_r1/contact_front/057.png'
00:17.611  render           | Saved: '/Users/aaron_7nh0yzm/godwyn-boss-fight/renders/astra/v2_r1/contact_front/058.png'
00:18.277  render           | Saved: '/Users/aaron_7nh0yzm/godwyn-boss-fight/renders/astra/v2_r1/contact_front/060.png'
00:18.715  render           | Saved: '/Users/aaron_7nh0yzm/godwyn-boss-fight/renders/astra/v2_r1/contact_front/064.png'
00:19.162  render           | Saved: '/Users/aaron_7nh0yzm/godwyn-boss-fight/renders/astra/v2_r1/contact_front/070.png'
00:19.502  render           | Saved: '/Users/aaron_7nh0yzm/godwyn-boss-fight/renders/astra/v2_r1/contact_front/080.png'
00:19.982  render           | Saved: '/Users/aaron_7nh0yzm/godwyn-boss-fight/renders/astra/v2_r1/contact_front/090.png'
00:20.642  render           | Saved: '/Users/aaron_7nh0yzm/godwyn-boss-fight/renders/astra/v2_r1/three_quarter_pose_f27.png'
00:21.206  render           | Saved: '/Users/aaron_7nh0yzm/godwyn-boss-fight/renders/astra/v2_r1/three_quarter_pose_f36.png'
00:21.913  render           | Saved: '/Users/aaron_7nh0yzm/godwyn-boss-fight/renders/astra/v2_r1/three_quarter_pose_f40.png'
00:22.557  render           | Saved: '/Users/aaron_7nh0yzm/godwyn-boss-fight/renders/astra/v2_r1/three_quarter_pose_f46.png'
00:23.087  render           | Saved: '/Users/aaron_7nh0yzm/godwyn-boss-fight/renders/astra/v2_r1/three_quarter_pose_f53.png'
00:23.901  render           | Saved: '/Users/aaron_7nh0yzm/godwyn-boss-fight/renders/astra/v2_r1/three_quarter_pose_f57.png'
00:24.440  render           | Saved: '/Users/aaron_7nh0yzm/godwyn-boss-fight/renders/astra/v2_r1/three_quarter_pose_f64.png'
00:25.036  render           | Saved: '/Users/aaron_7nh0yzm/godwyn-boss-fight/renders/astra/v2_r1/three_quarter_pose_f90.png'
00:25.590  render           | Saved: '/Users/aaron_7nh0yzm/godwyn-boss-fight/renders/astra/v2_r1/contact_three_quarter/001.png'
00:26.014  render           | Saved: '/Users/aaron_7nh0yzm/godwyn-boss-fight/renders/astra/v2_r1/contact_three_quarter/013.png'
00:26.755  render           | Saved: '/Users/aaron_7nh0yzm/godwyn-boss-fight/renders/astra/v2_r1/contact_three_quarter/025.png'
00:27.149  render           | Saved: '/Users/aaron_7nh0yzm/godwyn-boss-fight/renders/astra/v2_r1/contact_three_quarter/031.png'
00:27.541  render           | Saved: '/Users/aaron_7nh0yzm/godwyn-boss-fight/renders/astra/v2_r1/contact_three_quarter/033.png'
00:27.907  render           | Saved: '/Users/aaron_7nh0yzm/godwyn-boss-fight/renders/astra/v2_r1/contact_three_quarter/035.png'
00:28.237  render           | Saved: '/Users/aaron_7nh0yzm/godwyn-boss-fight/renders/astra/v2_r1/contact_three_quarter/036.png'
00:28.580  render           | Saved: '/Users/aaron_7nh0yzm/godwyn-boss-fight/renders/astra/v2_r1/contact_three_quarter/037.png'
00:29.044  render           | Saved: '/Users/aaron_7nh0yzm/godwyn-boss-fight/renders/astra/v2_r1/contact_three_quarter/039.png'
00:29.492  render           | Saved: '/Users/aaron_7nh0yzm/godwyn-boss-fight/renders/astra/v2_r1/contact_three_quarter/040.png'
00:29.934  render           | Saved: '/Users/aaron_7nh0yzm/godwyn-boss-fight/renders/astra/v2_r1/contact_three_quarter/041.png'
00:30.368  render           | Saved: '/Users/aaron_7nh0yzm/godwyn-boss-fight/renders/astra/v2_r1/contact_three_quarter/043.png'
00:30.685  render           | Saved: '/Users/aaron_7nh0yzm/godwyn-boss-fight/renders/astra/v2_r1/contact_three_quarter/045.png'
00:31.035  render           | Saved: '/Users/aaron_7nh0yzm/godwyn-boss-fight/renders/astra/v2_r1/contact_three_quarter/046.png'
00:31.427  render           | Saved: '/Users/aaron_7nh0yzm/godwyn-boss-fight/renders/astra/v2_r1/contact_three_quarter/048.png'
00:31.828  render           | Saved: '/Users/aaron_7nh0yzm/godwyn-boss-fight/renders/astra/v2_r1/contact_three_quarter/050.png'
00:32.437  render           | Saved: '/Users/aaron_7nh0yzm/godwyn-boss-fight/renders/astra/v2_r1/contact_three_quarter/052.png'
00:33.133  render           | Saved: '/Users/aaron_7nh0yzm/godwyn-boss-fight/renders/astra/v2_r1/contact_three_quarter/054.png'
00:33.724  render           | Saved: '/Users/aaron_7nh0yzm/godwyn-boss-fight/renders/astra/v2_r1/contact_three_quarter/056.png'
00:34.276  render           | Saved: '/Users/aaron_7nh0yzm/godwyn-boss-fight/renders/astra/v2_r1/contact_three_quarter/057.png'
00:34.794  render           | Saved: '/Users/aaron_7nh0yzm/godwyn-boss-fight/renders/astra/v2_r1/contact_three_quarter/058.png'
00:35.395  render           | Saved: '/Users/aaron_7nh0yzm/godwyn-boss-fight/renders/astra/v2_r1/contact_three_quarter/060.png'
00:35.959  render           | Saved: '/Users/aaron_7nh0yzm/godwyn-boss-fight/renders/astra/v2_r1/contact_three_quarter/064.png'
00:36.461  render           | Saved: '/Users/aaron_7nh0yzm/godwyn-boss-fight/renders/astra/v2_r1/contact_three_quarter/070.png'
00:36.990  render           | Saved: '/Users/aaron_7nh0yzm/godwyn-boss-fight/renders/astra/v2_r1/contact_three_quarter/080.png'
00:37.534  render           | Saved: '/Users/aaron_7nh0yzm/godwyn-boss-fight/renders/astra/v2_r1/contact_three_quarter/090.png'
/Users/aaron_7nh0yzm/godwyn-boss-fight/scripts/astra_xslash_v2_render.py:41: DeprecationWarning: 'Material.use_nodes' is expected to be removed in Blender 6.0
  mat=bpy.data.materials.new('Astra V2 diagnostic');mat.diffuse_color=color;mat.use_nodes=True
00:38.523  render           | Saved: '/Users/aaron_7nh0yzm/godwyn-boss-fight/renders/astra/v2_r1/curved_paths_front.png'
00:39.294  render           | Saved: '/Users/aaron_7nh0yzm/godwyn-boss-fight/renders/astra/v2_r1/curved_paths_three_quarter.png'
ASTRA V2 RENDER COMPLETE /Users/aaron_7nh0yzm/godwyn-boss-fight/renders/astra/v2_r1
Blender 5.2.1 LTS (hash 9e2066aef7ef built 2026-08-25 01:35:57)

Blender quit
