00:00.485  blend            | Read blend: "/Users/aaron_7nh0yzm/godwyn-boss-fight/models/astra_xslash_v2_wip.blend"
00:01.964  render           | Saved: '/Users/aaron_7nh0yzm/godwyn-boss-fight/renders/astra/v2_r3/video_frames/001.png'
00:02.790  render           | Saved: '/Users/aaron_7nh0yzm/godwyn-boss-fight/renders/astra/v2_r3/video_frames/002.png'
00:03.621  render           | Saved: '/Users/aaron_7nh0yzm/godwyn-boss-fight/renders/astra/v2_r3/video_frames/003.png'
00:04.376  render           | Saved: '/Users/aaron_7nh0yzm/godwyn-boss-fight/renders/astra/v2_r3/video_frames/004.png'
00:05.135  render           | Saved: '/Users/aaron_7nh0yzm/godwyn-boss-fight/renders/astra/v2_r3/video_frames/005.png'
00:05.889  render           | Saved: '/Users/aaron_7nh0yzm/godwyn-boss-fight/renders/astra/v2_r3/video_frames/006.png'
00:06.610  render           | Saved: '/Users/aaron_7nh0yzm/godwyn-boss-fight/renders/astra/v2_r3/video_frames/007.png'
00:07.344  render           | Saved: '/Users/aaron_7nh0yzm/godwyn-boss-fight/renders/astra/v2_r3/video_frames/008.png'
00:08.076  render           | Saved: '/Users/aaron_7nh0yzm/godwyn-boss-fight/renders/astra/v2_r3/video_frames/009.png'
00:08.842  render           | Saved: '/Users/aaron_7nh0yzm/godwyn-boss-fight/renders/astra/v2_r3/video_frames/010.png'
00:09.626  render           | Saved: '/Users/aaron_7nh0yzm/godwyn-boss-fight/renders/astra/v2_r3/video_frames/011.png'
00:10.383  render           | Saved: '/Users/aaron_7nh0yzm/godwyn-boss-fight/renders/astra/v2_r3/video_frames/012.png'
00:11.159  render           | Saved: '/Users/aaron_7nh0yzm/godwyn-boss-fight/renders/astra/v2_r3/video_frames/013.png'
00:11.924  render           | Saved: '/Users/aaron_7nh0yzm/godwyn-boss-fight/renders/astra/v2_r3/video_frames/014.png'
00:12.715  render           | Saved: '/Users/aaron_7nh0yzm/godwyn-boss-fight/renders/astra/v2_r3/video_frames/015.png'
00:13.505  render           | Saved: '/Users/aaron_7nh0yzm/godwyn-boss-fight/renders/astra/v2_r3/video_frames/016.png'
00:14.281  render           | Saved: '/Users/aaron_7nh0yzm/godwyn-boss-fight/renders/astra/v2_r3/video_frames/017.png'
00:15.027  render           | Saved: '/Users/aaron_7nh0yzm/godwyn-boss-fight/renders/astra/v2_r3/video_frames/018.png'
00:15.805  render           | Saved: '/Users/aaron_7nh0yzm/godwyn-boss-fight/renders/astra/v2_r3/video_frames/019.png'
00:16.561  render           | Saved: '/Users/aaron_7nh0yzm/godwyn-boss-fight/renders/astra/v2_r3/video_frames/020.png'
00:17.336  render           | Saved: '/Users/aaron_7nh0yzm/godwyn-boss-fight/renders/astra/v2_r3/video_frames/021.png'
00:18.087  render           | Saved: '/Users/aaron_7nh0yzm/godwyn-boss-fight/renders/astra/v2_r3/video_frames/022.png'
00:18.838  render           | Saved: '/Users/aaron_7nh0yzm/godwyn-boss-fight/renders/astra/v2_r3/video_frames/023.png'
00:19.578  render           | Saved: '/Users/aaron_7nh0yzm/godwyn-boss-fight/renders/astra/v2_r3/video_frames/024.png'
00:20.370  render           | Saved: '/Users/aaron_7nh0yzm/godwyn-boss-fight/renders/astra/v2_r3/video_frames/025.png'
00:21.117  render           | Saved: '/Users/aaron_7nh0yzm/godwyn-boss-fight/renders/astra/v2_r3/video_frames/026.png'
00:21.913  render           | Saved: '/Users/aaron_7nh0yzm/godwyn-boss-fight/renders/astra/v2_r3/video_frames/027.png'
00:22.655  render           | Saved: '/Users/aaron_7nh0yzm/godwyn-boss-fight/renders/astra/v2_r3/video_frames/028.png'
00:23.394  render           | Saved: '/Users/aaron_7nh0yzm/godwyn-boss-fight/renders/astra/v2_r3/video_frames/029.png'
00:24.118  render           | Saved: '/Users/aaron_7nh0yzm/godwyn-boss-fight/renders/astra/v2_r3/video_frames/030.png'
00:24.897  render           | Saved: '/Users/aaron_7nh0yzm/godwyn-boss-fight/renders/astra/v2_r3/video_frames/031.png'
00:25.640  render           | Saved: '/Users/aaron_7nh0yzm/godwyn-boss-fight/renders/astra/v2_r3/video_frames/032.png'
00:26.360  render           | Saved: '/Users/aaron_7nh0yzm/godwyn-boss-fight/renders/astra/v2_r3/video_frames/033.png'
00:27.104  render           | Saved: '/Users/aaron_7nh0yzm/godwyn-boss-fight/renders/astra/v2_r3/video_frames/034.png'
00:27.847  render           | Saved: '/Users/aaron_7nh0yzm/godwyn-boss-fight/renders/astra/v2_r3/video_frames/035.png'
00:28.576  render           | Saved: '/Users/aaron_7nh0yzm/godwyn-boss-fight/renders/astra/v2_r3/video_frames/036.png'
00:29.306  render           | Saved: '/Users/aaron_7nh0yzm/godwyn-boss-fight/renders/astra/v2_r3/video_frames/037.png'
00:30.240  render           | Saved: '/Users/aaron_7nh0yzm/godwyn-boss-fight/renders/astra/v2_r3/video_frames/038.png'
00:31.334  render           | Saved: '/Users/aaron_7nh0yzm/godwyn-boss-fight/renders/astra/v2_r3/video_frames/039.png'
00:32.317  render           | Saved: '/Users/aaron_7nh0yzm/godwyn-boss-fight/renders/astra/v2_r3/video_frames/040.png'
00:33.347  render           | Saved: '/Users/aaron_7nh0yzm/godwyn-boss-fight/renders/astra/v2_r3/video_frames/041.png'
00:34.393  render           | Saved: '/Users/aaron_7nh0yzm/godwyn-boss-fight/renders/astra/v2_r3/video_frames/042.png'
00:35.446  render           | Saved: '/Users/aaron_7nh0yzm/godwyn-boss-fight/renders/astra/v2_r3/video_frames/043.png'
00:36.424  render           | Saved: '/Users/aaron_7nh0yzm/godwyn-boss-fight/renders/astra/v2_r3/video_frames/044.png'
00:37.209  render           | Saved: '/Users/aaron_7nh0yzm/godwyn-boss-fight/renders/astra/v2_r3/video_frames/045.png'
00:38.108  render           | Saved: '/Users/aaron_7nh0yzm/godwyn-boss-fight/renders/astra/v2_r3/video_frames/046.png'
00:39.293  render           | Saved: '/Users/aaron_7nh0yzm/godwyn-boss-fight/renders/astra/v2_r3/video_frames/047.png'
00:40.230  render           | Saved: '/Users/aaron_7nh0yzm/godwyn-boss-fight/renders/astra/v2_r3/video_frames/048.png'
00:41.049  render           | Saved: '/Users/aaron_7nh0yzm/godwyn-boss-fight/renders/astra/v2_r3/video_frames/049.png'
00:41.917  render           | Saved: '/Users/aaron_7nh0yzm/godwyn-boss-fight/renders/astra/v2_r3/video_frames/050.png'
00:42.758  render           | Saved: '/Users/aaron_7nh0yzm/godwyn-boss-fight/renders/astra/v2_r3/video_frames/051.png'
00:43.579  render           | Saved: '/Users/aaron_7nh0yzm/godwyn-boss-fight/renders/astra/v2_r3/video_frames/052.png'
00:44.325  render           | Saved: '/Users/aaron_7nh0yzm/godwyn-boss-fight/renders/astra/v2_r3/video_frames/053.png'
00:45.097  render           | Saved: '/Users/aaron_7nh0yzm/godwyn-boss-fight/renders/astra/v2_r3/video_frames/054.png'
00:46.128  render           | Saved: '/Users/aaron_7nh0yzm/godwyn-boss-fight/renders/astra/v2_r3/video_frames/055.png'
00:47.180  render           | Saved: '/Users/aaron_7nh0yzm/godwyn-boss-fight/renders/astra/v2_r3/video_frames/056.png'
00:48.244  render           | Saved: '/Users/aaron_7nh0yzm/godwyn-boss-fight/renders/astra/v2_r3/video_frames/057.png'
00:49.319  render           | Saved: '/Users/aaron_7nh0yzm/godwyn-boss-fight/renders/astra/v2_r3/video_frames/058.png'
00:50.413  render           | Saved: '/Users/aaron_7nh0yzm/godwyn-boss-fight/renders/astra/v2_r3/video_frames/059.png'
00:51.522  render           | Saved: '/Users/aaron_7nh0yzm/godwyn-boss-fight/renders/astra/v2_r3/video_frames/060.png'
00:52.558  render           | Saved: '/Users/aaron_7nh0yzm/godwyn-boss-fight/renders/astra/v2_r3/video_frames/061.png'
00:53.319  render           | Saved: '/Users/aaron_7nh0yzm/godwyn-boss-fight/renders/astra/v2_r3/video_frames/062.png'
00:54.233  render           | Saved: '/Users/aaron_7nh0yzm/godwyn-boss-fight/renders/astra/v2_r3/video_frames/063.png'
00:55.072  render           | Saved: '/Users/aaron_7nh0yzm/godwyn-boss-fight/renders/astra/v2_r3/video_frames/064.png'
00:55.829  render           | Saved: '/Users/aaron_7nh0yzm/godwyn-boss-fight/renders/astra/v2_r3/video_frames/065.png'
00:56.593  render           | Saved: '/Users/aaron_7nh0yzm/godwyn-boss-fight/renders/astra/v2_r3/video_frames/066.png'
00:57.362  render           | Saved: '/Users/aaron_7nh0yzm/godwyn-boss-fight/renders/astra/v2_r3/video_frames/067.png'
00:58.230  render           | Saved: '/Users/aaron_7nh0yzm/godwyn-boss-fight/renders/astra/v2_r3/video_frames/068.png'
00:59.091  render           | Saved: '/Users/aaron_7nh0yzm/godwyn-boss-fight/renders/astra/v2_r3/video_frames/069.png'
00:59.959  render           | Saved: '/Users/aaron_7nh0yzm/godwyn-boss-fight/renders/astra/v2_r3/video_frames/070.png'
01:00.770  render           | Saved: '/Users/aaron_7nh0yzm/godwyn-boss-fight/renders/astra/v2_r3/video_frames/071.png'
01:01.572  render           | Saved: '/Users/aaron_7nh0yzm/godwyn-boss-fight/renders/astra/v2_r3/video_frames/072.png'
01:02.391  render           | Saved: '/Users/aaron_7nh0yzm/godwyn-boss-fight/renders/astra/v2_r3/video_frames/073.png'
01:03.167  render           | Saved: '/Users/aaron_7nh0yzm/godwyn-boss-fight/renders/astra/v2_r3/video_frames/074.png'
01:03.937  render           | Saved: '/Users/aaron_7nh0yzm/godwyn-boss-fight/renders/astra/v2_r3/video_frames/075.png'
01:04.896  render           | Saved: '/Users/aaron_7nh0yzm/godwyn-boss-fight/renders/astra/v2_r3/video_frames/076.png'
01:05.664  render           | Saved: '/Users/aaron_7nh0yzm/godwyn-boss-fight/renders/astra/v2_r3/video_frames/077.png'
01:06.487  render           | Saved: '/Users/aaron_7nh0yzm/godwyn-boss-fight/renders/astra/v2_r3/video_frames/078.png'
01:07.641  render           | Saved: '/Users/aaron_7nh0yzm/godwyn-boss-fight/renders/astra/v2_r3/video_frames/079.png'
01:09.378  render           | Saved: '/Users/aaron_7nh0yzm/godwyn-boss-fight/renders/astra/v2_r3/video_frames/080.png'
01:10.926  render           | Saved: '/Users/aaron_7nh0yzm/godwyn-boss-fight/renders/astra/v2_r3/video_frames/081.png'
01:12.288  render           | Saved: '/Users/aaron_7nh0yzm/godwyn-boss-fight/renders/astra/v2_r3/video_frames/082.png'
01:13.077  render           | Saved: '/Users/aaron_7nh0yzm/godwyn-boss-fight/renders/astra/v2_r3/video_frames/083.png'
01:13.800  render           | Saved: '/Users/aaron_7nh0yzm/godwyn-boss-fight/renders/astra/v2_r3/video_frames/084.png'
01:14.553  render           | Saved: '/Users/aaron_7nh0yzm/godwyn-boss-fight/renders/astra/v2_r3/video_frames/085.png'
01:15.310  render           | Saved: '/Users/aaron_7nh0yzm/godwyn-boss-fight/renders/astra/v2_r3/video_frames/086.png'
01:16.023  render           | Saved: '/Users/aaron_7nh0yzm/godwyn-boss-fight/renders/astra/v2_r3/video_frames/087.png'
01:16.731  render           | Saved: '/Users/aaron_7nh0yzm/godwyn-boss-fight/renders/astra/v2_r3/video_frames/088.png'
01:17.439  render           | Saved: '/Users/aaron_7nh0yzm/godwyn-boss-fight/renders/astra/v2_r3/video_frames/089.png'
01:18.209  render           | Saved: '/Users/aaron_7nh0yzm/godwyn-boss-fight/renders/astra/v2_r3/video_frames/090.png'
ASTRA V2 RENDER COMPLETE /Users/aaron_7nh0yzm/godwyn-boss-fight/renders/astra/v2_r3
Blender 5.2.1 LTS (hash 9e2066aef7ef built 2026-08-25 01:35:57)

Blender quit
