00:00.783  blend            | Read blend: "/Users/aaron_7nh0yzm/godwyn-boss-fight/models/astra_xslash_v2_wip.blend"
00:02.453  render           | Saved: '/Users/aaron_7nh0yzm/godwyn-boss-fight/renders/astra/v2_r3/front_pose_f27.png'
00:03.056  render           | Saved: '/Users/aaron_7nh0yzm/godwyn-boss-fight/renders/astra/v2_r3/front_pose_f36.png'
00:03.663  render           | Saved: '/Users/aaron_7nh0yzm/godwyn-boss-fight/renders/astra/v2_r3/front_pose_f40.png'
00:04.117  render           | Saved: '/Users/aaron_7nh0yzm/godwyn-boss-fight/renders/astra/v2_r3/front_pose_f46.png'
00:04.593  render           | Saved: '/Users/aaron_7nh0yzm/godwyn-boss-fight/renders/astra/v2_r3/front_pose_f53.png'
00:05.165  render           | Saved: '/Users/aaron_7nh0yzm/godwyn-boss-fight/renders/astra/v2_r3/front_pose_f57.png'
00:05.601  render           | Saved: '/Users/aaron_7nh0yzm/godwyn-boss-fight/renders/astra/v2_r3/front_pose_f64.png'
00:06.051  render           | Saved: '/Users/aaron_7nh0yzm/godwyn-boss-fight/renders/astra/v2_r3/front_pose_f90.png'
00:06.354  render           | Saved: '/Users/aaron_7nh0yzm/godwyn-boss-fight/renders/astra/v2_r3/contact_front/001.png'
00:06.664  render           | Saved: '/Users/aaron_7nh0yzm/godwyn-boss-fight/renders/astra/v2_r3/contact_front/013.png'
00:06.980  render           | Saved: '/Users/aaron_7nh0yzm/godwyn-boss-fight/renders/astra/v2_r3/contact_front/025.png'
00:07.315  render           | Saved: '/Users/aaron_7nh0yzm/godwyn-boss-fight/renders/astra/v2_r3/contact_front/031.png'
00:07.652  render           | Saved: '/Users/aaron_7nh0yzm/godwyn-boss-fight/renders/astra/v2_r3/contact_front/033.png'
00:07.974  render           | Saved: '/Users/aaron_7nh0yzm/godwyn-boss-fight/renders/astra/v2_r3/contact_front/035.png'
00:08.285  render           | Saved: '/Users/aaron_7nh0yzm/godwyn-boss-fight/renders/astra/v2_r3/contact_front/036.png'
00:08.615  render           | Saved: '/Users/aaron_7nh0yzm/godwyn-boss-fight/renders/astra/v2_r3/contact_front/037.png'
00:09.027  render           | Saved: '/Users/aaron_7nh0yzm/godwyn-boss-fight/renders/astra/v2_r3/contact_front/039.png'
00:09.459  render           | Saved: '/Users/aaron_7nh0yzm/godwyn-boss-fight/renders/astra/v2_r3/contact_front/040.png'
00:09.906  render           | Saved: '/Users/aaron_7nh0yzm/godwyn-boss-fight/renders/astra/v2_r3/contact_front/041.png'
00:10.318  render           | Saved: '/Users/aaron_7nh0yzm/godwyn-boss-fight/renders/astra/v2_r3/contact_front/043.png'
00:10.627  render           | Saved: '/Users/aaron_7nh0yzm/godwyn-boss-fight/renders/astra/v2_r3/contact_front/045.png'
00:10.933  render           | Saved: '/Users/aaron_7nh0yzm/godwyn-boss-fight/renders/astra/v2_r3/contact_front/046.png'
00:11.314  render           | Saved: '/Users/aaron_7nh0yzm/godwyn-boss-fight/renders/astra/v2_r3/contact_front/048.png'
00:11.618  render           | Saved: '/Users/aaron_7nh0yzm/godwyn-boss-fight/renders/astra/v2_r3/contact_front/050.png'
00:11.934  render           | Saved: '/Users/aaron_7nh0yzm/godwyn-boss-fight/renders/astra/v2_r3/contact_front/052.png'
00:12.273  render           | Saved: '/Users/aaron_7nh0yzm/godwyn-boss-fight/renders/astra/v2_r3/contact_front/054.png'
00:12.721  render           | Saved: '/Users/aaron_7nh0yzm/godwyn-boss-fight/renders/astra/v2_r3/contact_front/056.png'
00:13.147  render           | Saved: '/Users/aaron_7nh0yzm/godwyn-boss-fight/renders/astra/v2_r3/contact_front/057.png'
00:13.564  render           | Saved: '/Users/aaron_7nh0yzm/godwyn-boss-fight/renders/astra/v2_r3/contact_front/058.png'
00:13.997  render           | Saved: '/Users/aaron_7nh0yzm/godwyn-boss-fight/renders/astra/v2_r3/contact_front/060.png'
00:14.323  render           | Saved: '/Users/aaron_7nh0yzm/godwyn-boss-fight/renders/astra/v2_r3/contact_front/064.png'
00:14.639  render           | Saved: '/Users/aaron_7nh0yzm/godwyn-boss-fight/renders/astra/v2_r3/contact_front/070.png'
00:14.986  render           | Saved: '/Users/aaron_7nh0yzm/godwyn-boss-fight/renders/astra/v2_r3/contact_front/080.png'
00:15.327  render           | Saved: '/Users/aaron_7nh0yzm/godwyn-boss-fight/renders/astra/v2_r3/contact_front/090.png'
00:15.805  render           | Saved: '/Users/aaron_7nh0yzm/godwyn-boss-fight/renders/astra/v2_r3/three_quarter_pose_f27.png'
00:16.285  render           | Saved: '/Users/aaron_7nh0yzm/godwyn-boss-fight/renders/astra/v2_r3/three_quarter_pose_f36.png'
00:16.938  render           | Saved: '/Users/aaron_7nh0yzm/godwyn-boss-fight/renders/astra/v2_r3/three_quarter_pose_f40.png'
00:17.531  render           | Saved: '/Users/aaron_7nh0yzm/godwyn-boss-fight/renders/astra/v2_r3/three_quarter_pose_f46.png'
00:18.052  render           | Saved: '/Users/aaron_7nh0yzm/godwyn-boss-fight/renders/astra/v2_r3/three_quarter_pose_f53.png'
00:18.732  render           | Saved: '/Users/aaron_7nh0yzm/godwyn-boss-fight/renders/astra/v2_r3/three_quarter_pose_f57.png'
00:19.307  render           | Saved: '/Users/aaron_7nh0yzm/godwyn-boss-fight/renders/astra/v2_r3/three_quarter_pose_f64.png'
00:19.812  render           | Saved: '/Users/aaron_7nh0yzm/godwyn-boss-fight/renders/astra/v2_r3/three_quarter_pose_f90.png'
00:20.153  render           | Saved: '/Users/aaron_7nh0yzm/godwyn-boss-fight/renders/astra/v2_r3/contact_three_quarter/001.png'
00:20.475  render           | Saved: '/Users/aaron_7nh0yzm/godwyn-boss-fight/renders/astra/v2_r3/contact_three_quarter/013.png'
00:20.847  render           | Saved: '/Users/aaron_7nh0yzm/godwyn-boss-fight/renders/astra/v2_r3/contact_three_quarter/025.png'
00:21.184  render           | Saved: '/Users/aaron_7nh0yzm/godwyn-boss-fight/renders/astra/v2_r3/contact_three_quarter/031.png'
00:21.503  render           | Saved: '/Users/aaron_7nh0yzm/godwyn-boss-fight/renders/astra/v2_r3/contact_three_quarter/033.png'
00:21.852  render           | Saved: '/Users/aaron_7nh0yzm/godwyn-boss-fight/renders/astra/v2_r3/contact_three_quarter/035.png'
00:22.170  render           | Saved: '/Users/aaron_7nh0yzm/godwyn-boss-fight/renders/astra/v2_r3/contact_three_quarter/036.png'
00:22.501  render           | Saved: '/Users/aaron_7nh0yzm/godwyn-boss-fight/renders/astra/v2_r3/contact_three_quarter/037.png'
00:22.977  render           | Saved: '/Users/aaron_7nh0yzm/godwyn-boss-fight/renders/astra/v2_r3/contact_three_quarter/039.png'
00:23.445  render           | Saved: '/Users/aaron_7nh0yzm/godwyn-boss-fight/renders/astra/v2_r3/contact_three_quarter/040.png'
00:23.895  render           | Saved: '/Users/aaron_7nh0yzm/godwyn-boss-fight/renders/astra/v2_r3/contact_three_quarter/041.png'
00:24.339  render           | Saved: '/Users/aaron_7nh0yzm/godwyn-boss-fight/renders/astra/v2_r3/contact_three_quarter/043.png'
00:24.685  render           | Saved: '/Users/aaron_7nh0yzm/godwyn-boss-fight/renders/astra/v2_r3/contact_three_quarter/045.png'
00:25.032  render           | Saved: '/Users/aaron_7nh0yzm/godwyn-boss-fight/renders/astra/v2_r3/contact_three_quarter/046.png'
00:25.417  render           | Saved: '/Users/aaron_7nh0yzm/godwyn-boss-fight/renders/astra/v2_r3/contact_three_quarter/048.png'
00:25.804  render           | Saved: '/Users/aaron_7nh0yzm/godwyn-boss-fight/renders/astra/v2_r3/contact_three_quarter/050.png'
00:26.153  render           | Saved: '/Users/aaron_7nh0yzm/godwyn-boss-fight/renders/astra/v2_r3/contact_three_quarter/052.png'
00:26.477  render           | Saved: '/Users/aaron_7nh0yzm/godwyn-boss-fight/renders/astra/v2_r3/contact_three_quarter/054.png'
00:26.963  render           | Saved: '/Users/aaron_7nh0yzm/godwyn-boss-fight/renders/astra/v2_r3/contact_three_quarter/056.png'
00:27.433  render           | Saved: '/Users/aaron_7nh0yzm/godwyn-boss-fight/renders/astra/v2_r3/contact_three_quarter/057.png'
00:27.919  render           | Saved: '/Users/aaron_7nh0yzm/godwyn-boss-fight/renders/astra/v2_r3/contact_three_quarter/058.png'
00:28.366  render           | Saved: '/Users/aaron_7nh0yzm/godwyn-boss-fight/renders/astra/v2_r3/contact_three_quarter/060.png'
00:28.682  render           | Saved: '/Users/aaron_7nh0yzm/godwyn-boss-fight/renders/astra/v2_r3/contact_three_quarter/064.png'
00:29.010  render           | Saved: '/Users/aaron_7nh0yzm/godwyn-boss-fight/renders/astra/v2_r3/contact_three_quarter/070.png'
00:29.359  render           | Saved: '/Users/aaron_7nh0yzm/godwyn-boss-fight/renders/astra/v2_r3/contact_three_quarter/080.png'
00:29.704  render           | Saved: '/Users/aaron_7nh0yzm/godwyn-boss-fight/renders/astra/v2_r3/contact_three_quarter/090.png'
/Users/aaron_7nh0yzm/godwyn-boss-fight/scripts/astra_xslash_v2_render.py:41: DeprecationWarning: 'Material.use_nodes' is expected to be removed in Blender 6.0
  mat=bpy.data.materials.new('Astra V2 diagnostic');mat.diffuse_color=color;mat.use_nodes=True
00:30.595  render           | Saved: '/Users/aaron_7nh0yzm/godwyn-boss-fight/renders/astra/v2_r3/curved_paths_front.png'
00:31.226  render           | Saved: '/Users/aaron_7nh0yzm/godwyn-boss-fight/renders/astra/v2_r3/curved_paths_three_quarter.png'
ASTRA V2 RENDER COMPLETE /Users/aaron_7nh0yzm/godwyn-boss-fight/renders/astra/v2_r3
Blender 5.2.1 LTS (hash 9e2066aef7ef built 2026-08-25 01:35:57)

Blender quit
